    Checking maria v0.3.0 (/home/whale-d/maria)
error[E0433]: cannot find type `VcdWriter` in this scope
   --> src/simulator/engine/scheduler.rs:597:39
    |
597 | ...                   match VcdWriter::new(&path, design) {
    |                             ^^^^^^^^^ use of undeclared type `VcdWriter`
    |
help: consider importing this struct through its public re-export
    |
  1 + use crate::backend::waveform::VcdWriter;
    |

error[E0433]: cannot find type `VcdWriter` in this scope
    --> src/simulator/engine/scheduler.rs:2293:39
     |
2293 | ...                   match VcdWriter::new(&path, design) {
     |                             ^^^^^^^^^ use of undeclared type `VcdWriter`
     |
help: consider importing this struct through its public re-export
     |
   1 + use crate::backend::waveform::VcdWriter;
     |

error[E0433]: cannot find module or crate `parallel` in this scope
    --> src/simulator/engine/scheduler.rs:3241:31
     |
3241 |                         match parallel::evaluate_stmt_block_parallel(
     |                               ^^^^^^^^ use of unresolved module or unlinked crate `parallel`
     |
     = help: if you wanted to use a crate named `parallel`, use `cargo add parallel` to add it to your `Cargo.toml`
help: consider importing this module through its public re-export
     |
   1 + use crate::backend::simulator::parallel;
     |

warning: unused import: `crate::simulator::util::*`
 --> src/simulator/engine/core.rs:2:5
  |
2 | use crate::simulator::util::*;
  |     ^^^^^^^^^^^^^^^^^^^^^^^^^
  |
  = note: `#[warn(unused_imports)]` (part of `#[warn(unused)]`) on by default

warning: unused import: `crate::ast::*`
 --> src/simulator/engine/core.rs:3:5
  |
3 | use crate::ast::*;
  |     ^^^^^^^^^^^^^

warning: unused import: `crate::Symbol`
 --> src/simulator/engine/core.rs:6:5
  |
6 | use crate::Symbol;
  |     ^^^^^^^^^^^^^

warning: unused import: `crate::simulator::value::*`
  --> src/simulator/engine/core.rs:11:5
   |
11 | use crate::simulator::value::*;
   |     ^^^^^^^^^^^^^^^^^^^^^^^^^^

warning: unused import: `rand::Rng`
  --> src/simulator/engine/core.rs:14:5
   |
14 | use rand::Rng;
   |     ^^^^^^^^^

warning: unused import: `VecDeque`
  --> src/simulator/engine/core.rs:16:42
   |
16 | use std::collections::{HashMap, HashSet, VecDeque};
   |                                          ^^^^^^^^

warning: unused import: `std::io::Write`
  --> src/simulator/engine/core.rs:17:5
   |
17 | use std::io::Write;
   |     ^^^^^^^^^^^^^^

warning: unused import: `crate::ast::*`
 --> src/simulator/engine/scheduler.rs:3:5
  |
3 | use crate::ast::*;
  |     ^^^^^^^^^^^^^

warning: unused import: `crate::Symbol`
 --> src/simulator/engine/scheduler.rs:6:5
  |
6 | use crate::Symbol;
  |     ^^^^^^^^^^^^^

warning: unused import: `crate::simulator::state::SimulationState`
 --> src/simulator/engine/scheduler.rs:7:5
  |
7 | use crate::simulator::state::SimulationState;
  |     ^^^^^^^^^^^^^^^^^^^^^^^^^^^^^^^^^^^^^^^^

warning: unused import: `crate::simulator::value::*`
 --> src/simulator/engine/scheduler.rs:9:5
  |
9 | use crate::simulator::value::*;
  |     ^^^^^^^^^^^^^^^^^^^^^^^^^^

warning: unused imports: `HashSet` and `VecDeque`
  --> src/simulator/engine/scheduler.rs:12:33
   |
12 | use std::collections::{HashMap, HashSet, VecDeque};
   |                                 ^^^^^^^  ^^^^^^^^

warning: unused import: `crate::Symbol`
 --> src/simulator/engine/eval.rs:8:5
  |
8 | use crate::Symbol;
  |     ^^^^^^^^^^^^^

warning: unused import: `crate::simulator::state::SimulationState`
 --> src/simulator/engine/eval.rs:9:5
  |
9 | use crate::simulator::state::SimulationState;
  |     ^^^^^^^^^^^^^^^^^^^^^^^^^^^^^^^^^^^^^^^^

warning: unused import: `HashSet`
  --> src/simulator/engine/eval.rs:14:33
   |
14 | use std::collections::{HashMap, HashSet, VecDeque};
   |                                 ^^^^^^^

warning: unused import: `crate::Symbol`
 --> src/simulator/engine/uvm.rs:6:5
  |
6 | use crate::Symbol;
  |     ^^^^^^^^^^^^^

warning: unused import: `crate::simulator::parallel`
 --> src/simulator/engine/uvm.rs:7:5
  |
7 | use crate::simulator::parallel;
  |     ^^^^^^^^^^^^^^^^^^^^^^^^^^

warning: unused import: `crate::simulator::state::SimulationState`
 --> src/simulator/engine/uvm.rs:8:5
  |
8 | use crate::simulator::state::SimulationState;
  |     ^^^^^^^^^^^^^^^^^^^^^^^^^^^^^^^^^^^^^^^^

warning: unused import: `crate::simulator::value::*`
  --> src/simulator/engine/uvm.rs:10:5
   |
10 | use crate::simulator::value::*;
   |     ^^^^^^^^^^^^^^^^^^^^^^^^^^

warning: unused import: `crate::waveform::FstWaveWriter`
  --> src/simulator/engine/uvm.rs:11:5
   |
11 | use crate::waveform::FstWaveWriter;
   |     ^^^^^^^^^^^^^^^^^^^^^^^^^^^^^^

warning: unused import: `crate::waveform::VcdWriter`
  --> src/simulator/engine/uvm.rs:12:5
   |
12 | use crate::waveform::VcdWriter;
   |     ^^^^^^^^^^^^^^^^^^^^^^^^^^

warning: unused import: `rand::SeedableRng`
  --> src/simulator/engine/uvm.rs:14:5
   |
14 | use rand::SeedableRng;
   |     ^^^^^^^^^^^^^^^^^

warning: unused imports: `HashSet` and `VecDeque`
  --> src/simulator/engine/uvm.rs:15:33
   |
15 | use std::collections::{HashMap, HashSet, VecDeque};
   |                                 ^^^^^^^  ^^^^^^^^

warning: unused import: `std::io::Write`
  --> src/simulator/engine/uvm.rs:16:5
   |
16 | use std::io::Write;
   |     ^^^^^^^^^^^^^^

warning: unused import: `crate::simulator::types::*`
 --> src/simulator/engine/sequence.rs:4:5
  |
4 | use crate::simulator::types::*;
  |     ^^^^^^^^^^^^^^^^^^^^^^^^^^

warning: unused import: `crate::simulator::sdf::SdfData`
  --> src/simulator/engine/mod.rs:13:5
   |
13 | use crate::simulator::sdf::SdfData;
   |     ^^^^^^^^^^^^^^^^^^^^^^^^^^^^^^

warning: unused import: `std::io::Write`
  --> src/simulator/engine/mod.rs:24:5
   |
24 | use std::io::Write;
   |     ^^^^^^^^^^^^^^

error[E0308]: mismatched types
    --> src/simulator/engine/coverage.rs:70:40
     |
  70 |                 let entry = bins.entry(bin_key).or_insert(0);
     |                                  ----- ^^^^^^^ expected `u64`, found `String`
     |                                  |
     |                                  arguments to this method are incorrect
     |
help: the return type of this call is `String` due to the type of the argument passed
    --> src/simulator/engine/coverage.rs:70:29
     |
  70 |                 let entry = bins.entry(bin_key).or_insert(0);
     |                             ^^^^^^^^^^^-------^
     |                                        |
     |                                        this argument influences the return type of `entry`
note: method defined here
    --> /home/whale-d/.rustup/toolchains/nightly-x86_64-unknown-linux-gnu/lib/rustlib/src/rust/library/std/src/collections/hash/map.rs:1008:12
     |
1008 |     pub fn entry(&mut self, key: K) -> Entry<'_, K, V, A> {
     |            ^^^^^

error[E0308]: mismatched types
    --> src/simulator/engine/coverage.rs:90:40
     |
  90 |                 let entry = bins.entry(bin_key).or_insert(0);
     |                                  ----- ^^^^^^^ expected `u64`, found `String`
     |                                  |
     |                                  arguments to this method are incorrect
     |
help: the return type of this call is `String` due to the type of the argument passed
    --> src/simulator/engine/coverage.rs:90:29
     |
  90 |                 let entry = bins.entry(bin_key).or_insert(0);
     |                             ^^^^^^^^^^^-------^
     |                                        |
     |                                        this argument influences the return type of `entry`
note: method defined here
    --> /home/whale-d/.rustup/toolchains/nightly-x86_64-unknown-linux-gnu/lib/rustlib/src/rust/library/std/src/collections/hash/map.rs:1008:12
     |
1008 |     pub fn entry(&mut self, key: K) -> Entry<'_, K, V, A> {
     |            ^^^^^

error[E0308]: mismatched types
   --> src/simulator/engine/coverage.rs:182:40
    |
182 | ...                   escape_xml(bin_key),
    |                       ---------- ^^^^^^^ expected `&str`, found `&u64`
    |                       |
    |                       arguments to this function are incorrect
    |
    = note: expected reference `&str`
               found reference `&u64`
note: function defined here
   --> src/simulator/util.rs:440:8
    |
440 | pub fn escape_xml(s: &str) -> String {
    |        ^^^^^^^^^^ -------

error[E0308]: mismatched types
   --> src/simulator/engine/coverage.rs:206:40
    |
206 | ...                   escape_xml(bin_key),
    |                       ---------- ^^^^^^^ expected `&str`, found `&u64`
    |                       |
    |                       arguments to this function are incorrect
    |
    = note: expected reference `&str`
               found reference `&u64`
note: function defined here
   --> src/simulator/util.rs:440:8
    |
440 | pub fn escape_xml(s: &str) -> String {
    |        ^^^^^^^^^^ -------

error[E0308]: mismatched types
    --> src/simulator/engine/debug.rs:30:39
     |
  30 |             let id = self.find_signal(&sig.name);
     |                           ----------- ^^^^^^^^^ expected `&str`, found `&Symbol`
     |                           |
     |                           arguments to this method are incorrect
     |
     = note: expected reference `&str`
                found reference `&string_intern::Symbol`
note: method defined here
    --> src/simulator/engine/eval.rs:2850:19
     |
2850 |     pub(crate) fn find_signal(&self, name: &str) -> Option<usize> {
     |                   ^^^^^^^^^^^        ----------

error[E0308]: mismatched types
    --> src/simulator/engine/debug.rs:34:28
     |
  34 |                     .entry(sig.name.clone())
     |                      ----- ^^^^^^^^^^^^^^^^ expected `String`, found `Symbol`
     |                      |
     |                      arguments to this method are incorrect
     |
help: the return type of this call is `string_intern::Symbol` due to the type of the argument passed
    --> src/simulator/engine/debug.rs:33:17
     |
  33 | /                 self.signal_history
  34 | |                     .entry(sig.name.clone())
     | |____________________________----------------^
     |                              |
     |                              this argument influences the return type of `entry`
note: method defined here
    --> /home/whale-d/.rustup/toolchains/nightly-x86_64-unknown-linux-gnu/lib/rustlib/src/rust/library/std/src/collections/hash/map.rs:1008:12
     |
1008 |     pub fn entry(&mut self, key: K) -> Entry<'_, K, V, A> {
     |            ^^^^^
help: try using a conversion method
     |
  34 -                     .entry(sig.name.clone())
  34 +                     .entry(sig.name.to_string())
     |

error[E0271]: expected `new` to return `Vec<(u64, LogicVec)>`, but it returns `VecDeque<_>`
    --> src/simulator/engine/debug.rs:35:37
     |
  35 |                     .or_insert_with(VecDeque::new)
     |                      -------------- ^^^^^^^^^^^^^ expected `Vec<(u64, LogicVec)>`, found `VecDeque<_>`
     |                      |
     |                      required by a bound introduced by this call
     |
     = note: expected struct `Vec<(u64, ir::ir::LogicVec)>`
                found struct `VecDeque<_>`
note: required by a bound in `std::collections::hash_map::Entry::<'a, K, V, A>::or_insert_with`
    --> /home/whale-d/.rustup/toolchains/nightly-x86_64-unknown-linux-gnu/lib/rustlib/src/rust/library/std/src/collections/hash/map.rs:2544:42
     |
2544 | ...insert_with<F: FnOnce() -> V>(self, default: F) -> &'a mut V {
     |                               ^ required by this bound in `Entry::<'a, K, V, A>::or_insert_with`

error[E0599]: no method named `push_back` found for mutable reference `&mut Vec<(u64, ir::ir::LogicVec)>` in the current scope
  --> src/simulator/engine/debug.rs:36:22
   |
33 | /                 self.signal_history
34 | |                     .entry(sig.name.clone())
35 | |                     .or_insert_with(VecDeque::new)
36 | |                     .push_back((time, val));
   | |_____________________-^^^^^^^^^
   |
help: there is a method `push` with a similar name
   |
36 -                     .push_back((time, val));
36 +                     .push((time, val));
   |

error[E0277]: the trait bound `String: Borrow<string_intern::Symbol>` is not satisfied
    --> src/simulator/engine/debug.rs:37:61
     |
  37 |                 if let Some(hist) = self.signal_history.get(&sig.name) {
     |                                                         --- ^^^^^^^^^ the trait `Borrow<string_intern::Symbol>` is not implemented for `String`
     |                                                         |
     |                                                         required by a bound introduced by this call
     |
help: the trait `Borrow<string_intern::Symbol>` is not implemented for `String`
      but trait `Borrow<str>` is implemented for it
    --> /home/whale-d/.rustup/toolchains/nightly-x86_64-unknown-linux-gnu/lib/rustlib/src/rust/library/alloc/src/str.rs:212:1
     |
 212 | impl Borrow<str> for String {
     | ^^^^^^^^^^^^^^^^^^^^^^^^^^^
     = help: for that trait implementation, expected `str`, found `string_intern::Symbol`
note: required by a bound in `HashMap::<K, V, S, A>::get`
    --> /home/whale-d/.rustup/toolchains/nightly-x86_64-unknown-linux-gnu/lib/rustlib/src/rust/library/std/src/collections/hash/map.rs:1032:12
     |
1030 |     pub fn get<Q: ?Sized>(&self, k: &Q) -> Option<&V>
     |            --- required by a bound in this associated function
1031 |     where
1032 |         K: Borrow<Q>,
     |            ^^^^^^^^^ required by this bound in `HashMap::<K, V, S, A>::get`

error[E0277]: the trait bound `String: Borrow<string_intern::Symbol>` is not satisfied
    --> src/simulator/engine/debug.rs:39:53
     |
  39 | ...elf.signal_history.get_mut(&sig.name).unwrap().pop_front();
     |                       ------- ^^^^^^^^^ the trait `Borrow<string_intern::Symbol>` is not implemented for `String`
     |                       |
     |                       required by a bound introduced by this call
     |
help: the trait `Borrow<string_intern::Symbol>` is not implemented for `String`
      but trait `Borrow<str>` is implemented for it
    --> /home/whale-d/.rustup/toolchains/nightly-x86_64-unknown-linux-gnu/lib/rustlib/src/rust/library/alloc/src/str.rs:212:1
     |
 212 | impl Borrow<str> for String {
     | ^^^^^^^^^^^^^^^^^^^^^^^^^^^
     = help: for that trait implementation, expected `str`, found `string_intern::Symbol`
note: required by a bound in `HashMap::<K, V, S, A>::get_mut`
    --> /home/whale-d/.rustup/toolchains/nightly-x86_64-unknown-linux-gnu/lib/rustlib/src/rust/library/std/src/collections/hash/map.rs:1294:12
     |
1292 |     pub fn get_mut<Q: ?Sized>(&mut self, k: &Q) -> Option<&mut V>
     |            ------- required by a bound in this associated function
1293 |     where
1294 |         K: Borrow<Q>,
     |            ^^^^^^^^^ required by this bound in `HashMap::<K, V, S, A>::get_mut`

error[E0599]: no method named `pop_front` found for mutable reference `&mut Vec<(u64, ir::ir::LogicVec)>` in the current scope
  --> src/simulator/engine/debug.rs:39:73
   |
39 | ...ut(&sig.name).unwrap().pop_front();
   |                           ^^^^^^^^^ method not found in `&mut Vec<(u64, ir::ir::LogicVec)>`

error[E0624]: method `check_timing_constraints` is private
    --> src/simulator/engine/core.rs:332:18
     |
 332 |             self.check_timing_constraints()?;
     |                  ^^^^^^^^^^^^^^^^^^^^^^^^ private method
     |
    ::: src/simulator/engine/eval.rs:1823:5
     |
1823 |     fn check_timing_constraints(&mut self) -> Result<(), SimError> {
     |     -------------------------------------------------------------- private method defined here

error[E0624]: method `evaluate_stmt_block` is private
    --> src/simulator/engine/core.rs:485:18
     |
 485 |             self.evaluate_stmt_block(body)?;
     |                  ^^^^^^^^^^^^^^^^^^^ private method
     |
    ::: src/simulator/engine/scheduler.rs:2125:5
     |
2125 |     fn evaluate_stmt_block(&mut self, stmts: &[IrStmt]) -> Result<(), SimError> {
     |     --------------------------------------------------------------------------- private method defined here

error[E0308]: mismatched types
  --> src/simulator/engine/scheduler.rs:17:29
   |
17 |         self.current_time = t;
   |         -----------------   ^ expected `u64`, found `usize`
   |         |
   |         expected due to the type of this binding

error[E0609]: no field `status` on type `&mut simulator::types::ProcessStatus`
  --> src/simulator/engine/scheduler.rs:62:39
   |
62 | ...                   if pi.status == ProcessStatus::Running {
   |                             ^^^^^^ unknown field

error[E0609]: no field `status` on type `&mut simulator::types::ProcessStatus`
  --> src/simulator/engine/scheduler.rs:63:40
   |
63 | ...                   pi.status = ProcessStatus::Finished;
   |                          ^^^^^^ unknown field

error[E0609]: no field `await_continuations` on type `&mut simulator::types::ProcessStatus`
  --> src/simulator/engine/scheduler.rs:64:72
   |
64 | ...mem::take(&mut pi.await_continuations);
   |                      ^^^^^^^^^^^^^^^^^^^ unknown field

error[E0277]: the size for values of type `[ir::ir::IrStmt]` cannot be known at compilation time
  --> src/simulator/engine/scheduler.rs:65:41
   |
65 | ...                   for c in conts {
   |                           ^ doesn't have a size known at compile-time
   |
   = help: the trait `Sized` is not implemented for `[ir::ir::IrStmt]`
   = note: all local variables must have a statically known size

error[E0277]: the size for values of type `[ir::ir::IrStmt]` cannot be known at compilation time
   --> src/simulator/engine/scheduler.rs:65:37
    |
 65 | / ...                   for c in conts {
 66 | | ...                       self.evaluate_block_with_delay(&c)?;
 67 | | ...                   }
    | |_______________________^ doesn't have a size known at compile-time
    |
    = help: the trait `Sized` is not implemented for `[ir::ir::IrStmt]`
note: required by an implicit `Sized` bound in `Option`
   --> /home/whale-d/.rustup/toolchains/nightly-x86_64-unknown-linux-gnu/lib/rustlib/src/rust/library/core/src/option.rs:597:17
    |
597 | pub enum Option<T> {
    |                 ^ required by the implicit `Sized` requirement on this type parameter in `Option`

error[E0308]: mismatched types
   --> src/simulator/engine/scheduler.rs:135:64
    |
135 |                     if self.disable_pending.as_deref() == Some(name) {
    |                                                           ---- ^^^^ expected `&str`, found `&Symbol`
    |                                                           |
    |                                                           arguments to this enum variant are incorrect
    |
    = note: expected reference `&str`
               found reference `&string_intern::Symbol`
help: the type constructed contains `&string_intern::Symbol` due to the type of the argument passed
   --> src/simulator/engine/scheduler.rs:135:59
    |
135 |                     if self.disable_pending.as_deref() == Some(name) {
    |                                                           ^^^^^----^
    |                                                                |
    |                                                                this argument influences the type of `Some`
note: tuple variant defined here
   --> /home/whale-d/.rustup/toolchains/nightly-x86_64-unknown-linux-gnu/lib/rustlib/src/rust/library/core/src/option.rs:605:5
    |
605 |     Some(#[stable(feature = "rust1", since = "1.0.0")] T),
    |     ^^^^

error[E0277]: can't compare `String` with `string_intern::Symbol`
   --> src/simulator/engine/scheduler.rs:142:30
    |
142 |                         if n == name {
    |                              ^^ no implementation for `String == string_intern::Symbol`
    |
    = help: the trait `PartialEq<string_intern::Symbol>` is not implemented for `String`
    = help: `String` implements trait `PartialEq<Rhs>`:
              PartialEq<&str>
              PartialEq<ByteStr>
              PartialEq<ByteString>
              PartialEq<Cow<'_, str>>
              PartialEq<Path>
              PartialEq<PathBuf>
              PartialEq<clap::Id>
              PartialEq<clap::builder::OsStr>
            and 3 others
    = note: required for `&String` to implement `PartialEq<&string_intern::Symbol>`

error[E0624]: method `eval_assign_rhs` is private
   --> src/simulator/engine/scheduler.rs:197:40
    |
197 |                         let val = self.eval_assign_rhs(rhs, lhs)?;
    |                                        ^^^^^^^^^^^^^^^ private method
    |
   ::: src/simulator/engine/eval.rs:18:5
    |
 18 |     fn eval_assign_rhs(&mut self, expr: &IrExpr, lhs: &IrLValue) -> Result<LogicVec, SimError> {
    |     ------------------------------------------------------------------------------------------ private method defined here

error[E0624]: method `write_lvalue` is private
    --> src/simulator/engine/scheduler.rs:198:30
     |
 198 |                         self.write_lvalue(lhs, val)?;
     |                              ^^^^^^^^^^^^ private method
     |
    ::: src/simulator/engine/eval.rs:1651:5
     |
1651 |     fn write_lvalue(&mut self, lvalue: &IrLValue, mut val: LogicVec) -> Result<(), SimError> {
     |     ---------------------------------------------------------------------------------------- private method defined here

error[E0624]: method `eval_assign_rhs` is private
   --> src/simulator/engine/scheduler.rs:203:40
    |
203 |                         let val = self.eval_assign_rhs(rhs, lhs)?;
    |                                        ^^^^^^^^^^^^^^^ private method
    |
   ::: src/simulator/engine/eval.rs:18:5
    |
 18 |     fn eval_assign_rhs(&mut self, expr: &IrExpr, lhs: &IrLValue) -> Result<LogicVec, SimError> {
    |     ------------------------------------------------------------------------------------------ private method defined here

error[E0624]: method `eval_assign_rhs` is private
   --> src/simulator/engine/scheduler.rs:208:36
    |
208 |                     let val = self.eval_assign_rhs(rhs, lvalue)?;
    |                                    ^^^^^^^^^^^^^^^ private method
    |
   ::: src/simulator/engine/eval.rs:18:5
    |
 18 |     fn eval_assign_rhs(&mut self, expr: &IrExpr, lhs: &IrLValue) -> Result<LogicVec, SimError> {
    |     ------------------------------------------------------------------------------------------ private method defined here

error[E0624]: method `write_lvalue` is private
    --> src/simulator/engine/scheduler.rs:209:26
     |
 209 |                     self.write_lvalue(lvalue, val)?;
     |                          ^^^^^^^^^^^^ private method
     |
    ::: src/simulator/engine/eval.rs:1651:5
     |
1651 |     fn write_lvalue(&mut self, lvalue: &IrLValue, mut val: LogicVec) -> Result<(), SimError> {
     |     ---------------------------------------------------------------------------------------- private method defined here

error[E0308]: mismatched types
   --> src/simulator/engine/scheduler.rs:285:49
    |
285 |                     self.disable_pending = Some(name.clone());
    |                                            ---- ^^^^^^^^^^^^ expected `String`, found `Symbol`
    |                                            |
    |                                            arguments to this enum variant are incorrect
    |
help: the type constructed contains `string_intern::Symbol` due to the type of the argument passed
   --> src/simulator/engine/scheduler.rs:285:44
    |
285 |                     self.disable_pending = Some(name.clone());
    |                                            ^^^^^------------^
    |                                                 |
    |                                                 this argument influences the type of `Some`
note: tuple variant defined here
   --> /home/whale-d/.rustup/toolchains/nightly-x86_64-unknown-linux-gnu/lib/rustlib/src/rust/library/core/src/option.rs:605:5
    |
605 |     Some(#[stable(feature = "rust1", since = "1.0.0")] T),
    |     ^^^^
help: try using a conversion method
    |
285 -                     self.disable_pending = Some(name.clone());
285 +                     self.disable_pending = Some(name.to_string());
    |

error[E0308]: mismatched types
    --> src/simulator/engine/scheduler.rs:946:85
     |
 946 | ...ge_options.insert("control".to_string(), bitmask);
     |               ------                        ^^^^^^^ expected `String`, found `u64`
     |               |
     |               arguments to this method are incorrect
     |
help: the return type of this call is `u64` due to the type of the argument passed
    --> src/simulator/engine/scheduler.rs:946:33
     |
 946 | ...   self.coverage_options.insert("control".to_string(), bitmask);
     |       ^^^^^^^^^^^^^^^^^^^^^^^^^^^^^^^^^^^^^^^^^^^^^^^^^^^^-------^
     |                                                           |
     |                                                           this argument influences the return type of `insert`
note: method defined here
    --> /home/whale-d/.rustup/toolchains/nightly-x86_64-unknown-linux-gnu/lib/rustlib/src/rust/library/std/src/collections/hash/map.rs:1328:12
     |
1328 |     pub fn insert(&mut self, k: K, v: V) -> Option<V> {
     |            ^^^^^^
help: try using a conversion method
     |
 946 |                                 self.coverage_options.insert("control".to_string(), bitmask.to_string());
     |                                                                                            ++++++++++++

error[E0308]: mismatched types
    --> src/simulator/engine/scheduler.rs:1010:37
     |
1010 | ...                   h
     |                       ^ expected `u32`, found `usize`
     |
help: you can convert a `usize` to a `u32` and panic if the converted value doesn't fit
     |
1010 |                                     h.try_into().unwrap()
     |                                      ++++++++++++++++++++

error[E0308]: mismatched types
    --> src/simulator/engine/scheduler.rs:1015:37
     |
1015 | ...                   h
     |                       ^ expected `u32`, found `usize`
     |
help: you can convert a `usize` to a `u32` and panic if the converted value doesn't fit
     |
1015 |                                     h.try_into().unwrap()
     |                                      ++++++++++++++++++++

error[E0308]: mismatched types
    --> src/simulator/engine/scheduler.rs:1030:33
     |
1030 | ...                   h
     |                       ^ expected `u32`, found `usize`
     |
help: you can convert a `usize` to a `u32` and panic if the converted value doesn't fit
     |
1030 |                                 h.try_into().unwrap()
     |                                  ++++++++++++++++++++

error[E0308]: mismatched types
    --> src/simulator/engine/scheduler.rs:1034:71
     |
1034 | ..._model_handles.insert(h, first_cg.name.clone());
     |                   ------    ^^^^^^^^^^^^^^^^^^^^^ expected `String`, found `Symbol`
     |                   |
     |                   arguments to this method are incorrect
     |
help: the return type of this call is `string_intern::Symbol` due to the type of the argument passed
    --> src/simulator/engine/scheduler.rs:1034:33
     |
1034 | ...   self.coverage_model_handles.insert(h, first_cg.name.clone());
     |       ^^^^^^^^^^^^^^^^^^^^^^^^^^^^^^^^^^^^^^---------------------^
     |                                             |
     |                                             this argument influences the return type of `insert`
note: method defined here
    --> /home/whale-d/.rustup/toolchains/nightly-x86_64-unknown-linux-gnu/lib/rustlib/src/rust/library/std/src/collections/hash/map.rs:1328:12
     |
1328 |     pub fn insert(&mut self, k: K, v: V) -> Option<V> {
     |            ^^^^^^
help: try using a conversion method
     |
1034 -                                 self.coverage_model_handles.insert(h, first_cg.name.clone());
1034 +                                 self.coverage_model_handles.insert(h, first_cg.name.to_string());
     |

error[E0308]: mismatched types
    --> src/simulator/engine/scheduler.rs:1035:33
     |
1035 | ...                   h
     |                       ^ expected `u32`, found `usize`
     |
help: you can convert a `usize` to a `u32` and panic if the converted value doesn't fit
     |
1035 |                                 h.try_into().unwrap()
     |                                  ++++++++++++++++++++

error[E0609]: no field `status` on type `&mut simulator::types::ProcessStatus`
    --> src/simulator/engine/scheduler.rs:1186:31
     |
1186 |                         if pi.status == ProcessStatus::Running
     |                               ^^^^^^ unknown field

error[E0609]: no field `status` on type `&mut simulator::types::ProcessStatus`
    --> src/simulator/engine/scheduler.rs:1187:35
     |
1187 | ...                   || pi.status == ProcessStatus::Waiting
     |                             ^^^^^^ unknown field

error[E0609]: no field `status` on type `&mut simulator::types::ProcessStatus`
    --> src/simulator/engine/scheduler.rs:1189:32
     |
1189 | ...                   pi.status = ProcessStatus::Finished;
     |                          ^^^^^^ unknown field

error[E0624]: method `evaluate_array_method` is private
    --> src/simulator/engine/scheduler.rs:1513:46
     |
1513 |   ...                   let _ = self.evaluate_array_method(
     |                                      ^^^^^^^^^^^^^^^^^^^^^ private method
     |
    ::: src/simulator/engine/uvm.rs:1712:5
     |
1712 | /     fn evaluate_array_method(
1713 | |         &mut self,
1714 | |         sig_id: SignalId,
1715 | |         sig: &SignalInfo,
...    |
1718 | |         with_clause: Option<&IrExpr>,
1719 | |     ) -> Result<LogicVec, SimError> {
     | |___________________________________- private method defined here

error[E0308]: `if` and `else` have incompatible types
    --> src/simulator/engine/scheduler.rs:1535:45
     |
1532 |   ...                   let class_for_obj = if is_cg {
     |  ___________________________________________-
1533 | | ...                       format!("__covergroup_{}", cn)
     | |                           ------------------------------ expected because of this
1534 | | ...                   } else {
1535 | | ...                       cn.clone()
     | |                           ^^^^^^^^^^ expected `String`, found `Symbol`
1536 | | ...                   };
     | |_______________________- `if` and `else` have incompatible types
     |
help: try using a conversion method
     |
1535 -                                             cn.clone()
1535 +                                             cn.to_string()
     |

error[E0624]: method `execute_method` is private
    --> src/simulator/engine/scheduler.rs:1546:46
     |
1546 |   ...                   self.execute_method(new_id, method, &arg_vals)?;
     |                              ^^^^^^^^^^^^^^ private method
     |
    ::: src/simulator/engine/uvm.rs:285:5
     |
 285 | /     fn execute_method(
 286 | |         &mut self,
 287 | |         obj_id: ObjId,
 288 | |         method: &str,
 289 | |         args: &[LogicVec],
 290 | |     ) -> Result<LogicVec, SimError> {
     | |___________________________________- private method defined here

error[E0624]: method `execute_method` is private
    --> src/simulator/engine/scheduler.rs:1559:26
     |
1559 |                       self.execute_method(obj_id, method, &arg_vals)?;
     |                            ^^^^^^^^^^^^^^ private method
     |
    ::: src/simulator/engine/uvm.rs:285:5
     |
 285 | /     fn execute_method(
 286 | |         &mut self,
 287 | |         obj_id: ObjId,
 288 | |         method: &str,
 289 | |         args: &[LogicVec],
 290 | |     ) -> Result<LogicVec, SimError> {
     | |___________________________________- private method defined here

error[E0609]: no field `await_continuations` on type `&mut simulator::types::ProcessStatus`
    --> src/simulator/engine/scheduler.rs:1637:24
     |
1637 |                     pi.await_continuations.push(cont);
     |                        ^^^^^^^^^^^^^^^^^^^ unknown field

error[E0308]: mismatched types
    --> src/simulator/engine/scheduler.rs:1666:64
     |
1666 |                     if self.disable_pending.as_deref() == Some(name) {
     |                                                           ---- ^^^^ expected `&str`, found `&Symbol`
     |                                                           |
     |                                                           arguments to this enum variant are incorrect
     |
     = note: expected reference `&str`
                found reference `&string_intern::Symbol`
help: the type constructed contains `&string_intern::Symbol` due to the type of the argument passed
    --> src/simulator/engine/scheduler.rs:1666:59
     |
1666 |                     if self.disable_pending.as_deref() == Some(name) {
     |                                                           ^^^^^----^
     |                                                                |
     |                                                                this argument influences the type of `Some`
note: tuple variant defined here
    --> /home/whale-d/.rustup/toolchains/nightly-x86_64-unknown-linux-gnu/lib/rustlib/src/rust/library/core/src/option.rs:605:5
     |
 605 |     Some(#[stable(feature = "rust1", since = "1.0.0")] T),
     |     ^^^^

error[E0277]: can't compare `String` with `string_intern::Symbol`
    --> src/simulator/engine/scheduler.rs:1673:30
     |
1673 |                         if n == name {
     |                              ^^ no implementation for `String == string_intern::Symbol`
     |
     = help: the trait `PartialEq<string_intern::Symbol>` is not implemented for `String`
     = help: `String` implements trait `PartialEq<Rhs>`:
               PartialEq<&str>
               PartialEq<ByteStr>
               PartialEq<ByteString>
               PartialEq<Cow<'_, str>>
               PartialEq<Path>
               PartialEq<PathBuf>
               PartialEq<clap::Id>
               PartialEq<clap::builder::OsStr>
             and 3 others
     = note: required for `&String` to implement `PartialEq<&string_intern::Symbol>`

error[E0624]: method `evaluate_ast_expr` is private
    --> src/simulator/engine/scheduler.rs:1680:36
     |
1680 |                     let val = self.evaluate_ast_expr(rhs)?;
     |                                    ^^^^^^^^^^^^^^^^^ private method
     |
    ::: src/simulator/engine/eval.rs:2257:5
     |
2257 |     fn evaluate_ast_expr(&mut self, expr: &Expr) -> Result<LogicVec, SimError> {
     |     -------------------------------------------------------------------------- private method defined here

error[E0624]: method `write_ast_lvalue` is private
    --> src/simulator/engine/scheduler.rs:1681:26
     |
1681 |                     self.write_ast_lvalue(lhs, val)?;
     |                          ^^^^^^^^^^^^^^^^ private method
     |
    ::: src/simulator/engine/eval.rs:2176:5
     |
2176 |     fn write_ast_lvalue(&mut self, lhs: &crate::ast::Expr, val: LogicVec) -> Result<(), SimError> {
     |     --------------------------------------------------------------------------------------------- private method defined here

error[E0624]: method `evaluate_ast_expr` is private
    --> src/simulator/engine/scheduler.rs:1684:36
     |
1684 |                     let val = self.evaluate_ast_expr(rhs)?;
     |                                    ^^^^^^^^^^^^^^^^^ private method
     |
    ::: src/simulator/engine/eval.rs:2257:5
     |
2257 |     fn evaluate_ast_expr(&mut self, expr: &Expr) -> Result<LogicVec, SimError> {
     |     -------------------------------------------------------------------------- private method defined here

error[E0624]: method `ast_lvalue_to_ir` is private
    --> src/simulator/engine/scheduler.rs:1686:47
     |
1686 |                     if let Some(ir_lv) = self.ast_lvalue_to_ir(lhs) {
     |                                               ^^^^^^^^^^^^^^^^ private method
     |
    ::: src/simulator/engine/eval.rs:2199:5
     |
2199 |     fn ast_lvalue_to_ir(&self, lhs: &crate::ast::Expr) -> Option<IrLValue> {
     |     ---------------------------------------------------------------------- private method defined here

error[E0624]: method `write_ast_lvalue` is private
    --> src/simulator/engine/scheduler.rs:1689:30
     |
1689 |                         self.write_ast_lvalue(lhs, val)?;
     |                              ^^^^^^^^^^^^^^^^ private method
     |
    ::: src/simulator/engine/eval.rs:2176:5
     |
2176 |     fn write_ast_lvalue(&mut self, lhs: &crate::ast::Expr, val: LogicVec) -> Result<(), SimError> {
     |     --------------------------------------------------------------------------------------------- private method defined here

error[E0624]: method `evaluate_ast_expr` is private
    --> src/simulator/engine/scheduler.rs:1697:41
     |
1697 |                     let cond_val = self.evaluate_ast_expr(cond)?;
     |                                         ^^^^^^^^^^^^^^^^^ private method
     |
    ::: src/simulator/engine/eval.rs:2257:5
     |
2257 |     fn evaluate_ast_expr(&mut self, expr: &Expr) -> Result<LogicVec, SimError> {
     |     -------------------------------------------------------------------------- private method defined here

error[E0624]: method `evaluate_ast_expr` is private
    --> src/simulator/engine/scheduler.rs:1709:41
     |
1709 |                     let case_val = self.evaluate_ast_expr(expr)?;
     |                                         ^^^^^^^^^^^^^^^^^ private method
     |
    ::: src/simulator/engine/eval.rs:2257:5
     |
2257 |     fn evaluate_ast_expr(&mut self, expr: &Expr) -> Result<LogicVec, SimError> {
     |     -------------------------------------------------------------------------- private method defined here

error[E0624]: method `evaluate_ast_expr` is private
    --> src/simulator/engine/scheduler.rs:1714:48
     |
1714 | ...                   let pat_val = self.evaluate_ast_expr(pat)?;
     |                                          ^^^^^^^^^^^^^^^^^ private method
     |
    ::: src/simulator/engine/eval.rs:2257:5
     |
2257 |     fn evaluate_ast_expr(&mut self, expr: &Expr) -> Result<LogicVec, SimError> {
     |     -------------------------------------------------------------------------- private method defined here

error[E0624]: method `evaluate_ast_expr` is private
    --> src/simulator/engine/scheduler.rs:1743:41
     |
1743 |                     let case_val = self.evaluate_ast_expr(expr)?;
     |                                         ^^^^^^^^^^^^^^^^^ private method
     |
    ::: src/simulator/engine/eval.rs:2257:5
     |
2257 |     fn evaluate_ast_expr(&mut self, expr: &Expr) -> Result<LogicVec, SimError> {
     |     -------------------------------------------------------------------------- private method defined here

error[E0624]: method `evaluate_ast_expr` is private
    --> src/simulator/engine/scheduler.rs:1747:48
     |
1747 | ...                   let pat_val = self.evaluate_ast_expr(pat)?;
     |                                          ^^^^^^^^^^^^^^^^^ private method
     |
    ::: src/simulator/engine/eval.rs:2257:5
     |
2257 |     fn evaluate_ast_expr(&mut self, expr: &Expr) -> Result<LogicVec, SimError> {
     |     -------------------------------------------------------------------------- private method defined here

error[E0624]: method `evaluate_ast_expr` is private
    --> src/simulator/engine/scheduler.rs:1772:41
     |
1772 |                     let case_val = self.evaluate_ast_expr(expr)?;
     |                                         ^^^^^^^^^^^^^^^^^ private method
     |
    ::: src/simulator/engine/eval.rs:2257:5
     |
2257 |     fn evaluate_ast_expr(&mut self, expr: &Expr) -> Result<LogicVec, SimError> {
     |     -------------------------------------------------------------------------- private method defined here

error[E0624]: method `evaluate_ast_expr` is private
    --> src/simulator/engine/scheduler.rs:1776:48
     |
1776 | ...                   let pat_val = self.evaluate_ast_expr(pat)?;
     |                                          ^^^^^^^^^^^^^^^^^ private method
     |
    ::: src/simulator/engine/eval.rs:2257:5
     |
2257 |     fn evaluate_ast_expr(&mut self, expr: &Expr) -> Result<LogicVec, SimError> {
     |     -------------------------------------------------------------------------- private method defined here

error[E0624]: method `evaluate_ast_expr` is private
    --> src/simulator/engine/scheduler.rs:1821:41
     |
1821 |                     let cond_val = self.evaluate_ast_expr(cond)?;
     |                                         ^^^^^^^^^^^^^^^^^ private method
     |
    ::: src/simulator/engine/eval.rs:2257:5
     |
2257 |     fn evaluate_ast_expr(&mut self, expr: &Expr) -> Result<LogicVec, SimError> {
     |     -------------------------------------------------------------------------- private method defined here

error[E0624]: method `evaluate_ast_expr` is private
    --> src/simulator/engine/scheduler.rs:1850:41
     |
1850 |                     let cond_val = self.evaluate_ast_expr(cond)?;
     |                                         ^^^^^^^^^^^^^^^^^ private method
     |
    ::: src/simulator/engine/eval.rs:2257:5
     |
2257 |     fn evaluate_ast_expr(&mut self, expr: &Expr) -> Result<LogicVec, SimError> {
     |     -------------------------------------------------------------------------- private method defined here

error[E0624]: method `evaluate_ast_expr` is private
    --> src/simulator/engine/scheduler.rs:1873:43
     |
1873 | ...                   let cv = self.evaluate_ast_expr(c)?;
     |                                     ^^^^^^^^^^^^^^^^^ private method
     |
    ::: src/simulator/engine/eval.rs:2257:5
     |
2257 |     fn evaluate_ast_expr(&mut self, expr: &Expr) -> Result<LogicVec, SimError> {
     |     -------------------------------------------------------------------------- private method defined here

error[E0624]: method `evaluate_ast_expr` is private
    --> src/simulator/engine/scheduler.rs:1901:42
     |
1901 |                     let count_val = self.evaluate_ast_expr(count)?;
     |                                          ^^^^^^^^^^^^^^^^^ private method
     |
    ::: src/simulator/engine/eval.rs:2257:5
     |
2257 |     fn evaluate_ast_expr(&mut self, expr: &Expr) -> Result<LogicVec, SimError> {
     |     -------------------------------------------------------------------------- private method defined here

error[E0624]: method `evaluate_ast_expr` is private
    --> src/simulator/engine/scheduler.rs:1922:42
     |
1922 |                     let delay_val = self.evaluate_ast_expr(delay)?;
     |                                          ^^^^^^^^^^^^^^^^^ private method
     |
    ::: src/simulator/engine/eval.rs:2257:5
     |
2257 |     fn evaluate_ast_expr(&mut self, expr: &Expr) -> Result<LogicVec, SimError> {
     |     -------------------------------------------------------------------------- private method defined here

error[E0624]: method `find_ast_signal_id` is private
    --> src/simulator/engine/scheduler.rs:1953:56
     |
1953 | ...                   if let Some(id) = self.find_ast_signal_id(expr) {
     |                                              ^^^^^^^^^^^^^^^^^^ private method
     |
    ::: src/simulator/engine/eval.rs:2209:5
     |
2209 |     fn find_ast_signal_id(&self, expr: &crate::ast::Expr) -> Option<SignalId> {
     |     ------------------------------------------------------------------------- private method defined here

error[E0624]: method `find_ast_signal_id` is private
    --> src/simulator/engine/scheduler.rs:1961:56
     |
1961 | ...                   if let Some(id) = self.find_ast_signal_id(expr) {
     |                                              ^^^^^^^^^^^^^^^^^^ private method
     |
    ::: src/simulator/engine/eval.rs:2209:5
     |
2209 |     fn find_ast_signal_id(&self, expr: &crate::ast::Expr) -> Option<SignalId> {
     |     ------------------------------------------------------------------------- private method defined here

error[E0624]: method `evaluate_ast_expr` is private
    --> src/simulator/engine/scheduler.rs:1985:41
     |
1985 |                     let cond_val = self.evaluate_ast_expr(cond)?;
     |                                         ^^^^^^^^^^^^^^^^^ private method
     |
    ::: src/simulator/engine/eval.rs:2257:5
     |
2257 |     fn evaluate_ast_expr(&mut self, expr: &Expr) -> Result<LogicVec, SimError> {
     |     -------------------------------------------------------------------------- private method defined here

error[E0624]: method `handle_ast_syscall` is private
    --> src/simulator/engine/scheduler.rs:2000:26
     |
2000 |                       self.handle_ast_syscall(name, args)?;
     |                            ^^^^^^^^^^^^^^^^^^ private method
     |
    ::: src/simulator/engine/eval.rs:2216:5
     |
2216 | /     fn handle_ast_syscall(
2217 | |         &mut self,
2218 | |         name: &str,
2219 | |         args: &[crate::ast::Expr],
2220 | |     ) -> Result<(), SimError> {
     | |_____________________________- private method defined here

error[E0624]: method `evaluate_ast_expr` is private
    --> src/simulator/engine/scheduler.rs:2007:26
     |
2007 |                     self.evaluate_ast_expr(expr)?;
     |                          ^^^^^^^^^^^^^^^^^ private method
     |
    ::: src/simulator/engine/eval.rs:2257:5
     |
2257 |     fn evaluate_ast_expr(&mut self, expr: &Expr) -> Result<LogicVec, SimError> {
     |     -------------------------------------------------------------------------- private method defined here

error[E0624]: method `evaluate_ast_expr` is private
    --> src/simulator/engine/scheduler.rs:2022:36
     |
2022 |                     let val = self.evaluate_ast_expr(rhs)?;
     |                                    ^^^^^^^^^^^^^^^^^ private method
     |
    ::: src/simulator/engine/eval.rs:2257:5
     |
2257 |     fn evaluate_ast_expr(&mut self, expr: &Expr) -> Result<LogicVec, SimError> {
     |     -------------------------------------------------------------------------- private method defined here

error[E0624]: method `write_ast_lvalue` is private
    --> src/simulator/engine/scheduler.rs:2023:26
     |
2023 |                     self.write_ast_lvalue(lhs, val)?;
     |                          ^^^^^^^^^^^^^^^^ private method
     |
    ::: src/simulator/engine/eval.rs:2176:5
     |
2176 |     fn write_ast_lvalue(&mut self, lhs: &crate::ast::Expr, val: LogicVec) -> Result<(), SimError> {
     |     --------------------------------------------------------------------------------------------- private method defined here

error[E0308]: mismatched types
    --> src/simulator/engine/scheduler.rs:2030:56
     |
2030 |                     if let Some(id) = self.find_signal(name) {
     |                                            ----------- ^^^^ expected `&str`, found `&Symbol`
     |                                            |
     |                                            arguments to this method are incorrect
     |
     = note: expected reference `&str`
                found reference `&string_intern::Symbol`
note: method defined here
    --> src/simulator/engine/eval.rs:2850:19
     |
2850 |     pub(crate) fn find_signal(&self, name: &str) -> Option<usize> {
     |                   ^^^^^^^^^^^        ----------

error[E0308]: mismatched types
    --> src/simulator/engine/scheduler.rs:2041:49
     |
2041 |                     self.disable_pending = Some(name.clone());
     |                                            ---- ^^^^^^^^^^^^ expected `String`, found `Symbol`
     |                                            |
     |                                            arguments to this enum variant are incorrect
     |
help: the type constructed contains `string_intern::Symbol` due to the type of the argument passed
    --> src/simulator/engine/scheduler.rs:2041:44
     |
2041 |                     self.disable_pending = Some(name.clone());
     |                                            ^^^^^------------^
     |                                                 |
     |                                                 this argument influences the type of `Some`
note: tuple variant defined here
    --> /home/whale-d/.rustup/toolchains/nightly-x86_64-unknown-linux-gnu/lib/rustlib/src/rust/library/core/src/option.rs:605:5
     |
 605 |     Some(#[stable(feature = "rust1", since = "1.0.0")] T),
     |     ^^^^
help: try using a conversion method
     |
2041 -                     self.disable_pending = Some(name.clone());
2041 +                     self.disable_pending = Some(name.to_string());
     |

error[E0624]: method `evaluate_ast_expr` is private
    --> src/simulator/engine/scheduler.rs:2077:35
     |
2077 | ...   let ok = self.evaluate_ast_expr(cond)?.to_bool().unwrap_or(false);
     |                     ^^^^^^^^^^^^^^^^^ private method
     |
    ::: src/simulator/engine/eval.rs:2257:5
     |
2257 |     fn evaluate_ast_expr(&mut self, expr: &Expr) -> Result<LogicVec, SimError> {
     |     -------------------------------------------------------------------------- private method defined here

error[E0624]: method `evaluate_ast_expr` is private
    --> src/simulator/engine/scheduler.rs:2095:35
     |
2095 | ...   let ok = self.evaluate_ast_expr(cond)?.to_bool().unwrap_or(false);
     |                     ^^^^^^^^^^^^^^^^^ private method
     |
    ::: src/simulator/engine/eval.rs:2257:5
     |
2257 |     fn evaluate_ast_expr(&mut self, expr: &Expr) -> Result<LogicVec, SimError> {
     |     -------------------------------------------------------------------------- private method defined here

error[E0624]: method `evaluate_ast_expr` is private
    --> src/simulator/engine/scheduler.rs:2110:35
     |
2110 | ...   let ok = self.evaluate_ast_expr(cond)?.to_bool().unwrap_or(false);
     |                     ^^^^^^^^^^^^^^^^^ private method
     |
    ::: src/simulator/engine/eval.rs:2257:5
     |
2257 |     fn evaluate_ast_expr(&mut self, expr: &Expr) -> Result<LogicVec, SimError> {
     |     -------------------------------------------------------------------------- private method defined here

error[E0624]: method `eval_assign_rhs` is private
    --> src/simulator/engine/scheduler.rs:2136:40
     |
2136 |                         let val = self.eval_assign_rhs(rhs, lhs)?;
     |                                        ^^^^^^^^^^^^^^^ private method
     |
    ::: src/simulator/engine/eval.rs:18:5
     |
  18 |     fn eval_assign_rhs(&mut self, expr: &IrExpr, lhs: &IrLValue) -> Result<LogicVec, SimError> {
     |     ------------------------------------------------------------------------------------------ private method defined here

error[E0624]: method `write_lvalue` is private
    --> src/simulator/engine/scheduler.rs:2137:30
     |
2137 |                         self.write_lvalue(lhs, val)?;
     |                              ^^^^^^^^^^^^ private method
     |
    ::: src/simulator/engine/eval.rs:1651:5
     |
1651 |     fn write_lvalue(&mut self, lvalue: &IrLValue, mut val: LogicVec) -> Result<(), SimError> {
     |     ---------------------------------------------------------------------------------------- private method defined here

error[E0624]: method `eval_assign_rhs` is private
    --> src/simulator/engine/scheduler.rs:2142:40
     |
2142 |                         let val = self.eval_assign_rhs(rhs, lhs)?;
     |                                        ^^^^^^^^^^^^^^^ private method
     |
    ::: src/simulator/engine/eval.rs:18:5
     |
  18 |     fn eval_assign_rhs(&mut self, expr: &IrExpr, lhs: &IrLValue) -> Result<LogicVec, SimError> {
     |     ------------------------------------------------------------------------------------------ private method defined here

error[E0624]: method `eval_assign_rhs` is private
    --> src/simulator/engine/scheduler.rs:2147:36
     |
2147 |                     let val = self.eval_assign_rhs(rhs, lvalue)?;
     |                                    ^^^^^^^^^^^^^^^ private method
     |
    ::: src/simulator/engine/eval.rs:18:5
     |
  18 |     fn eval_assign_rhs(&mut self, expr: &IrExpr, lhs: &IrLValue) -> Result<LogicVec, SimError> {
     |     ------------------------------------------------------------------------------------------ private method defined here

error[E0624]: method `write_lvalue` is private
    --> src/simulator/engine/scheduler.rs:2148:26
     |
2148 |                     self.write_lvalue(lvalue, val)?;
     |                          ^^^^^^^^^^^^ private method
     |
    ::: src/simulator/engine/eval.rs:1651:5
     |
1651 |     fn write_lvalue(&mut self, lvalue: &IrLValue, mut val: LogicVec) -> Result<(), SimError> {
     |     ---------------------------------------------------------------------------------------- private method defined here

error[E0308]: mismatched types
    --> src/simulator/engine/scheduler.rs:2171:64
     |
2171 |                     if self.disable_pending.as_deref() == Some(name) {
     |                                                           ---- ^^^^ expected `&str`, found `&Symbol`
     |                                                           |
     |                                                           arguments to this enum variant are incorrect
     |
     = note: expected reference `&str`
                found reference `&string_intern::Symbol`
help: the type constructed contains `&string_intern::Symbol` due to the type of the argument passed
    --> src/simulator/engine/scheduler.rs:2171:59
     |
2171 |                     if self.disable_pending.as_deref() == Some(name) {
     |                                                           ^^^^^----^
     |                                                                |
     |                                                                this argument influences the type of `Some`
note: tuple variant defined here
    --> /home/whale-d/.rustup/toolchains/nightly-x86_64-unknown-linux-gnu/lib/rustlib/src/rust/library/core/src/option.rs:605:5
     |
 605 |     Some(#[stable(feature = "rust1", since = "1.0.0")] T),
     |     ^^^^

error[E0277]: can't compare `String` with `string_intern::Symbol`
    --> src/simulator/engine/scheduler.rs:2178:30
     |
2178 |                         if n == name {
     |                              ^^ no implementation for `String == string_intern::Symbol`
     |
     = help: the trait `PartialEq<string_intern::Symbol>` is not implemented for `String`
     = help: `String` implements trait `PartialEq<Rhs>`:
               PartialEq<&str>
               PartialEq<ByteStr>
               PartialEq<ByteString>
               PartialEq<Cow<'_, str>>
               PartialEq<Path>
               PartialEq<PathBuf>
               PartialEq<clap::Id>
               PartialEq<clap::builder::OsStr>
             and 3 others
     = note: required for `&String` to implement `PartialEq<&string_intern::Symbol>`

error[E0624]: method `evaluate_array_method` is private
    --> src/simulator/engine/scheduler.rs:2952:46
     |
2952 |   ...                   let _ = self.evaluate_array_method(
     |                                      ^^^^^^^^^^^^^^^^^^^^^ private method
     |
    ::: src/simulator/engine/uvm.rs:1712:5
     |
1712 | /     fn evaluate_array_method(
1713 | |         &mut self,
1714 | |         sig_id: SignalId,
1715 | |         sig: &SignalInfo,
...    |
1718 | |         with_clause: Option<&IrExpr>,
1719 | |     ) -> Result<LogicVec, SimError> {
     | |___________________________________- private method defined here

error[E0308]: `if` and `else` have incompatible types
    --> src/simulator/engine/scheduler.rs:2973:45
     |
2970 |   ...                   let class_for_obj = if is_cg {
     |  ___________________________________________-
2971 | | ...                       format!("__covergroup_{}", cn)
     | |                           ------------------------------ expected because of this
2972 | | ...                   } else {
2973 | | ...                       cn.clone()
     | |                           ^^^^^^^^^^ expected `String`, found `Symbol`
2974 | | ...                   };
     | |_______________________- `if` and `else` have incompatible types
     |
help: try using a conversion method
     |
2973 -                                             cn.clone()
2973 +                                             cn.to_string()
     |

error[E0624]: method `execute_method` is private
    --> src/simulator/engine/scheduler.rs:2984:46
     |
2984 |   ...                   self.execute_method(new_id, method, &arg_vals)?;
     |                              ^^^^^^^^^^^^^^ private method
     |
    ::: src/simulator/engine/uvm.rs:285:5
     |
 285 | /     fn execute_method(
 286 | |         &mut self,
 287 | |         obj_id: ObjId,
 288 | |         method: &str,
 289 | |         args: &[LogicVec],
 290 | |     ) -> Result<LogicVec, SimError> {
     | |___________________________________- private method defined here

error[E0624]: method `execute_method` is private
    --> src/simulator/engine/scheduler.rs:2997:26
     |
2997 |                       self.execute_method(obj_id, method, &arg_vals)?;
     |                            ^^^^^^^^^^^^^^ private method
     |
    ::: src/simulator/engine/uvm.rs:285:5
     |
 285 | /     fn execute_method(
 286 | |         &mut self,
 287 | |         obj_id: ObjId,
 288 | |         method: &str,
 289 | |         args: &[LogicVec],
 290 | |     ) -> Result<LogicVec, SimError> {
     | |___________________________________- private method defined here

error[E0308]: mismatched types
    --> src/simulator/engine/scheduler.rs:3066:49
     |
3066 |                     self.disable_pending = Some(name.clone());
     |                                            ---- ^^^^^^^^^^^^ expected `String`, found `Symbol`
     |                                            |
     |                                            arguments to this enum variant are incorrect
     |
help: the type constructed contains `string_intern::Symbol` due to the type of the argument passed
    --> src/simulator/engine/scheduler.rs:3066:44
     |
3066 |                     self.disable_pending = Some(name.clone());
     |                                            ^^^^^------------^
     |                                                 |
     |                                                 this argument influences the type of `Some`
note: tuple variant defined here
    --> /home/whale-d/.rustup/toolchains/nightly-x86_64-unknown-linux-gnu/lib/rustlib/src/rust/library/core/src/option.rs:605:5
     |
 605 |     Some(#[stable(feature = "rust1", since = "1.0.0")] T),
     |     ^^^^
help: try using a conversion method
     |
3066 -                     self.disable_pending = Some(name.clone());
3066 +                     self.disable_pending = Some(name.to_string());
     |

error[E0624]: method `write_lvalue` is private
    --> src/simulator/engine/scheduler.rs:3316:30
     |
3316 |                 let _ = self.write_lvalue(&lvalue, val);
     |                              ^^^^^^^^^^^^ private method
     |
    ::: src/simulator/engine/eval.rs:1651:5
     |
1651 |     fn write_lvalue(&mut self, lvalue: &IrLValue, mut val: LogicVec) -> Result<(), SimError> {
     |     ---------------------------------------------------------------------------------------- private method defined here

error[E0624]: method `signal_id_from_lvalue` is private
    --> src/simulator/engine/eval.rs:35:44
     |
  35 |                 if let Some(sig_id) = self.signal_id_from_lvalue(lhs) {
     |                                            ^^^^^^^^^^^^^^^^^^^^^ private method
     |
    ::: src/simulator/engine/scheduler.rs:3321:5
     |
3321 |     fn signal_id_from_lvalue(&self, lvalue: &IrLValue) -> Option<SignalId> {
     |     ---------------------------------------------------------------------- private method defined here

error[E0308]: mismatched types
   --> src/simulator/engine/eval.rs:757:63
    |
757 | ...                   let pid = self.state.alloc_object("__process");
    |                                            ------------ ^^^^^^^^^^^ expected `Symbol`, found `&str`
    |                                            |
    |                                            arguments to this method are incorrect
    |
note: method defined here
   --> src/simulator/state.rs:41:12
    |
 41 | ...b fn alloc_object(&mut self, class_name: crate::intern::Symbol) -> O...
    |         ^^^^^^^^^^^^            ---------------------------------
help: call `Into::into` on this expression to convert `&'static str` into `string_intern::Symbol`
    |
757 |                             let pid = self.state.alloc_object("__process".into());
    |                                                                          +++++++

error[E0308]: mismatched types
    --> src/simulator/engine/eval.rs:760:33
     |
 758 |   ...                   self.process_map.insert(
     |                                          ------ arguments to this method are incorrect
 759 |   ...                       pid,
 760 | / ...                       ProcessInfo {
 761 | | ...                           status: ProcessStatus::Running,
 762 | | ...                           await_continuations: Vec::new(),
 763 | | ...                       },
     | |___________________________^ expected `ProcessStatus`, found `ProcessInfo`
     |
help: the return type of this call is `simulator::types::ProcessInfo` due to the type of the argument passed
    --> src/simulator/engine/eval.rs:758:29
     |
 758 | /  ...                   self.process_map.insert(
 759 | |  ...                       pid,
 760 | |/ ...                       ProcessInfo {
 761 | || ...                           status: ProcessStatus::Running,
 762 | || ...                           await_continuations: Vec::new(),
 763 | || ...                       },
     | ||___________________________- this argument influences the return type of `insert`
 764 | |  ...                   );
     | |________________________^
note: method defined here
    --> /home/whale-d/.rustup/toolchains/nightly-x86_64-unknown-linux-gnu/lib/rustlib/src/rust/library/std/src/collections/hash/map.rs:1328:12
     |
1328 |     pub fn insert(&mut self, k: K, v: V) -> Option<V> {
     |            ^^^^^^

error[E0308]: arguments to this method are incorrect
    --> src/simulator/engine/eval.rs:793:30
     |
 793 | ...                   .insert((inst_name, field_name), value);
     |                        ^^^^^^
     |
note: expected `String`, found `(String, String)`
    --> src/simulator/engine/eval.rs:793:37
     |
 793 | ...                   .insert((inst_name, field_name), value);
     |                               ^^^^^^^^^^^^^^^^^^^^^^^
     = note: expected struct `String`
                 found tuple `(String, String)`
note: expected `HashMap<String, LogicVec>`, found `LogicVec`
    --> src/simulator/engine/eval.rs:793:62
     |
 793 | ...                   .insert((inst_name, field_name), value);
     |                                                        ^^^^^
     = note: expected struct `HashMap<String, ir::ir::LogicVec>`
                found struct `ir::ir::LogicVec`
help: the return type of this call is `ir::ir::LogicVec` due to the type of the argument passed
    --> src/simulator/engine/eval.rs:792:25
     |
 792 | /                         self.uvm_config_db_data
 793 | |                             .insert((inst_name, field_name), value);
     | |______________________________________________________________-----^
     |                                                                |
     |                                                                this argument influences the return type of `insert`
note: method defined here
    --> /home/whale-d/.rustup/toolchains/nightly-x86_64-unknown-linux-gnu/lib/rustlib/src/rust/library/std/src/collections/hash/map.rs:1328:12
     |
1328 |     pub fn insert(&mut self, k: K, v: V) -> Option<V> {
     |            ^^^^^^

error[E0277]: the trait bound `String: Borrow<(String, String)>` is not satisfied
    --> src/simulator/engine/eval.rs:812:66
     |
 812 | ...elf.uvm_config_db_data.get(&key).cloned();
     |                           --- ^^^^ the trait `Borrow<(String, String)>` is not implemented for `String`
     |                           |
     |                           required by a bound introduced by this call
     |
help: the trait `Borrow<(String, String)>` is not implemented for `String`
      but trait `Borrow<str>` is implemented for it
    --> /home/whale-d/.rustup/toolchains/nightly-x86_64-unknown-linux-gnu/lib/rustlib/src/rust/library/alloc/src/str.rs:212:1
     |
 212 | impl Borrow<str> for String {
     | ^^^^^^^^^^^^^^^^^^^^^^^^^^^
     = help: for that trait implementation, expected `str`, found `(String, String)`
note: required by a bound in `HashMap::<K, V, S, A>::get`
    --> /home/whale-d/.rustup/toolchains/nightly-x86_64-unknown-linux-gnu/lib/rustlib/src/rust/library/std/src/collections/hash/map.rs:1032:12
     |
1030 |     pub fn get<Q: ?Sized>(&self, k: &Q) -> Option<&V>
     |            --- required by a bound in this associated function
1031 |     where
1032 |         K: Borrow<Q>,
     |            ^^^^^^^^^ required by this bound in `HashMap::<K, V, S, A>::get`

error[E0308]: mismatched types
   --> src/simulator/engine/eval.rs:816:70
    |
816 | ...                   self.state.write_signal(*sig_id, val);
    |                                  ------------          ^^^ expected `LogicVec`, found `HashMap<String, LogicVec>`
    |                                  |
    |                                  arguments to this method are incorrect
    |
    = note: expected struct `ir::ir::LogicVec`
               found struct `HashMap<String, ir::ir::LogicVec>`
note: method defined here
   --> src/simulator/state.rs:77:12
    |
 77 |     pub fn write_signal(&mut self, id: SignalId, val: LogicVec) {
    |            ^^^^^^^^^^^^                          -------------

error[E0308]: arguments to this method are incorrect
    --> src/simulator/engine/eval.rs:844:51
     |
 844 | ...   self.uvm_resource_db_data.insert((scope, name), value);
     |                                 ^^^^^^
     |
note: expected `String`, found `(String, String)`
    --> src/simulator/engine/eval.rs:844:58
     |
 844 | ...   self.uvm_resource_db_data.insert((scope, name), value);
     |                                        ^^^^^^^^^^^^^
     = note: expected struct `String`
                 found tuple `(String, String)`
note: expected `HashMap<String, LogicVec>`, found `LogicVec`
    --> src/simulator/engine/eval.rs:844:73
     |
 844 | ...   self.uvm_resource_db_data.insert((scope, name), value);
     |                                                       ^^^^^
     = note: expected struct `HashMap<String, ir::ir::LogicVec>`
                found struct `ir::ir::LogicVec`
help: the return type of this call is `ir::ir::LogicVec` due to the type of the argument passed
    --> src/simulator/engine/eval.rs:844:25
     |
 844 | ...     self.uvm_resource_db_data.insert((scope, name), value);
     |         ^^^^^^^^^^^^^^^^^^^^^^^^^^^^^^^^^^^^^^^^^^^^^^^^-----^
     |                                                         |
     |                                                         this argument influences the return type of `insert`
note: method defined here
    --> /home/whale-d/.rustup/toolchains/nightly-x86_64-unknown-linux-gnu/lib/rustlib/src/rust/library/std/src/collections/hash/map.rs:1328:12
     |
1328 |     pub fn insert(&mut self, k: K, v: V) -> Option<V> {
     |            ^^^^^^

error[E0277]: the trait bound `String: Borrow<(String, String)>` is not satisfied
    --> src/simulator/engine/eval.rs:863:68
     |
 863 | ...f.uvm_resource_db_data.get(&key).cloned();
     |                           --- ^^^^ the trait `Borrow<(String, String)>` is not implemented for `String`
     |                           |
     |                           required by a bound introduced by this call
     |
help: the trait `Borrow<(String, String)>` is not implemented for `String`
      but trait `Borrow<str>` is implemented for it
    --> /home/whale-d/.rustup/toolchains/nightly-x86_64-unknown-linux-gnu/lib/rustlib/src/rust/library/alloc/src/str.rs:212:1
     |
 212 | impl Borrow<str> for String {
     | ^^^^^^^^^^^^^^^^^^^^^^^^^^^
     = help: for that trait implementation, expected `str`, found `(String, String)`
note: required by a bound in `HashMap::<K, V, S, A>::get`
    --> /home/whale-d/.rustup/toolchains/nightly-x86_64-unknown-linux-gnu/lib/rustlib/src/rust/library/std/src/collections/hash/map.rs:1032:12
     |
1030 |     pub fn get<Q: ?Sized>(&self, k: &Q) -> Option<&V>
     |            --- required by a bound in this associated function
1031 |     where
1032 |         K: Borrow<Q>,
     |            ^^^^^^^^^ required by this bound in `HashMap::<K, V, S, A>::get`

error[E0308]: mismatched types
   --> src/simulator/engine/eval.rs:867:70
    |
867 | ...                   self.state.write_signal(*sig_id, val);
    |                                  ------------          ^^^ expected `LogicVec`, found `HashMap<String, LogicVec>`
    |                                  |
    |                                  arguments to this method are incorrect
    |
    = note: expected struct `ir::ir::LogicVec`
               found struct `HashMap<String, ir::ir::LogicVec>`
note: method defined here
   --> src/simulator/state.rs:77:12
    |
 77 |     pub fn write_signal(&mut self, id: SignalId, val: LogicVec) {
    |            ^^^^^^^^^^^^                          -------------

error[E0308]: mismatched types
    --> src/simulator/engine/eval.rs:1017:52
     |
1017 | ...                   .or_insert_with(|| VecDeque::new());
     |                                          ^^^^^^^^^^^^^^^ expected `Vec<LogicVec>`, found `VecDeque<_>`
     |
     = note: expected struct `Vec<ir::ir::LogicVec>`
                found struct `VecDeque<_>`
help: call `Into::into` on this expression to convert `VecDeque<_>` into `Vec<ir::ir::LogicVec>`
     |
1017 |                                 .or_insert_with(|| VecDeque::new().into());
     |                                                                   +++++++

error[E0599]: no method named `push_back` found for mutable reference `&mut Vec<ir::ir::LogicVec>` in the current scope
    --> src/simulator/engine/eval.rs:1018:34
     |
1018 | ...                   hist.push_back(val);
     |                            ^^^^^^^^^
     |
help: there is a method `push` with a similar name
     |
1018 -                             hist.push_back(val);
1018 +                             hist.push(val);
     |

error[E0277]: the trait bound `String: Borrow<string_intern::Symbol>` is not satisfied
    --> src/simulator/engine/eval.rs:1048:85
     |
1048 | ...ctory_type_overrides.get(class_name) {
     |                         --- ^^^^^^^^^^ the trait `Borrow<string_intern::Symbol>` is not implemented for `String`
     |                         |
     |                         required by a bound introduced by this call
     |
help: the trait `Borrow<string_intern::Symbol>` is not implemented for `String`
      but trait `Borrow<str>` is implemented for it
    --> /home/whale-d/.rustup/toolchains/nightly-x86_64-unknown-linux-gnu/lib/rustlib/src/rust/library/alloc/src/str.rs:212:1
     |
 212 | impl Borrow<str> for String {
     | ^^^^^^^^^^^^^^^^^^^^^^^^^^^
     = help: for that trait implementation, expected `str`, found `string_intern::Symbol`
note: required by a bound in `HashMap::<K, V, S, A>::get`
    --> /home/whale-d/.rustup/toolchains/nightly-x86_64-unknown-linux-gnu/lib/rustlib/src/rust/library/std/src/collections/hash/map.rs:1032:12
     |
1030 |     pub fn get<Q: ?Sized>(&self, k: &Q) -> Option<&V>
     |            --- required by a bound in this associated function
1031 |     where
1032 |         K: Borrow<Q>,
     |            ^^^^^^^^^ required by this bound in `HashMap::<K, V, S, A>::get`

error[E0308]: `if` and `else` have incompatible types
    --> src/simulator/engine/eval.rs:1051:21
     |
1048 |   ...   } else if let Some(override_type) = self.factory_type_override...
     |  ______________-
1049 | | ...       override_type.clone()
     | |           --------------------- expected because of this
1050 | | ...   } else {
1051 | | ...       class_name.clone()
     | |           ^^^^^^^^^^^^^^^^^^ expected `String`, found `Symbol`
1052 | | ...   };
     | |_______- `if` and `else` have incompatible types
     |
help: try using a conversion method
     |
1051 -                     class_name.clone()
1051 +                     class_name.to_string()
     |

error[E0308]: arguments to this method are incorrect
    --> src/simulator/engine/eval.rs:1055:41
     |
1055 |                     self.mailbox_queues.insert(obj_id, Vec::new());
     |                                         ^^^^^^ ------ expected `String`, found `usize`
     |
note: expected `VecDeque<LogicVec>`, found `Vec<_>`
    --> src/simulator/engine/eval.rs:1055:56
     |
1055 |                     self.mailbox_queues.insert(obj_id, Vec::new());
     |                                                        ^^^^^^^^^^
     = note: expected struct `VecDeque<ir::ir::LogicVec>`
                found struct `Vec<_>`
help: the return type of this call is `Vec<_>` due to the type of the argument passed
    --> src/simulator/engine/eval.rs:1055:21
     |
1055 |                     self.mailbox_queues.insert(obj_id, Vec::new());
     |                     ^^^^^^^^^^^^^^^^^^^^^^^^^^^^^^^^^^^----------^
     |                                                        |
     |                                                        this argument influences the return type of `insert`
note: method defined here
    --> /home/whale-d/.rustup/toolchains/nightly-x86_64-unknown-linux-gnu/lib/rustlib/src/rust/library/std/src/collections/hash/map.rs:1328:12
     |
1328 |     pub fn insert(&mut self, k: K, v: V) -> Option<V> {
     |            ^^^^^^
help: try using a conversion method
     |
1055 |                     self.mailbox_queues.insert(obj_id.to_string(), Vec::new());
     |                                                      ++++++++++++
help: call `Into::into` on this expression to convert `Vec<_>` into `VecDeque<ir::ir::LogicVec>`
     |
1055 |                     self.mailbox_queues.insert(obj_id, Vec::new().into());
     |                                                                  +++++++

error[E0308]: mismatched types
    --> src/simulator/engine/eval.rs:1062:50
     |
1062 |                     self.semaphore_counts.insert(obj_id, init);
     |                                           ------ ^^^^^^ expected `String`, found `usize`
     |                                           |
     |                                           arguments to this method are incorrect
     |
note: method defined here
    --> /home/whale-d/.rustup/toolchains/nightly-x86_64-unknown-linux-gnu/lib/rustlib/src/rust/library/std/src/collections/hash/map.rs:1328:12
     |
1328 |     pub fn insert(&mut self, k: K, v: V) -> Option<V> {
     |            ^^^^^^
help: try using a conversion method
     |
1062 |                     self.semaphore_counts.insert(obj_id.to_string(), init);
     |                                                        ++++++++++++

error[E0308]: mismatched types
    --> src/simulator/engine/eval.rs:1065:44
     |
1065 |                     self.sample_covergroup(&class_name)?;
     |                          ----------------- ^^^^^^^^^^^ expected `&str`, found `&&Symbol`
     |                          |
     |                          arguments to this method are incorrect
     |
     = note: expected reference `&str`
                found reference `&&string_intern::Symbol`
note: method defined here
    --> src/simulator/engine/coverage.rs:46:19
     |
  46 |     pub(crate) fn sample_covergroup(&mut self, cg_name: &str) -> Resul...
     |                   ^^^^^^^^^^^^^^^^^            -------------

error[E0624]: method `is_uvm_object_hierarchy` is private
    --> src/simulator/engine/eval.rs:1076:29
     |
1076 |                     if self.is_uvm_object_hierarchy(&class_name) {
     |                             ^^^^^^^^^^^^^^^^^^^^^^^ private method
     |
    ::: src/simulator/engine/uvm.rs:125:5
     |
 125 |     fn is_uvm_object_hierarchy(&self, class_name: &str) -> bool {
     |     ----------------------------------------------------------- private method defined here

error[E0624]: method `is_uvm_analysis_port_hierarchy` is private
    --> src/simulator/engine/eval.rs:1083:29
     |
1083 |                     if self.is_uvm_analysis_port_hierarchy(&class_name) {
     |                             ^^^^^^^^^^^^^^^^^^^^^^^^^^^^^^ private method
     |
    ::: src/simulator/engine/uvm.rs:237:5
     |
 237 |     fn is_uvm_analysis_port_hierarchy(&self, class_name: &str) -> bool {
     |     ------------------------------------------------------------------ private method defined here

error[E0624]: method `is_uvm_analysis_imp_hierarchy` is private
    --> src/simulator/engine/eval.rs:1099:29
     |
1099 |                     if self.is_uvm_analysis_imp_hierarchy(&class_name) {
     |                             ^^^^^^^^^^^^^^^^^^^^^^^^^^^^^ private method
     |
    ::: src/simulator/engine/uvm.rs:253:5
     |
 253 |     fn is_uvm_analysis_imp_hierarchy(&self, class_name: &str) -> bool {
     |     ----------------------------------------------------------------- private method defined here

error[E0624]: method `is_uvm_component_hierarchy` is private
    --> src/simulator/engine/eval.rs:1120:29
     |
1120 |                     if self.is_uvm_component_hierarchy(&class_name) {
     |                             ^^^^^^^^^^^^^^^^^^^^^^^^^^ private method
     |
    ::: src/simulator/engine/uvm.rs:141:5
     |
 141 |     fn is_uvm_component_hierarchy(&self, class_name: &str) -> bool {
     |     -------------------------------------------------------------- private method defined here

error[E0624]: method `find_method_in_hierarchy` is private
    --> src/simulator/engine/eval.rs:1138:29
     |
1138 |   ...   if self.find_method_in_hierarchy(&class_name, "new").is_ok() {
     |                 ^^^^^^^^^^^^^^^^^^^^^^^^ private method
     |
    ::: src/simulator/engine/uvm.rs:1667:5
     |
1667 | /     fn find_method_in_hierarchy(
1668 | |         &self,
1669 | |         class_name: &str,
1670 | |         method: &str,
1671 | |     ) -> Result<IrClassMethod, SimError> {
     | |________________________________________- private method defined here

error[E0624]: method `execute_method` is private
    --> src/simulator/engine/eval.rs:1139:30
     |
1139 |                           self.execute_method(obj_id, "new", &arg_vals)?;
     |                                ^^^^^^^^^^^^^^ private method
     |
    ::: src/simulator/engine/uvm.rs:285:5
     |
 285 | /     fn execute_method(
 286 | |         &mut self,
 287 | |         obj_id: ObjId,
 288 | |         method: &str,
 289 | |         args: &[LogicVec],
 290 | |     ) -> Result<LogicVec, SimError> {
     | |___________________________________- private method defined here

error[E0308]: mismatched types
    --> src/simulator/engine/eval.rs:1162:60
     |
1162 | ...let result = evaluate_string_method(s, method, &arg_vals)?;
     |                 ----------------------    ^^^^^^ expected `&str`, found `&Symbol`
     |                 |
     |                 arguments to this function are incorrect
     |
     = note: expected reference `&str`
                found reference `&string_intern::Symbol`
note: function defined here
    --> src/simulator/engine/mod.rs:122:15
     |
 122 | pub(crate) fn evaluate_string_method(s: &str, method: &str, args: &[Lo...
     |               ^^^^^^^^^^^^^^^^^^^^^^          ------------

error[E0308]: mismatched types
    --> src/simulator/engine/eval.rs:1174:69
     |
1174 | ...let result = evaluate_string_method(&s, method, &arg_vals)?;
     |                 ----------------------     ^^^^^^ expected `&str`, found `&Symbol`
     |                 |
     |                 arguments to this function are incorrect
     |
     = note: expected reference `&str`
                found reference `&string_intern::Symbol`
note: function defined here
    --> src/simulator/engine/mod.rs:122:15
     |
 122 | pub(crate) fn evaluate_string_method(s: &str, method: &str, args: &[Lo...
     |               ^^^^^^^^^^^^^^^^^^^^^^          ------------

error[E0308]: `if` and `else` have incompatible types
    --> src/simulator/engine/eval.rs:1194:45
     |
1191 |   ...                   let class_for_obj = if is_cg {
     |  ___________________________________________-
1192 | | ...                       format!("__covergroup_{}", cn)
     | |                           ------------------------------ expected because of this
1193 | | ...                   } else {
1194 | | ...                       cn.clone()
     | |                           ^^^^^^^^^^ expected `String`, found `Symbol`
1195 | | ...                   };
     | |_______________________- `if` and `else` have incompatible types
     |
help: try using a conversion method
     |
1194 -                                             cn.clone()
1194 +                                             cn.to_string()
     |

error[E0624]: method `execute_method` is private
    --> src/simulator/engine/eval.rs:1205:53
     |
1205 |   ...   return self.execute_method(new_id, method, &arg_vals);
     |                     ^^^^^^^^^^^^^^ private method
     |
    ::: src/simulator/engine/uvm.rs:285:5
     |
 285 | /     fn execute_method(
 286 | |         &mut self,
 287 | |         obj_id: ObjId,
 288 | |         method: &str,
 289 | |         args: &[LogicVec],
 290 | |     ) -> Result<LogicVec, SimError> {
     | |___________________________________- private method defined here

error[E0624]: method `evaluate_array_method` is private
    --> src/simulator/engine/eval.rs:1220:37
     |
1220 |                           return self.evaluate_array_method(
     |                                       ^^^^^^^^^^^^^^^^^^^^^ private method
     |
    ::: src/simulator/engine/uvm.rs:1712:5
     |
1712 | /     fn evaluate_array_method(
1713 | |         &mut self,
1714 | |         sig_id: SignalId,
1715 | |         sig: &SignalInfo,
...    |
1718 | |         with_clause: Option<&IrExpr>,
1719 | |     ) -> Result<LogicVec, SimError> {
     | |___________________________________- private method defined here

error[E0624]: method `execute_randomize_with` is private
    --> src/simulator/engine/eval.rs:1242:33
     |
1242 |                       return self.execute_randomize_with(
     |                                   ^^^^^^^^^^^^^^^^^^^^^^ private method
     |
    ::: src/simulator/engine/uvm.rs:509:5
     |
 509 | /     fn execute_randomize_with(
 510 | |         &mut self,
 511 | |         obj_id: ObjId,
 512 | |         class_name: &str,
 513 | |         with_clause: Option<&IrExpr>,
 514 | |     ) -> Result<LogicVec, SimError> {
     | |___________________________________- private method defined here

error[E0624]: method `execute_method` is private
    --> src/simulator/engine/eval.rs:1248:35
     |
1248 |   ...   let result = self.execute_method(obj_id, method, &arg_vals)?;
     |                           ^^^^^^^^^^^^^^ private method
     |
    ::: src/simulator/engine/uvm.rs:285:5
     |
 285 | /     fn execute_method(
 286 | |         &mut self,
 287 | |         obj_id: ObjId,
 288 | |         method: &str,
 289 | |         args: &[LogicVec],
 290 | |     ) -> Result<LogicVec, SimError> {
     | |___________________________________- private method defined here

error[E0308]: mismatched types
    --> src/simulator/engine/eval.rs:1269:41
     |
1269 |             } => self.evaluate_dpi_call(name, args, *return_width),
     |                       ----------------- ^^^^ expected `&str`, found `&Symbol`
     |                       |
     |                       arguments to this method are incorrect
     |
     = note: expected reference `&str`
                found reference `&string_intern::Symbol`
note: method defined here
    --> src/simulator/engine/eval.rs:2069:8
     |
2069 |     fn evaluate_dpi_call(
     |        ^^^^^^^^^^^^^^^^^
2070 |         &mut self,
2071 |         name: &str,
     |         ----------

error[E0308]: mismatched types
    --> src/simulator/engine/eval.rs:1271:56
     |
1271 |                 if let Some(sig_id) = self.find_signal(name) {
     |                                            ----------- ^^^^ expected `&str`, found `&Symbol`
     |                                            |
     |                                            arguments to this method are incorrect
     |
     = note: expected reference `&str`
                found reference `&string_intern::Symbol`
note: method defined here
    --> src/simulator/engine/eval.rs:2850:19
     |
2850 |     pub(crate) fn find_signal(&self, name: &str) -> Option<usize> {
     |                   ^^^^^^^^^^^        ----------

error[E0308]: mismatched types
    --> src/simulator/engine/eval.rs:1417:61
     |
1417 | ...                   edge_matches_abbrev(edge_str, prev_bit, bit)
     |                       ------------------- ^^^^^^^^ expected `&str`, found `&Symbol`
     |                       |
     |                       arguments to this function are incorrect
     |
     = note: expected reference `&str`
                found reference `&string_intern::Symbol`
note: function defined here
    --> src/simulator/engine/mod.rs:228:15
     |
 228 | pub(crate) fn edge_matches_abbrev(edge: &str, prev: LogicVal, curr: Lo...
     |               ^^^^^^^^^^^^^^^^^^^ ----------

error[E0308]: mismatched types
    --> src/simulator/engine/eval.rs:1458:33
     |
1458 |                         .insert(udp_name.clone(), arg_vals.clone());
     |                          ------ ^^^^^^^^^^^^^^^^ expected `String`, found `Symbol`
     |                          |
     |                          arguments to this method are incorrect
     |
note: method defined here
    --> /home/whale-d/.rustup/toolchains/nightly-x86_64-unknown-linux-gnu/lib/rustlib/src/rust/library/std/src/collections/hash/map.rs:1328:12
     |
1328 |     pub fn insert(&mut self, k: K, v: V) -> Option<V> {
     |            ^^^^^^
help: try using a conversion method
     |
1458 -                         .insert(udp_name.clone(), arg_vals.clone());
1458 +                         .insert(udp_name.to_string(), arg_vals.clone());
     |

error[E0308]: mismatched types
    --> src/simulator/engine/eval.rs:1471:29
     |
1471 |                     .insert(udp_name.clone(), arg_vals.clone());
     |                      ------ ^^^^^^^^^^^^^^^^ expected `String`, found `Symbol`
     |                      |
     |                      arguments to this method are incorrect
     |
note: method defined here
    --> /home/whale-d/.rustup/toolchains/nightly-x86_64-unknown-linux-gnu/lib/rustlib/src/rust/library/std/src/collections/hash/map.rs:1328:12
     |
1328 |     pub fn insert(&mut self, k: K, v: V) -> Option<V> {
     |            ^^^^^^
help: try using a conversion method
     |
1471 -                     .insert(udp_name.clone(), arg_vals.clone());
1471 +                     .insert(udp_name.to_string(), arg_vals.clone());
     |

error[E0308]: mismatched types
    --> src/simulator/engine/eval.rs:1488:45
     |
1488 |                 self.recursion_depth.insert(name.clone(), depth + 1);
     |                                      ------ ^^^^^^^^^^^^ expected `String`, found `Symbol`
     |                                      |
     |                                      arguments to this method are incorrect
     |
note: method defined here
    --> /home/whale-d/.rustup/toolchains/nightly-x86_64-unknown-linux-gnu/lib/rustlib/src/rust/library/std/src/collections/hash/map.rs:1328:12
     |
1328 |     pub fn insert(&mut self, k: K, v: V) -> Option<V> {
     |            ^^^^^^
help: try using a conversion method
     |
1488 -                 self.recursion_depth.insert(name.clone(), depth + 1);
1488 +                 self.recursion_depth.insert(name.to_string(), depth + 1);
     |

error[E0308]: mismatched types
    --> src/simulator/engine/eval.rs:1548:39
     |
1543 | ...           locals.insert("__func_ret".to_string(), LogicVec::new(re...
     |               ------        ------------------------ this argument has type `String`...
     |               |
     |               ... which causes `locals` to have type `HashMap<String, ir::ir::LogicVec>`
...
1548 | ...                   locals.insert(port.name.clone(), arg_val);
     |                              ------ ^^^^^^^^^^^^^^^^^ expected `String`, found `Symbol`
     |                              |
     |                              arguments to this method are incorrect
     |
note: method defined here
    --> /home/whale-d/.rustup/toolchains/nightly-x86_64-unknown-linux-gnu/lib/rustlib/src/rust/library/std/src/collections/hash/map.rs:1328:12
     |
1328 |     pub fn insert(&mut self, k: K, v: V) -> Option<V> {
     |            ^^^^^^
help: try using a conversion method
     |
1548 -                         locals.insert(port.name.clone(), arg_val);
1548 +                         locals.insert(port.name.to_string(), arg_val);
     |

error[E0277]: the trait bound `String: Borrow<string_intern::Symbol>` is not satisfied
    --> src/simulator/engine/eval.rs:1555:49
     |
1555 |                         if !locals.contains_key(&var.name) {
     |                                    ------------ ^^^^^^^^^ the trait `Borrow<string_intern::Symbol>` is not implemented for `String`
     |                                    |
     |                                    required by a bound introduced by this call
     |
help: the trait `Borrow<string_intern::Symbol>` is not implemented for `String`
      but trait `Borrow<str>` is implemented for it
    --> /home/whale-d/.rustup/toolchains/nightly-x86_64-unknown-linux-gnu/lib/rustlib/src/rust/library/alloc/src/str.rs:212:1
     |
 212 | impl Borrow<str> for String {
     | ^^^^^^^^^^^^^^^^^^^^^^^^^^^
     = help: for that trait implementation, expected `str`, found `string_intern::Symbol`
note: required by a bound in `HashMap::<K, V, S, A>::contains_key`
    --> /home/whale-d/.rustup/toolchains/nightly-x86_64-unknown-linux-gnu/lib/rustlib/src/rust/library/std/src/collections/hash/map.rs:1266:12
     |
1264 |     pub fn contains_key<Q: ?Sized>(&self, k: &Q) -> bool
     |            ------------ required by a bound in this associated function
1265 |     where
1266 |         K: Borrow<Q>,
     |            ^^^^^^^^^ required by this bound in `HashMap::<K, V, S, A>::contains_key`

error[E0308]: mismatched types
    --> src/simulator/engine/eval.rs:1561:43
     |
1543 | ...         locals.insert("__func_ret".to_string(), LogicVec::new(ret_...
     |             ------        ------------------------ this argument has type `String`...
     |             |
     |             ... which causes `locals` to have type `HashMap<String, ir::ir::LogicVec>`
...
1561 | ...                     locals.insert(var.name.clone(), LogicVec::new(...
     |                                ------ ^^^^^^^^^^^^^^^^ expected `String`, found `Symbol`
     |                                |
     |                                arguments to this method are incorrect
     |
note: method defined here
    --> /home/whale-d/.rustup/toolchains/nightly-x86_64-unknown-linux-gnu/lib/rustlib/src/rust/library/std/src/collections/hash/map.rs:1328:12
     |
1328 |     pub fn insert(&mut self, k: K, v: V) -> Option<V> {
     |            ^^^^^^
help: try using a conversion method
     |
1561 -                             locals.insert(var.name.clone(), LogicVec::new(width));
1561 +                             locals.insert(var.name.to_string(), LogicVec::new(width));
     |

error[E0308]: mismatched types
    --> src/simulator/engine/eval.rs:1566:41
     |
1543 | ...           locals.insert("__func_ret".to_string(), LogicVec::new(re...
     |               ------        ------------------------ this argument has type `String`...
     |               |
     |               ... which causes `locals` to have type `HashMap<String, ir::ir::LogicVec>`
...
1566 | ...           self.method_locals.push(locals);
     |                                  ---- ^^^^^^ expected `HashMap<Symbol, LogicVec>`, found `HashMap<String, LogicVec>`
     |                                  |
     |                                  arguments to this method are incorrect
     |
     = note: expected struct `HashMap<string_intern::Symbol, _>`
                found struct `HashMap<String, _>`
note: method defined here
    --> /home/whale-d/.rustup/toolchains/nightly-x86_64-unknown-linux-gnu/lib/rustlib/src/rust/library/alloc/src/vec/mod.rs:1003:12
     |
1003 |     pub fn push(&mut self, value: T) {
     |            ^^^^

error[E0308]: mismatched types
    --> src/simulator/engine/eval.rs:1587:45
     |
1587 |                 self.recursion_depth.insert(name.clone(), depth);
     |                                      ------ ^^^^^^^^^^^^ expected `String`, found `Symbol`
     |                                      |
     |                                      arguments to this method are incorrect
     |
note: method defined here
    --> /home/whale-d/.rustup/toolchains/nightly-x86_64-unknown-linux-gnu/lib/rustlib/src/rust/library/std/src/collections/hash/map.rs:1328:12
     |
1328 |     pub fn insert(&mut self, k: K, v: V) -> Option<V> {
     |            ^^^^^^
help: try using a conversion method
     |
1587 -                 self.recursion_depth.insert(name.clone(), depth);
1587 +                 self.recursion_depth.insert(name.to_string(), depth);
     |

error[E0308]: mismatched types
    --> src/simulator/engine/eval.rs:1608:59
     |
1608 |                     let parts: Vec<&str> = sig.name.split('.').collect();
     |                                                     ----- ^^^ expected `&str`, found `char`
     |                                                     |
     |                                                     arguments to this method are incorrect
     |
note: method defined here
    --> src/intern/string_intern.rs:70:12
     |
  70 |     pub fn split<'a>(&'a self, pat: &'a str) -> std::str::Split<'a, &'...
     |            ^^^^^               ------------
help: if you meant to write a string literal, use double quotes
     |
1608 -                     let parts: Vec<&str> = sig.name.split('.').collect();
1608 +                     let parts: Vec<&str> = sig.name.split(".").collect();
     |

error[E0608]: cannot index into a value of type `&string_intern::Symbol`
    --> src/simulator/engine/eval.rs:1635:64
     |
1635 | ...                   let inst_path = &bound_sig_name[..dot_pos];
     |                                                      ^^^^^^^^^^^

error[E0277]: the trait bound `string_intern::Symbol: Borrow<String>` is not satisfied
    --> src/simulator/engine/eval.rs:1637:91
     |
1637 | ...ignal_map.get(&sig_key)
     |              --- ^^^^^^^^ unsatisfied trait bound
     |              |
     |              required by a bound introduced by this call
     |
help: the trait `Borrow<String>` is not implemented for `string_intern::Symbol`
      but trait `Borrow<str>` is implemented for it
    --> src/intern/string_intern.rs:154:1
     |
 154 | impl std::borrow::Borrow<str> for Symbol {
     | ^^^^^^^^^^^^^^^^^^^^^^^^^^^^^^^^^^^^^^^^
     = help: for that trait implementation, expected `str`, found `String`
note: required by a bound in `HashMap::<K, V, S, A>::get`
    --> /home/whale-d/.rustup/toolchains/nightly-x86_64-unknown-linux-gnu/lib/rustlib/src/rust/library/std/src/collections/hash/map.rs:1032:12
     |
1030 |     pub fn get<Q: ?Sized>(&self, k: &Q) -> Option<&V>
     |            --- required by a bound in this associated function
1031 |     where
1032 |         K: Borrow<Q>,
     |            ^^^^^^^^^ required by this bound in `HashMap::<K, V, S, A>::get`

error[E0624]: method `signal_id_from_lvalue` is private
    --> src/simulator/engine/eval.rs:1653:32
     |
1653 |         if let Some(id) = self.signal_id_from_lvalue(lvalue) {
     |                                ^^^^^^^^^^^^^^^^^^^^^ private method
     |
    ::: src/simulator/engine/scheduler.rs:3321:5
     |
3321 |     fn signal_id_from_lvalue(&self, lvalue: &IrLValue) -> Option<SignalId> {
     |     ---------------------------------------------------------------------- private method defined here

error[E0277]: a value of type `Vec<(String, usize)>` cannot be built from an iterator over elements of type `(string_intern::Symbol, usize)`
    --> src/simulator/engine/eval.rs:1832:14
     |
1832 |             .collect();
     |              ^^^^^^^ value of type `Vec<(String, usize)>` cannot be built from `std::iter::Iterator<Item=(string_intern::Symbol, usize)>`
     |
help: the trait `FromIterator<(string_intern::Symbol, _)>` is not implemented for `Vec<(String, usize)>`
      but trait `FromIterator<(String, _)>` is implemented for it
    --> /home/whale-d/.rustup/toolchains/nightly-x86_64-unknown-linux-gnu/lib/rustlib/src/rust/library/alloc/src/vec/mod.rs:3892:1
     |
3892 | impl<T> FromIterator<T> for Vec<T> {
     | ^^^^^^^^^^^^^^^^^^^^^^^^^^^^^^^^^^
     = help: for that trait implementation, expected `String`, found `string_intern::Symbol`
note: the method call chain might not have had the expected associated types
    --> src/simulator/engine/eval.rs:1831:14
     |
1825 |           let signal_names: Vec<(String, SignalId)> = self
     |  _____________________________________________________-
1826 | |             .design
1827 | |             .top
1828 | |             .signals
     | |____________________- this expression has type `Vec<SignalInfo>`
1829 |               .iter()
     |                ------ `Iterator::Item` is `&SignalInfo` here
1830 |               .enumerate()
     |                ----------- `Iterator::Item` changed to `(usize, &SignalInfo)` here
1831 |               .map(|(i, s)| (s.name.clone(), i))
     |                ^^^^^^^^^^^^^^^^^^^^^^^^^^^^^^^^^ `Iterator::Item` changed to `(Symbol, usize)` here
note: required by a bound in `std::iter::Iterator::collect`
    --> /home/whale-d/.rustup/toolchains/nightly-x86_64-unknown-linux-gnu/lib/rustlib/src/rust/library/core/src/iter/traits/iterator.rs:2079:19
     |
2079 |     fn collect<B: FromIterator<Self::Item>>(self) -> B
     |                   ^^^^^^^^^^^^^^^^^^^^^^^^ required by this bound in `Iterator::collect`

error[E0277]: can't compare `String` with `string_intern::Symbol`
    --> src/simulator/engine/eval.rs:1844:85
     |
1844 | ...| n == data_sig) {
     |        ^^ no implementation for `String == string_intern::Symbol`
     |
     = help: the trait `PartialEq<string_intern::Symbol>` is not implemented for `String`
     = help: `String` implements trait `PartialEq<Rhs>`:
               PartialEq<&str>
               PartialEq<ByteStr>
               PartialEq<ByteString>
               PartialEq<Cow<'_, str>>
               PartialEq<Path>
               PartialEq<PathBuf>
               PartialEq<clap::Id>
               PartialEq<clap::builder::OsStr>
             and 3 others
     = note: required for `&String` to implement `PartialEq<&string_intern::Symbol>`

error[E0277]: can't compare `String` with `string_intern::Symbol`
    --> src/simulator/engine/eval.rs:1862:85
     |
1862 | ...| n == data_sig) {
     |        ^^ no implementation for `String == string_intern::Symbol`
     |
     = help: the trait `PartialEq<string_intern::Symbol>` is not implemented for `String`
     = help: `String` implements trait `PartialEq<Rhs>`:
               PartialEq<&str>
               PartialEq<ByteStr>
               PartialEq<ByteString>
               PartialEq<Cow<'_, str>>
               PartialEq<Path>
               PartialEq<PathBuf>
               PartialEq<clap::Id>
               PartialEq<clap::builder::OsStr>
             and 3 others
     = note: required for `&String` to implement `PartialEq<&string_intern::Symbol>`

error[E0277]: can't compare `String` with `string_intern::Symbol`
    --> src/simulator/engine/eval.rs:1882:85
     |
1882 | ...| n == data_sig) {
     |        ^^ no implementation for `String == string_intern::Symbol`
     |
     = help: the trait `PartialEq<string_intern::Symbol>` is not implemented for `String`
     = help: `String` implements trait `PartialEq<Rhs>`:
               PartialEq<&str>
               PartialEq<ByteStr>
               PartialEq<ByteString>
               PartialEq<Cow<'_, str>>
               PartialEq<Path>
               PartialEq<PathBuf>
               PartialEq<clap::Id>
               PartialEq<clap::builder::OsStr>
             and 3 others
     = note: required for `&String` to implement `PartialEq<&string_intern::Symbol>`

error[E0277]: can't compare `String` with `string_intern::Symbol`
    --> src/simulator/engine/eval.rs:1904:85
     |
1904 | ...| n == data_sig) {
     |        ^^ no implementation for `String == string_intern::Symbol`
     |
     = help: the trait `PartialEq<string_intern::Symbol>` is not implemented for `String`
     = help: `String` implements trait `PartialEq<Rhs>`:
               PartialEq<&str>
               PartialEq<ByteStr>
               PartialEq<ByteString>
               PartialEq<Cow<'_, str>>
               PartialEq<Path>
               PartialEq<PathBuf>
               PartialEq<clap::Id>
               PartialEq<clap::builder::OsStr>
             and 3 others
     = note: required for `&String` to implement `PartialEq<&string_intern::Symbol>`

error[E0277]: can't compare `String` with `string_intern::Symbol`
    --> src/simulator/engine/eval.rs:1921:85
     |
1921 | ...| n == data_sig) {
     |        ^^ no implementation for `String == string_intern::Symbol`
     |
     = help: the trait `PartialEq<string_intern::Symbol>` is not implemented for `String`
     = help: `String` implements trait `PartialEq<Rhs>`:
               PartialEq<&str>
               PartialEq<ByteStr>
               PartialEq<ByteString>
               PartialEq<Cow<'_, str>>
               PartialEq<Path>
               PartialEq<PathBuf>
               PartialEq<clap::Id>
               PartialEq<clap::builder::OsStr>
             and 3 others
     = note: required for `&String` to implement `PartialEq<&string_intern::Symbol>`

error[E0277]: can't compare `String` with `string_intern::Symbol`
    --> src/simulator/engine/eval.rs:1940:85
     |
1940 | ...| n == data_sig) {
     |        ^^ no implementation for `String == string_intern::Symbol`
     |
     = help: the trait `PartialEq<string_intern::Symbol>` is not implemented for `String`
     = help: `String` implements trait `PartialEq<Rhs>`:
               PartialEq<&str>
               PartialEq<ByteStr>
               PartialEq<ByteString>
               PartialEq<Cow<'_, str>>
               PartialEq<Path>
               PartialEq<PathBuf>
               PartialEq<clap::Id>
               PartialEq<clap::builder::OsStr>
             and 3 others
     = note: required for `&String` to implement `PartialEq<&string_intern::Symbol>`

error[E0277]: can't compare `String` with `string_intern::Symbol`
    --> src/simulator/engine/eval.rs:1956:85
     |
1956 | ...| n == ref_sig) {
     |        ^^ no implementation for `String == string_intern::Symbol`
     |
     = help: the trait `PartialEq<string_intern::Symbol>` is not implemented for `String`
     = help: `String` implements trait `PartialEq<Rhs>`:
               PartialEq<&str>
               PartialEq<ByteStr>
               PartialEq<ByteString>
               PartialEq<Cow<'_, str>>
               PartialEq<Path>
               PartialEq<PathBuf>
               PartialEq<clap::Id>
               PartialEq<clap::builder::OsStr>
             and 3 others
     = note: required for `&String` to implement `PartialEq<&string_intern::Symbol>`

error[E0277]: can't compare `String` with `string_intern::Symbol`
    --> src/simulator/engine/eval.rs:1973:85
     |
1973 | ...| n == ref_sig) {
     |        ^^ no implementation for `String == string_intern::Symbol`
     |
     = help: the trait `PartialEq<string_intern::Symbol>` is not implemented for `String`
     = help: `String` implements trait `PartialEq<Rhs>`:
               PartialEq<&str>
               PartialEq<ByteStr>
               PartialEq<ByteString>
               PartialEq<Cow<'_, str>>
               PartialEq<Path>
               PartialEq<PathBuf>
               PartialEq<clap::Id>
               PartialEq<clap::builder::OsStr>
             and 3 others
     = note: required for `&String` to implement `PartialEq<&string_intern::Symbol>`

error[E0277]: can't compare `String` with `string_intern::Symbol`
    --> src/simulator/engine/eval.rs:1990:85
     |
1990 | ...| n == data_sig) {
     |        ^^ no implementation for `String == string_intern::Symbol`
     |
     = help: the trait `PartialEq<string_intern::Symbol>` is not implemented for `String`
     = help: `String` implements trait `PartialEq<Rhs>`:
               PartialEq<&str>
               PartialEq<ByteStr>
               PartialEq<ByteString>
               PartialEq<Cow<'_, str>>
               PartialEq<Path>
               PartialEq<PathBuf>
               PartialEq<clap::Id>
               PartialEq<clap::builder::OsStr>
             and 3 others
     = note: required for `&String` to implement `PartialEq<&string_intern::Symbol>`

error[E0277]: can't compare `String` with `string_intern::Symbol`
    --> src/simulator/engine/eval.rs:1994:77
     |
1994 | ...                   signal_names.iter().find(|(n, _)| n == ref_sig)
     |                                                           ^^ no implementation for `String == string_intern::Symbol`
     |
     = help: the trait `PartialEq<string_intern::Symbol>` is not implemented for `String`
     = help: `String` implements trait `PartialEq<Rhs>`:
               PartialEq<&str>
               PartialEq<ByteStr>
               PartialEq<ByteString>
               PartialEq<Cow<'_, str>>
               PartialEq<Path>
               PartialEq<PathBuf>
               PartialEq<clap::Id>
               PartialEq<clap::builder::OsStr>
             and 3 others
     = note: required for `&String` to implement `PartialEq<&string_intern::Symbol>`

error[E0277]: can't compare `String` with `string_intern::Symbol`
    --> src/simulator/engine/eval.rs:2021:85
     |
2021 | ...| n == data_sig) {
     |        ^^ no implementation for `String == string_intern::Symbol`
     |
     = help: the trait `PartialEq<string_intern::Symbol>` is not implemented for `String`
     = help: `String` implements trait `PartialEq<Rhs>`:
               PartialEq<&str>
               PartialEq<ByteStr>
               PartialEq<ByteString>
               PartialEq<Cow<'_, str>>
               PartialEq<Path>
               PartialEq<PathBuf>
               PartialEq<clap::Id>
               PartialEq<clap::builder::OsStr>
             and 3 others
     = note: required for `&String` to implement `PartialEq<&string_intern::Symbol>`

error[E0277]: can't compare `String` with `string_intern::Symbol`
    --> src/simulator/engine/eval.rs:2025:77
     |
2025 | ...                   signal_names.iter().find(|(n, _)| n == ref_sig)
     |                                                           ^^ no implementation for `String == string_intern::Symbol`
     |
     = help: the trait `PartialEq<string_intern::Symbol>` is not implemented for `String`
     = help: `String` implements trait `PartialEq<Rhs>`:
               PartialEq<&str>
               PartialEq<ByteStr>
               PartialEq<ByteString>
               PartialEq<Cow<'_, str>>
               PartialEq<Path>
               PartialEq<PathBuf>
               PartialEq<clap::Id>
               PartialEq<clap::builder::OsStr>
             and 3 others
     = note: required for `&String` to implement `PartialEq<&string_intern::Symbol>`

error[E0277]: can't compare `String` with `string_intern::Symbol`
    --> src/simulator/engine/eval.rs:2053:85
     |
2053 | ...| n == data_sig) {
     |        ^^ no implementation for `String == string_intern::Symbol`
     |
     = help: the trait `PartialEq<string_intern::Symbol>` is not implemented for `String`
     = help: `String` implements trait `PartialEq<Rhs>`:
               PartialEq<&str>
               PartialEq<ByteStr>
               PartialEq<ByteString>
               PartialEq<Cow<'_, str>>
               PartialEq<Path>
               PartialEq<PathBuf>
               PartialEq<clap::Id>
               PartialEq<clap::builder::OsStr>
             and 3 others
     = note: required for `&String` to implement `PartialEq<&string_intern::Symbol>`

error[E0308]: mismatched types
    --> src/simulator/engine/eval.rs:2172:26
     |
2172 |             scope.insert(name.to_string(), val);
     |                   ------ ^^^^^^^^^^^^^^^^ expected `Symbol`, found `String`
     |                   |
     |                   arguments to this method are incorrect
     |
note: method defined here
    --> /home/whale-d/.rustup/toolchains/nightly-x86_64-unknown-linux-gnu/lib/rustlib/src/rust/library/std/src/collections/hash/map.rs:1328:12
     |
1328 |     pub fn insert(&mut self, k: K, v: V) -> Option<V> {
     |            ^^^^^^

error[E0308]: mismatched types
    --> src/simulator/engine/eval.rs:2178:72
     |
2178 | ...elf.write_local_or_field(name, val),
     |        -------------------- ^^^^ expected `&str`, found `&Symbol`
     |        |
     |        arguments to this method are incorrect
     |
     = note: expected reference `&str`
                found reference `&string_intern::Symbol`
note: method defined here
    --> src/simulator/engine/eval.rs:2240:8
     |
2240 |     fn write_local_or_field(&mut self, name: &str, val: LogicVec) -> R...
     |        ^^^^^^^^^^^^^^^^^^^^            ----------

error[E0308]: mismatched types
    --> src/simulator/engine/eval.rs:2202:47
     |
2202 |                 let sig_id = self.find_signal(name)?;
     |                                   ----------- ^^^^ expected `&str`, found `&Symbol`
     |                                   |
     |                                   arguments to this method are incorrect
     |
     = note: expected reference `&str`
                found reference `&string_intern::Symbol`
note: method defined here
    --> src/simulator/engine/eval.rs:2850:19
     |
2850 |     pub(crate) fn find_signal(&self, name: &str) -> Option<usize> {
     |                   ^^^^^^^^^^^        ----------

error[E0308]: mismatched types
    --> src/simulator/engine/eval.rs:2211:63
     |
2211 |             crate::ast::Expr::Ident(name) => self.find_signal(name),
     |                                                   ----------- ^^^^ expected `&str`, found `&Symbol`
     |                                                   |
     |                                                   arguments to this method are incorrect
     |
     = note: expected reference `&str`
                found reference `&string_intern::Symbol`
note: method defined here
    --> src/simulator/engine/eval.rs:2850:19
     |
2850 |     pub(crate) fn find_signal(&self, name: &str) -> Option<usize> {
     |                   ^^^^^^^^^^^        ----------

error[E0308]: mismatched types
    --> src/simulator/engine/eval.rs:2247:35
     |
2247 |                 obj.fields.insert(name.to_string(), val);
     |                            ------ ^^^^^^^^^^^^^^^^ expected `Symbol`, found `String`
     |                            |
     |                            arguments to this method are incorrect
     |
note: method defined here
    --> /home/whale-d/.rustup/toolchains/nightly-x86_64-unknown-linux-gnu/lib/rustlib/src/rust/library/std/src/collections/hash/map.rs:1328:12
     |
1328 |     pub fn insert(&mut self, k: K, v: V) -> Option<V> {
     |            ^^^^^^

error[E0308]: mismatched types
    --> src/simulator/engine/eval.rs:2280:53
     |
2280 |                 if let Some(local) = self.get_local(name) {
     |                                           --------- ^^^^ expected `&str`, found `&Symbol`
     |                                           |
     |                                           arguments to this method are incorrect
     |
     = note: expected reference `&str`
                found reference `&string_intern::Symbol`
note: method defined here
    --> src/simulator/engine/eval.rs:2161:19
     |
2161 |     pub(crate) fn get_local(&self, name: &str) -> Option<LogicVec> {
     |                   ^^^^^^^^^        ----------

error[E0308]: mismatched types
    --> src/simulator/engine/eval.rs:2290:56
     |
2290 |                 if let Some(sig_id) = self.find_signal(name) {
     |                                            ----------- ^^^^ expected `&str`, found `&Symbol`
     |                                            |
     |                                            arguments to this method are incorrect
     |
     = note: expected reference `&str`
                found reference `&string_intern::Symbol`
note: method defined here
    --> src/simulator/engine/eval.rs:2850:19
     |
2850 |     pub(crate) fn find_signal(&self, name: &str) -> Option<usize> {
     |                   ^^^^^^^^^^^        ----------

error[E0308]: mismatched types
    --> src/simulator/engine/eval.rs:2348:54
     |
2348 |                 let obj_id = self.state.alloc_object("");
     |                                         ------------ ^^ expected `Symbol`, found `&str`
     |                                         |
     |                                         arguments to this method are incorrect
     |
note: method defined here
    --> src/simulator/state.rs:41:12
     |
  41 | ... fn alloc_object(&mut self, class_name: crate::intern::Symbol) -> O...
     |        ^^^^^^^^^^^^            ---------------------------------
help: call `Into::into` on this expression to convert `&'static str` into `string_intern::Symbol`
     |
2348 |                 let obj_id = self.state.alloc_object("".into());
     |                                                        +++++++

error[E0308]: mismatched types
    --> src/simulator/engine/eval.rs:2380:54
     |
2380 |                 let obj_id = self.state.alloc_object(&effective);
     |                                         ------------ ^^^^^^^^^^ expected `Symbol`, found `&String`
     |                                         |
     |                                         arguments to this method are incorrect
     |
note: method defined here
    --> src/simulator/state.rs:41:12
     |
  41 | ... fn alloc_object(&mut self, class_name: crate::intern::Symbol) -> O...
     |        ^^^^^^^^^^^^            ---------------------------------

error[E0624]: method `find_method_in_hierarchy` is private
    --> src/simulator/engine/eval.rs:2426:25
     |
2426 |   ...   if self.find_method_in_hierarchy(&effective, "new").is_ok() {
     |                 ^^^^^^^^^^^^^^^^^^^^^^^^ private method
     |
    ::: src/simulator/engine/uvm.rs:1667:5
     |
1667 | /     fn find_method_in_hierarchy(
1668 | |         &self,
1669 | |         class_name: &str,
1670 | |         method: &str,
1671 | |     ) -> Result<IrClassMethod, SimError> {
     | |________________________________________- private method defined here

error[E0624]: method `execute_method` is private
    --> src/simulator/engine/eval.rs:2427:26
     |
2427 |                       self.execute_method(obj_id, "new", &arg_vals)?;
     |                            ^^^^^^^^^^^^^^ private method
     |
    ::: src/simulator/engine/uvm.rs:285:5
     |
 285 | /     fn execute_method(
 286 | |         &mut self,
 287 | |         obj_id: ObjId,
 288 | |         method: &str,
 289 | |         args: &[LogicVec],
 290 | |     ) -> Result<LogicVec, SimError> {
     | |___________________________________- private method defined here

error[E0308]: arguments to this method are incorrect
    --> src/simulator/engine/eval.rs:2452:22
     |
2452 |                     .insert((inst_name, field_name), value);
     |                      ^^^^^^
     |
note: expected `String`, found `(String, String)`
    --> src/simulator/engine/eval.rs:2452:29
     |
2452 |                     .insert((inst_name, field_name), value);
     |                             ^^^^^^^^^^^^^^^^^^^^^^^
     = note: expected struct `String`
                 found tuple `(String, String)`
note: expected `HashMap<String, LogicVec>`, found `LogicVec`
    --> src/simulator/engine/eval.rs:2452:54
     |
2452 |                     .insert((inst_name, field_name), value);
     |                                                      ^^^^^
     = note: expected struct `HashMap<String, ir::ir::LogicVec>`
                found struct `ir::ir::LogicVec`
help: the return type of this call is `ir::ir::LogicVec` due to the type of the argument passed
    --> src/simulator/engine/eval.rs:2451:17
     |
2451 | /                 self.uvm_config_db_data
2452 | |                     .insert((inst_name, field_name), value);
     | |______________________________________________________-----^
     |                                                        |
     |                                                        this argument influences the return type of `insert`
note: method defined here
    --> /home/whale-d/.rustup/toolchains/nightly-x86_64-unknown-linux-gnu/lib/rustlib/src/rust/library/std/src/collections/hash/map.rs:1328:12
     |
1328 |     pub fn insert(&mut self, k: K, v: V) -> Option<V> {
     |            ^^^^^^

error[E0277]: the trait bound `String: Borrow<(String, String)>` is not satisfied
    --> src/simulator/engine/eval.rs:2471:58
     |
2471 |                 let stored = self.uvm_config_db_data.get(&key).cloned();
     |                                                      --- ^^^^ the trait `Borrow<(String, String)>` is not implemented for `String`
     |                                                      |
     |                                                      required by a bound introduced by this call
     |
help: the trait `Borrow<(String, String)>` is not implemented for `String`
      but trait `Borrow<str>` is implemented for it
    --> /home/whale-d/.rustup/toolchains/nightly-x86_64-unknown-linux-gnu/lib/rustlib/src/rust/library/alloc/src/str.rs:212:1
     |
 212 | impl Borrow<str> for String {
     | ^^^^^^^^^^^^^^^^^^^^^^^^^^^
     = help: for that trait implementation, expected `str`, found `(String, String)`
note: required by a bound in `HashMap::<K, V, S, A>::get`
    --> /home/whale-d/.rustup/toolchains/nightly-x86_64-unknown-linux-gnu/lib/rustlib/src/rust/library/std/src/collections/hash/map.rs:1032:12
     |
1030 |     pub fn get<Q: ?Sized>(&self, k: &Q) -> Option<&V>
     |            --- required by a bound in this associated function
1031 |     where
1032 |         K: Borrow<Q>,
     |            ^^^^^^^^^ required by this bound in `HashMap::<K, V, S, A>::get`

error[E0308]: arguments to this method are incorrect
    --> src/simulator/engine/eval.rs:2476:38
     |
2476 | ...                   self.write_local_or_field(var, val.clone())?;
     |                            ^^^^^^^^^^^^^^^^^^^^ --- expected `&str`, found `&Symbol`
     |
     = note: expected reference `&str`
                found reference `&string_intern::Symbol`
note: expected `LogicVec`, found `HashMap<String, LogicVec>`
    --> src/simulator/engine/eval.rs:2476:64
     |
2476 | ...                   self.write_local_or_field(var, val.clone())?;
     |                                                      ^^^^^^^^^^^
     = note: expected struct `ir::ir::LogicVec`
                found struct `HashMap<String, ir::ir::LogicVec>`
note: method defined here
    --> src/simulator/engine/eval.rs:2240:8
     |
2240 |     fn write_local_or_field(&mut self, name: &str, val: LogicVec) -> R...
     |        ^^^^^^^^^^^^^^^^^^^^            ----------  -------------

error[E0308]: mismatched types
    --> src/simulator/engine/eval.rs:2482:70
     |
2482 | ...                   obj.fields.insert(field.clone(), val.clone());
     |                                  ------                ^^^^^^^^^^^ expected `LogicVec`, found `HashMap<String, LogicVec>`
     |                                  |
     |                                  arguments to this method are incorrect
     |
     = note: expected struct `ir::ir::LogicVec`
                found struct `HashMap<String, ir::ir::LogicVec>`
help: the return type of this call is `HashMap<String, ir::ir::LogicVec>` due to the type of the argument passed
    --> src/simulator/engine/eval.rs:2482:37
     |
2482 | ...                   obj.fields.insert(field.clone(), val.clone());
     |                       ^^^^^^^^^^^^^^^^^^^^^^^^^^^^^^^^^-----------^
     |                                                        |
     |                                                        this argument influences the return type of `insert`
note: method defined here
    --> /home/whale-d/.rustup/toolchains/nightly-x86_64-unknown-linux-gnu/lib/rustlib/src/rust/library/std/src/collections/hash/map.rs:1328:12
     |
1328 |     pub fn insert(&mut self, k: K, v: V) -> Option<V> {
     |            ^^^^^^

error[E0308]: arguments to this method are incorrect
    --> src/simulator/engine/eval.rs:2513:43
     |
2513 |                 self.uvm_resource_db_data.insert((scope, rname), value);
     |                                           ^^^^^^
     |
note: expected `String`, found `(String, String)`
    --> src/simulator/engine/eval.rs:2513:50
     |
2513 |                 self.uvm_resource_db_data.insert((scope, rname), value);
     |                                                  ^^^^^^^^^^^^^^
     = note: expected struct `String`
                 found tuple `(String, String)`
note: expected `HashMap<String, LogicVec>`, found `LogicVec`
    --> src/simulator/engine/eval.rs:2513:66
     |
2513 |                 self.uvm_resource_db_data.insert((scope, rname), value);
     |                                                                  ^^^^^
     = note: expected struct `HashMap<String, ir::ir::LogicVec>`
                found struct `ir::ir::LogicVec`
help: the return type of this call is `ir::ir::LogicVec` due to the type of the argument passed
    --> src/simulator/engine/eval.rs:2513:17
     |
2513 |                 self.uvm_resource_db_data.insert((scope, rname), value);
     |                 ^^^^^^^^^^^^^^^^^^^^^^^^^^^^^^^^^^^^^^^^^^^^^^^^^-----^
     |                                                                  |
     |                                                                  this argument influences the return type of `insert`
note: method defined here
    --> /home/whale-d/.rustup/toolchains/nightly-x86_64-unknown-linux-gnu/lib/rustlib/src/rust/library/std/src/collections/hash/map.rs:1328:12
     |
1328 |     pub fn insert(&mut self, k: K, v: V) -> Option<V> {
     |            ^^^^^^

error[E0277]: the trait bound `String: Borrow<(String, String)>` is not satisfied
    --> src/simulator/engine/eval.rs:2532:60
     |
2532 | ...f.uvm_resource_db_data.get(&key).cloned();
     |                           --- ^^^^ the trait `Borrow<(String, String)>` is not implemented for `String`
     |                           |
     |                           required by a bound introduced by this call
     |
help: the trait `Borrow<(String, String)>` is not implemented for `String`
      but trait `Borrow<str>` is implemented for it
    --> /home/whale-d/.rustup/toolchains/nightly-x86_64-unknown-linux-gnu/lib/rustlib/src/rust/library/alloc/src/str.rs:212:1
     |
 212 | impl Borrow<str> for String {
     | ^^^^^^^^^^^^^^^^^^^^^^^^^^^
     = help: for that trait implementation, expected `str`, found `(String, String)`
note: required by a bound in `HashMap::<K, V, S, A>::get`
    --> /home/whale-d/.rustup/toolchains/nightly-x86_64-unknown-linux-gnu/lib/rustlib/src/rust/library/std/src/collections/hash/map.rs:1032:12
     |
1030 |     pub fn get<Q: ?Sized>(&self, k: &Q) -> Option<&V>
     |            --- required by a bound in this associated function
1031 |     where
1032 |         K: Borrow<Q>,
     |            ^^^^^^^^^ required by this bound in `HashMap::<K, V, S, A>::get`

error[E0308]: arguments to this method are incorrect
    --> src/simulator/engine/eval.rs:2537:38
     |
2537 | ...                   self.write_local_or_field(var, val.clone())?;
     |                            ^^^^^^^^^^^^^^^^^^^^ --- expected `&str`, found `&Symbol`
     |
     = note: expected reference `&str`
                found reference `&string_intern::Symbol`
note: expected `LogicVec`, found `HashMap<String, LogicVec>`
    --> src/simulator/engine/eval.rs:2537:64
     |
2537 | ...                   self.write_local_or_field(var, val.clone())?;
     |                                                      ^^^^^^^^^^^
     = note: expected struct `ir::ir::LogicVec`
                found struct `HashMap<String, ir::ir::LogicVec>`
note: method defined here
    --> src/simulator/engine/eval.rs:2240:8
     |
2240 |     fn write_local_or_field(&mut self, name: &str, val: LogicVec) -> R...
     |        ^^^^^^^^^^^^^^^^^^^^            ----------  -------------

error[E0308]: mismatched types
    --> src/simulator/engine/eval.rs:2543:70
     |
2543 | ...                   obj.fields.insert(field.clone(), val.clone());
     |                                  ------                ^^^^^^^^^^^ expected `LogicVec`, found `HashMap<String, LogicVec>`
     |                                  |
     |                                  arguments to this method are incorrect
     |
     = note: expected struct `ir::ir::LogicVec`
                found struct `HashMap<String, ir::ir::LogicVec>`
help: the return type of this call is `HashMap<String, ir::ir::LogicVec>` due to the type of the argument passed
    --> src/simulator/engine/eval.rs:2543:37
     |
2543 | ...                   obj.fields.insert(field.clone(), val.clone());
     |                       ^^^^^^^^^^^^^^^^^^^^^^^^^^^^^^^^^-----------^
     |                                                        |
     |                                                        this argument influences the return type of `insert`
note: method defined here
    --> /home/whale-d/.rustup/toolchains/nightly-x86_64-unknown-linux-gnu/lib/rustlib/src/rust/library/std/src/collections/hash/map.rs:1328:12
     |
1328 |     pub fn insert(&mut self, k: K, v: V) -> Option<V> {
     |            ^^^^^^

error[E0624]: method `execute_super_method` is private
    --> src/simulator/engine/eval.rs:2606:37
     |
2606 |   ...   return self.execute_super_method(method, &arg_vals);
     |                     ^^^^^^^^^^^^^^^^^^^^ private method
     |
    ::: src/simulator/engine/uvm.rs:1487:5
     |
1487 | /     fn execute_super_method(
1488 | |         &mut self,
1489 | |         method: &str,
1490 | |         args: &[LogicVec],
1491 | |     ) -> Result<LogicVec, SimError> {
     | |___________________________________- private method defined here

error[E0624]: method `execute_method` is private
    --> src/simulator/engine/eval.rs:2615:22
     |
2615 |                   self.execute_method(obj_id, method, &arg_vals)
     |                        ^^^^^^^^^^^^^^ private method
     |
    ::: src/simulator/engine/uvm.rs:285:5
     |
 285 | /     fn execute_method(
 286 | |         &mut self,
 287 | |         obj_id: ObjId,
 288 | |         method: &str,
 289 | |         args: &[LogicVec],
 290 | |     ) -> Result<LogicVec, SimError> {
     | |___________________________________- private method defined here

error[E0308]: mismatched types
    --> src/simulator/engine/eval.rs:2619:60
     |
2619 |                 let hier_name = Self::build_hier_name(obj, field);
     |                                 ---------------------      ^^^^^ expected `&str`, found `&Symbol`
     |                                 |
     |                                 arguments to this function are incorrect
     |
     = note: expected reference `&str`
                found reference `&string_intern::Symbol`
note: associated function defined here
    --> src/simulator/engine/eval.rs:2859:8
     |
2859 |     fn build_hier_name(obj: &Expr, field: &str) -> String {
     |        ^^^^^^^^^^^^^^^             -----------

error[E0624]: method `get_field_elem_width` is private
    --> src/simulator/engine/eval.rs:2641:48
     |
2641 | ...m_width) = self.get_field_elem_width(inner) {
     |                    ^^^^^^^^^^^^^^^^^^^^ private method
     |
    ::: src/simulator/engine/uvm.rs:1629:5
     |
1629 |     fn get_field_elem_width(&self, expr: &Expr) -> Option<usize> {
     |     ------------------------------------------------------------ private method defined here

error[E0308]: mismatched types
    --> src/simulator/engine/eval.rs:2826:92
     |
2826 | ...ch crate::elaboration::elaborator::parse_type_spec_str(dtype) {
     |       --------------------------------------------------- ^^^^^ expected `&str`, found `&Symbol`
     |       |
     |       arguments to this function are incorrect
     |
     = note: expected reference `&str`
                found reference `&string_intern::Symbol`
note: function defined here
    --> src/elaboration/elaborator.rs:5549:15
     |
5549 | pub(crate) fn parse_type_spec_str(s: &str) -> Option<DataType> {
     |               ^^^^^^^^^^^^^^^^^^^ -------

error[E0308]: mismatched types
    --> src/simulator/engine/eval.rs:2866:63
     |
2866 | ...!("{}.{}", Self::build_hier_name(inner, inner_field), field)
     |               ---------------------        ^^^^^^^^^^^ expected `&str`, found `&Symbol`
     |               |
     |               arguments to this function are incorrect
     |
     = note: expected reference `&str`
                found reference `&string_intern::Symbol`
note: associated function defined here
    --> src/simulator/engine/eval.rs:2859:8
     |
2859 |     fn build_hier_name(obj: &Expr, field: &str) -> String {
     |        ^^^^^^^^^^^^^^^             -----------

error[E0308]: mismatched types
    --> src/simulator/engine/eval.rs:2883:68
     |
2883 | ...elf.write_local_or_field(name, val),
     |        -------------------- ^^^^ expected `&str`, found `&Symbol`
     |        |
     |        arguments to this method are incorrect
     |
     = note: expected reference `&str`
                found reference `&string_intern::Symbol`
note: method defined here
    --> src/simulator/engine/eval.rs:2240:8
     |
2240 |     fn write_local_or_field(&mut self, name: &str, val: LogicVec) -> R...
     |        ^^^^^^^^^^^^^^^^^^^^            ----------

error[E0624]: method `get_field_elem_width` is private
    --> src/simulator/engine/eval.rs:2900:56
     |
2900 | ...m_width) = self.get_field_elem_width(inner) {
     |                    ^^^^^^^^^^^^^^^^^^^^ private method
     |
    ::: src/simulator/engine/uvm.rs:1629:5
     |
1629 |     fn get_field_elem_width(&self, expr: &Expr) -> Option<usize> {
     |     ------------------------------------------------------------ private method defined here

error[E0308]: mismatched types
    --> src/simulator/engine/eval.rs:2915:63
     |
2915 | ...                   self.write_local_or_field(name, new_val)?;
     |                            -------------------- ^^^^ expected `&str`, found `&Symbol`
     |                            |
     |                            arguments to this method are incorrect
     |
     = note: expected reference `&str`
                found reference `&string_intern::Symbol`
note: method defined here
    --> src/simulator/engine/eval.rs:2240:8
     |
2240 |     fn write_local_or_field(&mut self, name: &str, val: LogicVec) -> R...
     |        ^^^^^^^^^^^^^^^^^^^^            ----------

error[E0308]: mismatched types
    --> src/simulator/engine/eval.rs:2938:63
     |
2938 | ...                   self.write_local_or_field(name, new_val)?;
     |                            -------------------- ^^^^ expected `&str`, found `&Symbol`
     |                            |
     |                            arguments to this method are incorrect
     |
     = note: expected reference `&str`
                found reference `&string_intern::Symbol`
note: method defined here
    --> src/simulator/engine/eval.rs:2240:8
     |
2240 |     fn write_local_or_field(&mut self, name: &str, val: LogicVec) -> R...
     |        ^^^^^^^^^^^^^^^^^^^^            ----------

error[E0308]: mismatched types
    --> src/simulator/engine/eval.rs:2976:59
     |
2976 | ...                   self.write_local_or_field(name, new_val)?;
     |                            -------------------- ^^^^ expected `&str`, found `&Symbol`
     |                            |
     |                            arguments to this method are incorrect
     |
     = note: expected reference `&str`
                found reference `&string_intern::Symbol`
note: method defined here
    --> src/simulator/engine/eval.rs:2240:8
     |
2240 |     fn write_local_or_field(&mut self, name: &str, val: LogicVec) -> R...
     |        ^^^^^^^^^^^^^^^^^^^^            ----------

error[E0308]: mismatched types
    --> src/simulator/engine/eval.rs:2998:68
     |
2998 | ...elf.write_local_or_field(name, val),
     |        -------------------- ^^^^ expected `&str`, found `&Symbol`
     |        |
     |        arguments to this method are incorrect
     |
     = note: expected reference `&str`
                found reference `&string_intern::Symbol`
note: method defined here
    --> src/simulator/engine/eval.rs:2240:8
     |
2240 |     fn write_local_or_field(&mut self, name: &str, val: LogicVec) -> R...
     |        ^^^^^^^^^^^^^^^^^^^^            ----------

error[E0624]: method `get_field_elem_width` is private
    --> src/simulator/engine/eval.rs:3015:56
     |
3015 | ...m_width) = self.get_field_elem_width(inner) {
     |                    ^^^^^^^^^^^^^^^^^^^^ private method
     |
    ::: src/simulator/engine/uvm.rs:1629:5
     |
1629 |     fn get_field_elem_width(&self, expr: &Expr) -> Option<usize> {
     |     ------------------------------------------------------------ private method defined here

error[E0308]: mismatched types
    --> src/simulator/engine/eval.rs:3030:63
     |
3030 | ...                   self.write_local_or_field(name, new_val)?;
     |                            -------------------- ^^^^ expected `&str`, found `&Symbol`
     |                            |
     |                            arguments to this method are incorrect
     |
     = note: expected reference `&str`
                found reference `&string_intern::Symbol`
note: method defined here
    --> src/simulator/engine/eval.rs:2240:8
     |
2240 |     fn write_local_or_field(&mut self, name: &str, val: LogicVec) -> R...
     |        ^^^^^^^^^^^^^^^^^^^^            ----------

error[E0308]: mismatched types
    --> src/simulator/engine/eval.rs:3053:63
     |
3053 | ...                   self.write_local_or_field(name, new_val)?;
     |                            -------------------- ^^^^ expected `&str`, found `&Symbol`
     |                            |
     |                            arguments to this method are incorrect
     |
     = note: expected reference `&str`
                found reference `&string_intern::Symbol`
note: method defined here
    --> src/simulator/engine/eval.rs:2240:8
     |
2240 |     fn write_local_or_field(&mut self, name: &str, val: LogicVec) -> R...
     |        ^^^^^^^^^^^^^^^^^^^^            ----------

error[E0308]: mismatched types
    --> src/simulator/engine/eval.rs:3091:59
     |
3091 | ...                   self.write_local_or_field(name, new_val)?;
     |                            -------------------- ^^^^ expected `&str`, found `&Symbol`
     |                            |
     |                            arguments to this method are incorrect
     |
     = note: expected reference `&str`
                found reference `&string_intern::Symbol`
note: method defined here
    --> src/simulator/engine/eval.rs:2240:8
     |
2240 |     fn write_local_or_field(&mut self, name: &str, val: LogicVec) -> R...
     |        ^^^^^^^^^^^^^^^^^^^^            ----------

error[E0308]: mismatched types
    --> src/simulator/engine/eval.rs:3302:45
     |
3302 |                 self.disable_pending = Some(name.clone());
     |                                        ---- ^^^^^^^^^^^^ expected `String`, found `Symbol`
     |                                        |
     |                                        arguments to this enum variant are incorrect
     |
help: the type constructed contains `string_intern::Symbol` due to the type of the argument passed
    --> src/simulator/engine/eval.rs:3302:40
     |
3302 |                 self.disable_pending = Some(name.clone());
     |                                        ^^^^^------------^
     |                                             |
     |                                             this argument influences the type of `Some`
note: tuple variant defined here
    --> /home/whale-d/.rustup/toolchains/nightly-x86_64-unknown-linux-gnu/lib/rustlib/src/rust/library/core/src/option.rs:605:5
     |
 605 |     Some(#[stable(feature = "rust1", since = "1.0.0")] T),
     |     ^^^^
help: try using a conversion method
     |
3302 -                 self.disable_pending = Some(name.clone());
3302 +                 self.disable_pending = Some(name.to_string());
     |

error[E0624]: method `get_foreach_count` is private
    --> src/simulator/engine/eval.rs:3310:34
     |
3310 |                 let count = self.get_foreach_count(array_var);
     |                                  ^^^^^^^^^^^^^^^^^ private method
     |
    ::: src/simulator/engine/uvm.rs:1614:5
     |
1614 |     fn get_foreach_count(&self, array_var: &str) -> usize {
     |     ----------------------------------------------------- private method defined here

error[E0308]: mismatched types
    --> src/simulator/engine/eval.rs:3314:40
     |
3314 |                     .unwrap_or_else(|| "i".to_string());
     |                                        ^^^^^^^^^^^^^^^ expected `Symbol`, found `String`

error[E0308]: mismatched types
    --> src/simulator/engine/eval.rs:3339:68
     |
3339 | ...elf.write_local_or_field(name, val),
     |        -------------------- ^^^^ expected `&str`, found `&Symbol`
     |        |
     |        arguments to this method are incorrect
     |
     = note: expected reference `&str`
                found reference `&string_intern::Symbol`
note: method defined here
    --> src/simulator/engine/eval.rs:2240:8
     |
2240 |     fn write_local_or_field(&mut self, name: &str, val: LogicVec) -> R...
     |        ^^^^^^^^^^^^^^^^^^^^            ----------

error[E0308]: mismatched types
  --> src/simulator/engine/uvm.rs:24:44
   |
24 |             if !self.is_uvm_test_hierarchy(name) {
   |                      --------------------- ^^^^ expected `&str`, found `&Symbol`
   |                      |
   |                      arguments to this method are incorrect
   |
   = note: expected reference `&str`
              found reference `&string_intern::Symbol`
note: method defined here
  --> src/simulator/engine/uvm.rs:50:8
   |
50 |     fn is_uvm_test_hierarchy(&self, class_name: &str) -> bool {
   |        ^^^^^^^^^^^^^^^^^^^^^        ----------------

error[E0308]: mismatched types
  --> src/simulator/engine/uvm.rs:32:30
   |
32 |                 best = Some((name.clone(), count));
   |                              ^^^^^^^^^^^^ expected `String`, found `Symbol`
   |
help: try using a conversion method
   |
32 -                 best = Some((name.clone(), count));
32 +                 best = Some((name.to_string(), count));
   |

error[E0308]: mismatched types
  --> src/simulator/engine/uvm.rs:43:34
   |
43 |                     best = Some((name.clone(), count));
   |                                  ^^^^^^^^^^^^ expected `String`, found `Symbol`
   |
help: try using a conversion method
   |
43 -                     best = Some((name.clone(), count));
43 +                     best = Some((name.to_string(), count));
   |

error[E0308]: mismatched types
  --> src/simulator/engine/uvm.rs:72:46
   |
72 |         let obj_id = self.state.alloc_object(&class_name);
   |                                 ------------ ^^^^^^^^^^^ expected `Symbol`, found `&String`
   |                                 |
   |                                 arguments to this method are incorrect
   |
note: method defined here
  --> src/simulator/state.rs:41:12
   |
41 |     pub fn alloc_object(&mut self, class_name: crate::intern::Symbol) ->...
   |            ^^^^^^^^^^^^            ---------------------------------

error[E0308]: mismatched types
    --> src/simulator/engine/uvm.rs:113:54
     |
 113 | ...     if self.find_method_in_hierarchy(child_class, phase).is_ok() {
     |                 ------------------------ ^^^^^^^^^^^ expected `&str`, found `&Symbol`
     |                 |
     |                 arguments to this method are incorrect
     |
     = note: expected reference `&str`
                found reference `&string_intern::Symbol`
note: method defined here
    --> src/simulator/engine/uvm.rs:1667:8
     |
1667 |     fn find_method_in_hierarchy(
     |        ^^^^^^^^^^^^^^^^^^^^^^^^
1668 |         &self,
1669 |         class_name: &str,
     |         ----------------

error[E0608]: cannot index into a value of type `string_intern::Symbol`
   --> src/simulator/engine/uvm.rs:313:38
    |
313 |             let cg_name = &class_name["__covergroup_".len()..];
    |                                      ^^^^^^^^^^^^^^^^^^^^^^^^^

error[E0308]: mismatched types
   --> src/simulator/engine/uvm.rs:321:41
    |
321 |         if self.is_uvm_driver_hierarchy(&class_name) {
    |                 ----------------------- ^^^^^^^^^^^ expected `&str`, found `&Symbol`
    |                 |
    |                 arguments to this method are incorrect
    |
    = note: expected reference `&str`
               found reference `&string_intern::Symbol`
note: method defined here
   --> src/simulator/engine/uvm.rs:269:8
    |
269 |     fn is_uvm_driver_hierarchy(&self, class_name: &str) -> bool {
    |        ^^^^^^^^^^^^^^^^^^^^^^^        ----------------

error[E0308]: mismatched types
    --> src/simulator/engine/uvm.rs:322:62
     |
 322 | ...rride = self.find_method_in_hierarchy(&class_name, method).is_ok();
     |                 ------------------------ ^^^^^^^^^^^ expected `&str`, found `&Symbol`
     |                 |
     |                 arguments to this method are incorrect
     |
     = note: expected reference `&str`
                found reference `&string_intern::Symbol`
note: method defined here
    --> src/simulator/engine/uvm.rs:1667:8
     |
1667 |     fn find_method_in_hierarchy(
     |        ^^^^^^^^^^^^^^^^^^^^^^^^
1668 |         &self,
1669 |         class_name: &str,
     |         ----------------

error[E0308]: mismatched types
   --> src/simulator/engine/uvm.rs:328:44
    |
328 |         if self.is_uvm_sequencer_hierarchy(&class_name) {
    |                 -------------------------- ^^^^^^^^^^^ expected `&str`, found `&Symbol`
    |                 |
    |                 arguments to this method are incorrect
    |
    = note: expected reference `&str`
               found reference `&string_intern::Symbol`
note: method defined here
   --> src/simulator/engine/uvm.rs:205:8
    |
205 |     fn is_uvm_sequencer_hierarchy(&self, class_name: &str) -> bool {
    |        ^^^^^^^^^^^^^^^^^^^^^^^^^^        ----------------

error[E0308]: mismatched types
    --> src/simulator/engine/uvm.rs:329:62
     |
 329 | ...rride = self.find_method_in_hierarchy(&class_name, method).is_ok();
     |                 ------------------------ ^^^^^^^^^^^ expected `&str`, found `&Symbol`
     |                 |
     |                 arguments to this method are incorrect
     |
     = note: expected reference `&str`
                found reference `&string_intern::Symbol`
note: method defined here
    --> src/simulator/engine/uvm.rs:1667:8
     |
1667 |     fn find_method_in_hierarchy(
     |        ^^^^^^^^^^^^^^^^^^^^^^^^
1668 |         &self,
1669 |         class_name: &str,
     |         ----------------

error[E0308]: mismatched types
   --> src/simulator/engine/uvm.rs:335:43
    |
335 |         if self.is_uvm_sequence_hierarchy(&class_name) {
    |                 ------------------------- ^^^^^^^^^^^ expected `&str`, found `&Symbol`
    |                 |
    |                 arguments to this method are incorrect
    |
    = note: expected reference `&str`
               found reference `&string_intern::Symbol`
note: method defined here
   --> src/simulator/engine/uvm.rs:189:8
    |
189 |     fn is_uvm_sequence_hierarchy(&self, class_name: &str) -> bool {
    |        ^^^^^^^^^^^^^^^^^^^^^^^^^        ----------------

error[E0308]: mismatched types
    --> src/simulator/engine/uvm.rs:336:62
     |
 336 | ...rride = self.find_method_in_hierarchy(&class_name, method).is_ok();
     |                 ------------------------ ^^^^^^^^^^^ expected `&str`, found `&Symbol`
     |                 |
     |                 arguments to this method are incorrect
     |
     = note: expected reference `&str`
                found reference `&string_intern::Symbol`
note: method defined here
    --> src/simulator/engine/uvm.rs:1667:8
     |
1667 |     fn find_method_in_hierarchy(
     |        ^^^^^^^^^^^^^^^^^^^^^^^^
1668 |         &self,
1669 |         class_name: &str,
     |         ----------------

error[E0308]: mismatched types
   --> src/simulator/engine/uvm.rs:342:42
    |
342 |         if self.is_uvm_monitor_hierarchy(&class_name) {
    |                 ------------------------ ^^^^^^^^^^^ expected `&str`, found `&Symbol`
    |                 |
    |                 arguments to this method are incorrect
    |
    = note: expected reference `&str`
               found reference `&string_intern::Symbol`
note: method defined here
   --> src/simulator/engine/uvm.rs:221:8
    |
221 |     fn is_uvm_monitor_hierarchy(&self, class_name: &str) -> bool {
    |        ^^^^^^^^^^^^^^^^^^^^^^^^        ----------------

error[E0308]: mismatched types
    --> src/simulator/engine/uvm.rs:343:62
     |
 343 | ...rride = self.find_method_in_hierarchy(&class_name, method).is_ok();
     |                 ------------------------ ^^^^^^^^^^^ expected `&str`, found `&Symbol`
     |                 |
     |                 arguments to this method are incorrect
     |
     = note: expected reference `&str`
                found reference `&string_intern::Symbol`
note: method defined here
    --> src/simulator/engine/uvm.rs:1667:8
     |
1667 |     fn find_method_in_hierarchy(
     |        ^^^^^^^^^^^^^^^^^^^^^^^^
1668 |         &self,
1669 |         class_name: &str,
     |         ----------------

error[E0308]: mismatched types
   --> src/simulator/engine/uvm.rs:349:48
    |
349 |         if self.is_uvm_analysis_port_hierarchy(&class_name) {
    |                 ------------------------------ ^^^^^^^^^^^ expected `&str`, found `&Symbol`
    |                 |
    |                 arguments to this method are incorrect
    |
    = note: expected reference `&str`
               found reference `&string_intern::Symbol`
note: method defined here
   --> src/simulator/engine/uvm.rs:237:8
    |
237 |     fn is_uvm_analysis_port_hierarchy(&self, class_name: &str) -> bool {
    |        ^^^^^^^^^^^^^^^^^^^^^^^^^^^^^^        ----------------

error[E0308]: mismatched types
    --> src/simulator/engine/uvm.rs:350:62
     |
 350 | ...rride = self.find_method_in_hierarchy(&class_name, method).is_ok();
     |                 ------------------------ ^^^^^^^^^^^ expected `&str`, found `&Symbol`
     |                 |
     |                 arguments to this method are incorrect
     |
     = note: expected reference `&str`
                found reference `&string_intern::Symbol`
note: method defined here
    --> src/simulator/engine/uvm.rs:1667:8
     |
1667 |     fn find_method_in_hierarchy(
     |        ^^^^^^^^^^^^^^^^^^^^^^^^
1668 |         &self,
1669 |         class_name: &str,
     |         ----------------

error[E0308]: mismatched types
   --> src/simulator/engine/uvm.rs:356:47
    |
356 |         if self.is_uvm_analysis_imp_hierarchy(&class_name) {
    |                 ----------------------------- ^^^^^^^^^^^ expected `&str`, found `&Symbol`
    |                 |
    |                 arguments to this method are incorrect
    |
    = note: expected reference `&str`
               found reference `&string_intern::Symbol`
note: method defined here
   --> src/simulator/engine/uvm.rs:253:8
    |
253 |     fn is_uvm_analysis_imp_hierarchy(&self, class_name: &str) -> bool {
    |        ^^^^^^^^^^^^^^^^^^^^^^^^^^^^^        ----------------

error[E0308]: mismatched types
    --> src/simulator/engine/uvm.rs:357:62
     |
 357 | ...rride = self.find_method_in_hierarchy(&class_name, method).is_ok();
     |                 ------------------------ ^^^^^^^^^^^ expected `&str`, found `&Symbol`
     |                 |
     |                 arguments to this method are incorrect
     |
     = note: expected reference `&str`
                found reference `&string_intern::Symbol`
note: method defined here
    --> src/simulator/engine/uvm.rs:1667:8
     |
1667 |     fn find_method_in_hierarchy(
     |        ^^^^^^^^^^^^^^^^^^^^^^^^
1668 |         &self,
1669 |         class_name: &str,
     |         ----------------

error[E0308]: mismatched types
   --> src/simulator/engine/uvm.rs:363:48
    |
363 |         if self.is_uvm_sequence_item_hierarchy(&class_name) {
    |                 ------------------------------ ^^^^^^^^^^^ expected `&str`, found `&Symbol`
    |                 |
    |                 arguments to this method are incorrect
    |
    = note: expected reference `&str`
               found reference `&string_intern::Symbol`
note: method defined here
   --> src/simulator/engine/uvm.rs:173:8
    |
173 |     fn is_uvm_sequence_item_hierarchy(&self, class_name: &str) -> bool {
    |        ^^^^^^^^^^^^^^^^^^^^^^^^^^^^^^        ----------------

error[E0308]: mismatched types
    --> src/simulator/engine/uvm.rs:364:62
     |
 364 | ...rride = self.find_method_in_hierarchy(&class_name, method).is_ok();
     |                 ------------------------ ^^^^^^^^^^^ expected `&str`, found `&Symbol`
     |                 |
     |                 arguments to this method are incorrect
     |
     = note: expected reference `&str`
                found reference `&string_intern::Symbol`
note: method defined here
    --> src/simulator/engine/uvm.rs:1667:8
     |
1667 |     fn find_method_in_hierarchy(
     |        ^^^^^^^^^^^^^^^^^^^^^^^^
1668 |         &self,
1669 |         class_name: &str,
     |         ----------------

error[E0308]: mismatched types
   --> src/simulator/engine/uvm.rs:370:44
    |
370 |         if self.is_uvm_component_hierarchy(&class_name) {
    |                 -------------------------- ^^^^^^^^^^^ expected `&str`, found `&Symbol`
    |                 |
    |                 arguments to this method are incorrect
    |
    = note: expected reference `&str`
               found reference `&string_intern::Symbol`
note: method defined here
   --> src/simulator/engine/uvm.rs:141:8
    |
141 |     fn is_uvm_component_hierarchy(&self, class_name: &str) -> bool {
    |        ^^^^^^^^^^^^^^^^^^^^^^^^^^        ----------------

error[E0308]: mismatched types
    --> src/simulator/engine/uvm.rs:371:62
     |
 371 | ...rride = self.find_method_in_hierarchy(&class_name, method).is_ok();
     |                 ------------------------ ^^^^^^^^^^^ expected `&str`, found `&Symbol`
     |                 |
     |                 arguments to this method are incorrect
     |
     = note: expected reference `&str`
                found reference `&string_intern::Symbol`
note: method defined here
    --> src/simulator/engine/uvm.rs:1667:8
     |
1667 |     fn find_method_in_hierarchy(
     |        ^^^^^^^^^^^^^^^^^^^^^^^^
1668 |         &self,
1669 |         class_name: &str,
     |         ----------------

error[E0308]: mismatched types
   --> src/simulator/engine/uvm.rs:377:48
    |
377 |         if self.is_uvm_report_object_hierarchy(&class_name) {
    |                 ------------------------------ ^^^^^^^^^^^ expected `&str`, found `&Symbol`
    |                 |
    |                 arguments to this method are incorrect
    |
    = note: expected reference `&str`
               found reference `&string_intern::Symbol`
note: method defined here
   --> src/simulator/engine/uvm.rs:157:8
    |
157 |     fn is_uvm_report_object_hierarchy(&self, class_name: &str) -> bool {
    |        ^^^^^^^^^^^^^^^^^^^^^^^^^^^^^^        ----------------

error[E0308]: mismatched types
    --> src/simulator/engine/uvm.rs:378:62
     |
 378 | ...rride = self.find_method_in_hierarchy(&class_name, method).is_ok();
     |                 ------------------------ ^^^^^^^^^^^ expected `&str`, found `&Symbol`
     |                 |
     |                 arguments to this method are incorrect
     |
     = note: expected reference `&str`
                found reference `&string_intern::Symbol`
note: method defined here
    --> src/simulator/engine/uvm.rs:1667:8
     |
1667 |     fn find_method_in_hierarchy(
     |        ^^^^^^^^^^^^^^^^^^^^^^^^
1668 |         &self,
1669 |         class_name: &str,
     |         ----------------

error[E0308]: mismatched types
   --> src/simulator/engine/uvm.rs:384:41
    |
384 |         if self.is_uvm_object_hierarchy(&class_name) {
    |                 ----------------------- ^^^^^^^^^^^ expected `&str`, found `&Symbol`
    |                 |
    |                 arguments to this method are incorrect
    |
    = note: expected reference `&str`
               found reference `&string_intern::Symbol`
note: method defined here
   --> src/simulator/engine/uvm.rs:125:8
    |
125 |     fn is_uvm_object_hierarchy(&self, class_name: &str) -> bool {
    |        ^^^^^^^^^^^^^^^^^^^^^^^        ----------------

error[E0308]: mismatched types
    --> src/simulator/engine/uvm.rs:385:62
     |
 385 | ...rride = self.find_method_in_hierarchy(&class_name, method).is_ok();
     |                 ------------------------ ^^^^^^^^^^^ expected `&str`, found `&Symbol`
     |                 |
     |                 arguments to this method are incorrect
     |
     = note: expected reference `&str`
                found reference `&string_intern::Symbol`
note: method defined here
    --> src/simulator/engine/uvm.rs:1667:8
     |
1667 |     fn find_method_in_hierarchy(
     |        ^^^^^^^^^^^^^^^^^^^^^^^^
1668 |         &self,
1669 |         class_name: &str,
     |         ----------------

error[E0308]: mismatched types
    --> src/simulator/engine/uvm.rs:393:65
     |
 393 | ...ethod = self.find_method_in_hierarchy(&class_name, method).is_ok();
     |                 ------------------------ ^^^^^^^^^^^ expected `&str`, found `&Symbol`
     |                 |
     |                 arguments to this method are incorrect
     |
     = note: expected reference `&str`
                found reference `&string_intern::Symbol`
note: method defined here
    --> src/simulator/engine/uvm.rs:1667:8
     |
1667 |     fn find_method_in_hierarchy(
     |        ^^^^^^^^^^^^^^^^^^^^^^^^
1668 |         &self,
1669 |         class_name: &str,
     |         ----------------

error[E0308]: mismatched types
   --> src/simulator/engine/uvm.rs:395:55
    |
395 |                 return self.execute_randomize(obj_id, &class_name);
    |                             -----------------         ^^^^^^^^^^^ expected `&str`, found `&Symbol`
    |                             |
    |                             arguments to this method are incorrect
    |
    = note: expected reference `&str`
               found reference `&string_intern::Symbol`
note: method defined here
   --> src/simulator/engine/uvm.rs:409:8
    |
409 |     fn execute_randomize(&mut self, obj_id: ObjId, class_name: &str) ->...
    |        ^^^^^^^^^^^^^^^^^                           ----------------

error[E0308]: mismatched types
    --> src/simulator/engine/uvm.rs:399:56
     |
 399 | ...d_def = self.find_method_in_hierarchy(&class_name, method)?.clone();
     |                 ------------------------ ^^^^^^^^^^^ expected `&str`, found `&Symbol`
     |                 |
     |                 arguments to this method are incorrect
     |
     = note: expected reference `&str`
                found reference `&string_intern::Symbol`
note: method defined here
    --> src/simulator/engine/uvm.rs:1667:8
     |
1667 |     fn find_method_in_hierarchy(
     |        ^^^^^^^^^^^^^^^^^^^^^^^^
1668 |         &self,
1669 |         class_name: &str,
     |         ----------------

error[E0308]: mismatched types
    --> src/simulator/engine/uvm.rs:433:40
     |
 433 | ...                   .entry(first.clone())
     |                        ----- ^^^^^^^^^^^^^ expected `String`, found `Symbol`
     |                        |
     |                        arguments to this method are incorrect
     |
help: the return type of this call is `string_intern::Symbol` due to the type of the argument passed
    --> src/simulator/engine/uvm.rs:432:29
     |
 432 | / ...                   before_map
 433 | | ...                       .entry(first.clone())
     | |__________________________________-------------^
     |                                    |
     |                                    this argument influences the return type of `entry`
note: method defined here
    --> /home/whale-d/.rustup/toolchains/nightly-x86_64-unknown-linux-gnu/lib/rustlib/src/rust/library/std/src/collections/hash/map.rs:1008:12
     |
1008 |     pub fn entry(&mut self, key: K) -> Entry<'_, K, V, A> {
     |            ^^^^^
help: try using a conversion method
     |
 433 -                                 .entry(first.clone())
 433 +                                 .entry(first.to_string())
     |

error[E0308]: mismatched types
    --> src/simulator/engine/uvm.rs:435:41
     |
 435 | ...                   .insert(later.clone());
     |                        ------ ^^^^^^^^^^^^^ expected `String`, found `Symbol`
     |                        |
     |                        arguments to this method are incorrect
     |
note: method defined here
    --> /home/whale-d/.rustup/toolchains/nightly-x86_64-unknown-linux-gnu/lib/rustlib/src/rust/library/std/src/collections/hash/set.rs:1034:12
     |
1034 |     pub fn insert(&mut self, value: T) -> bool {
     |            ^^^^^^
help: try using a conversion method
     |
 435 -                                 .insert(later.clone());
 435 +                                 .insert(later.to_string());
     |

error[E0277]: a value of type `HashSet<String>` cannot be built from an iterator over elements of type `string_intern::Symbol`
    --> src/simulator/engine/uvm.rs:445:51
     |
 445 |             class_def.rand_fields.iter().cloned().collect();
     |                                                   ^^^^^^^ value of type `HashSet<String>` cannot be built from `std::iter::Iterator<Item=string_intern::Symbol>`
     |
help: the trait `FromIterator<string_intern::Symbol>` is not implemented for `HashSet<String>`
      but trait `FromIterator<String>` is implemented for it
    --> /home/whale-d/.rustup/toolchains/nightly-x86_64-unknown-linux-gnu/lib/rustlib/src/rust/library/std/src/collections/hash/set.rs:1182:1
     |
1182 | / impl<T, S> FromIterator<T> for HashSet<T, S>
1183 | | where
1184 | |     T: Eq + Hash,
1185 | |     S: BuildHasher + Default,
     | |_____________________________^
     = help: for that trait implementation, expected `String`, found `string_intern::Symbol`
note: the method call chain might not have had the expected associated types
    --> src/simulator/engine/uvm.rs:445:42
     |
 445 |             class_def.rand_fields.iter().cloned().collect();
     |             --------------------- ------ ^^^^^^^^ `Iterator::Item` changed to `Symbol` here
     |             |                     |
     |             |                     `Iterator::Item` is `&Symbol` here
     |             this expression has type `Vec<Symbol>`
note: required by a bound in `std::iter::Iterator::collect`
    --> /home/whale-d/.rustup/toolchains/nightly-x86_64-unknown-linux-gnu/lib/rustlib/src/rust/library/core/src/iter/traits/iterator.rs:2079:19
     |
2079 |     fn collect<B: FromIterator<Self::Item>>(self) -> B
     |                   ^^^^^^^^^^^^^^^^^^^^^^^^ required by this bound in `Iterator::collect`

error[E0277]: the trait bound `String: Borrow<string_intern::Symbol>` is not satisfied
    --> src/simulator/engine/uvm.rs:447:40
     |
 447 | ...     if before_map.contains_key(fname) && remaining.contains(fname) {
     |                       ------------ ^^^^^ the trait `Borrow<string_intern::Symbol>` is not implemented for `String`
     |                       |
     |                       required by a bound introduced by this call
     |
help: the trait `Borrow<string_intern::Symbol>` is not implemented for `String`
      but trait `Borrow<str>` is implemented for it
    --> /home/whale-d/.rustup/toolchains/nightly-x86_64-unknown-linux-gnu/lib/rustlib/src/rust/library/alloc/src/str.rs:212:1
     |
 212 | impl Borrow<str> for String {
     | ^^^^^^^^^^^^^^^^^^^^^^^^^^^
     = help: for that trait implementation, expected `str`, found `string_intern::Symbol`
note: required by a bound in `HashMap::<K, V, S, A>::contains_key`
    --> /home/whale-d/.rustup/toolchains/nightly-x86_64-unknown-linux-gnu/lib/rustlib/src/rust/library/std/src/collections/hash/map.rs:1266:12
     |
1264 |     pub fn contains_key<Q: ?Sized>(&self, k: &Q) -> bool
     |            ------------ required by a bound in this associated function
1265 |     where
1266 |         K: Borrow<Q>,
     |            ^^^^^^^^^ required by this bound in `HashMap::<K, V, S, A>::contains_key`

error[E0277]: the trait bound `String: Borrow<string_intern::Symbol>` is not satisfied
   --> src/simulator/engine/uvm.rs:447:69
    |
447 | ...(fname) && remaining.contains(fname) {
    |                         -------- ^^^^^ the trait `Borrow<string_intern::Symbol>` is not implemented for `String`
    |                         |
    |                         required by a bound introduced by this call
    |
help: the trait `Borrow<string_intern::Symbol>` is not implemented for `String`
      but trait `Borrow<str>` is implemented for it
   --> /home/whale-d/.rustup/toolchains/nightly-x86_64-unknown-linux-gnu/lib/rustlib/src/rust/library/alloc/src/str.rs:212:1
    |
212 | impl Borrow<str> for String {
    | ^^^^^^^^^^^^^^^^^^^^^^^^^^^
    = help: for that trait implementation, expected `str`, found `string_intern::Symbol`
note: required by a bound in `HashSet::<T, S, A>::contains`
   --> /home/whale-d/.rustup/toolchains/nightly-x86_64-unknown-linux-gnu/lib/rustlib/src/rust/library/std/src/collections/hash/set.rs:808:12
    |
806 |     pub fn contains<Q: ?Sized>(&self, value: &Q) -> bool
    |            -------- required by a bound in this associated function
807 |     where
808 |         T: Borrow<Q>,
    |            ^^^^^^^^^ required by this bound in `HashSet::<T, S, A>::contains`

error[E0308]: mismatched types
    --> src/simulator/engine/uvm.rs:448:37
     |
 448 |                 ordered_fields.push(fname.clone());
     |                                ---- ^^^^^^^^^^^^^ expected `String`, found `Symbol`
     |                                |
     |                                arguments to this method are incorrect
     |
note: method defined here
    --> /home/whale-d/.rustup/toolchains/nightly-x86_64-unknown-linux-gnu/lib/rustlib/src/rust/library/alloc/src/vec/mod.rs:1003:12
     |
1003 |     pub fn push(&mut self, value: T) {
     |            ^^^^
help: try using a conversion method
     |
 448 -                 ordered_fields.push(fname.clone());
 448 +                 ordered_fields.push(fname.to_string());
     |

error[E0277]: the trait bound `String: Borrow<string_intern::Symbol>` is not satisfied
    --> src/simulator/engine/uvm.rs:449:34
     |
 449 |                 remaining.remove(fname);
     |                           ------ ^^^^^ the trait `Borrow<string_intern::Symbol>` is not implemented for `String`
     |                           |
     |                           required by a bound introduced by this call
     |
help: the trait `Borrow<string_intern::Symbol>` is not implemented for `String`
      but trait `Borrow<str>` is implemented for it
    --> /home/whale-d/.rustup/toolchains/nightly-x86_64-unknown-linux-gnu/lib/rustlib/src/rust/library/alloc/src/str.rs:212:1
     |
 212 | impl Borrow<str> for String {
     | ^^^^^^^^^^^^^^^^^^^^^^^^^^^
     = help: for that trait implementation, expected `str`, found `string_intern::Symbol`
note: required by a bound in `HashSet::<T, S, A>::remove`
    --> /home/whale-d/.rustup/toolchains/nightly-x86_64-unknown-linux-gnu/lib/rustlib/src/rust/library/std/src/collections/hash/set.rs:1083:12
     |
1081 |     pub fn remove<Q: ?Sized>(&mut self, value: &Q) -> bool
     |            ------ required by a bound in this associated function
1082 |     where
1083 |         T: Borrow<Q>,
     |            ^^^^^^^^^ required by this bound in `HashSet::<T, S, A>::remove`

error[E0277]: the trait bound `String: Borrow<string_intern::Symbol>` is not satisfied
   --> src/simulator/engine/uvm.rs:453:35
    |
453 |             if remaining.contains(fname) {
    |                          -------- ^^^^^ the trait `Borrow<string_intern::Symbol>` is not implemented for `String`
    |                          |
    |                          required by a bound introduced by this call
    |
help: the trait `Borrow<string_intern::Symbol>` is not implemented for `String`
      but trait `Borrow<str>` is implemented for it
   --> /home/whale-d/.rustup/toolchains/nightly-x86_64-unknown-linux-gnu/lib/rustlib/src/rust/library/alloc/src/str.rs:212:1
    |
212 | impl Borrow<str> for String {
    | ^^^^^^^^^^^^^^^^^^^^^^^^^^^
    = help: for that trait implementation, expected `str`, found `string_intern::Symbol`
note: required by a bound in `HashSet::<T, S, A>::contains`
   --> /home/whale-d/.rustup/toolchains/nightly-x86_64-unknown-linux-gnu/lib/rustlib/src/rust/library/std/src/collections/hash/set.rs:808:12
    |
806 |     pub fn contains<Q: ?Sized>(&self, value: &Q) -> bool
    |            -------- required by a bound in this associated function
807 |     where
808 |         T: Borrow<Q>,
    |            ^^^^^^^^^ required by this bound in `HashSet::<T, S, A>::contains`

error[E0308]: mismatched types
    --> src/simulator/engine/uvm.rs:454:37
     |
 454 |                 ordered_fields.push(fname.clone());
     |                                ---- ^^^^^^^^^^^^^ expected `String`, found `Symbol`
     |                                |
     |                                arguments to this method are incorrect
     |
note: method defined here
    --> /home/whale-d/.rustup/toolchains/nightly-x86_64-unknown-linux-gnu/lib/rustlib/src/rust/library/alloc/src/vec/mod.rs:1003:12
     |
1003 |     pub fn push(&mut self, value: T) {
     |            ^^^^
help: try using a conversion method
     |
 454 -                 ordered_fields.push(fname.clone());
 454 +                 ordered_fields.push(fname.to_string());
     |

error[E0308]: mismatched types
    --> src/simulator/engine/uvm.rs:470:39
     |
 470 |                     obj.fields.insert(fname.clone(), rv);
     |                                ------ ^^^^^^^^^^^^^ expected `Symbol`, found `String`
     |                                |
     |                                arguments to this method are incorrect
     |
note: method defined here
    --> /home/whale-d/.rustup/toolchains/nightly-x86_64-unknown-linux-gnu/lib/rustlib/src/rust/library/std/src/collections/hash/map.rs:1328:12
     |
1328 |     pub fn insert(&mut self, k: K, v: V) -> Option<V> {
     |            ^^^^^^

error[E0624]: method `evaluate_ast_expr` is private
    --> src/simulator/engine/uvm.rs:480:47
     |
 480 | ...                   let result = self.evaluate_ast_expr(expr)?;
     |                                         ^^^^^^^^^^^^^^^^^ private method
     |
    ::: src/simulator/engine/eval.rs:2257:5
     |
2257 |     fn evaluate_ast_expr(&mut self, expr: &Expr) -> Result<LogicVec, SimError> {
     |     -------------------------------------------------------------------------- private method defined here

error[E0308]: mismatched types
    --> src/simulator/engine/uvm.rs:540:40
     |
 540 | ...                   .entry(first.clone())
     |                        ----- ^^^^^^^^^^^^^ expected `String`, found `Symbol`
     |                        |
     |                        arguments to this method are incorrect
     |
help: the return type of this call is `string_intern::Symbol` due to the type of the argument passed
    --> src/simulator/engine/uvm.rs:539:29
     |
 539 | / ...                   before_map
 540 | | ...                       .entry(first.clone())
     | |__________________________________-------------^
     |                                    |
     |                                    this argument influences the return type of `entry`
note: method defined here
    --> /home/whale-d/.rustup/toolchains/nightly-x86_64-unknown-linux-gnu/lib/rustlib/src/rust/library/std/src/collections/hash/map.rs:1008:12
     |
1008 |     pub fn entry(&mut self, key: K) -> Entry<'_, K, V, A> {
     |            ^^^^^
help: try using a conversion method
     |
 540 -                                 .entry(first.clone())
 540 +                                 .entry(first.to_string())
     |

error[E0308]: mismatched types
    --> src/simulator/engine/uvm.rs:542:41
     |
 542 | ...                   .insert(later.clone());
     |                        ------ ^^^^^^^^^^^^^ expected `String`, found `Symbol`
     |                        |
     |                        arguments to this method are incorrect
     |
note: method defined here
    --> /home/whale-d/.rustup/toolchains/nightly-x86_64-unknown-linux-gnu/lib/rustlib/src/rust/library/std/src/collections/hash/set.rs:1034:12
     |
1034 |     pub fn insert(&mut self, value: T) -> bool {
     |            ^^^^^^
help: try using a conversion method
     |
 542 -                                 .insert(later.clone());
 542 +                                 .insert(later.to_string());
     |

error[E0277]: a value of type `HashSet<String>` cannot be built from an iterator over elements of type `string_intern::Symbol`
    --> src/simulator/engine/uvm.rs:551:51
     |
 551 |             class_def.rand_fields.iter().cloned().collect();
     |                                                   ^^^^^^^ value of type `HashSet<String>` cannot be built from `std::iter::Iterator<Item=string_intern::Symbol>`
     |
help: the trait `FromIterator<string_intern::Symbol>` is not implemented for `HashSet<String>`
      but trait `FromIterator<String>` is implemented for it
    --> /home/whale-d/.rustup/toolchains/nightly-x86_64-unknown-linux-gnu/lib/rustlib/src/rust/library/std/src/collections/hash/set.rs:1182:1
     |
1182 | / impl<T, S> FromIterator<T> for HashSet<T, S>
1183 | | where
1184 | |     T: Eq + Hash,
1185 | |     S: BuildHasher + Default,
     | |_____________________________^
     = help: for that trait implementation, expected `String`, found `string_intern::Symbol`
note: the method call chain might not have had the expected associated types
    --> src/simulator/engine/uvm.rs:551:42
     |
 551 |             class_def.rand_fields.iter().cloned().collect();
     |             --------------------- ------ ^^^^^^^^ `Iterator::Item` changed to `Symbol` here
     |             |                     |
     |             |                     `Iterator::Item` is `&Symbol` here
     |             this expression has type `Vec<Symbol>`
note: required by a bound in `std::iter::Iterator::collect`
    --> /home/whale-d/.rustup/toolchains/nightly-x86_64-unknown-linux-gnu/lib/rustlib/src/rust/library/core/src/iter/traits/iterator.rs:2079:19
     |
2079 |     fn collect<B: FromIterator<Self::Item>>(self) -> B
     |                   ^^^^^^^^^^^^^^^^^^^^^^^^ required by this bound in `Iterator::collect`

error[E0277]: the trait bound `String: Borrow<string_intern::Symbol>` is not satisfied
    --> src/simulator/engine/uvm.rs:553:40
     |
 553 | ...     if before_map.contains_key(fname) && remaining.contains(fname) {
     |                       ------------ ^^^^^ the trait `Borrow<string_intern::Symbol>` is not implemented for `String`
     |                       |
     |                       required by a bound introduced by this call
     |
help: the trait `Borrow<string_intern::Symbol>` is not implemented for `String`
      but trait `Borrow<str>` is implemented for it
    --> /home/whale-d/.rustup/toolchains/nightly-x86_64-unknown-linux-gnu/lib/rustlib/src/rust/library/alloc/src/str.rs:212:1
     |
 212 | impl Borrow<str> for String {
     | ^^^^^^^^^^^^^^^^^^^^^^^^^^^
     = help: for that trait implementation, expected `str`, found `string_intern::Symbol`
note: required by a bound in `HashMap::<K, V, S, A>::contains_key`
    --> /home/whale-d/.rustup/toolchains/nightly-x86_64-unknown-linux-gnu/lib/rustlib/src/rust/library/std/src/collections/hash/map.rs:1266:12
     |
1264 |     pub fn contains_key<Q: ?Sized>(&self, k: &Q) -> bool
     |            ------------ required by a bound in this associated function
1265 |     where
1266 |         K: Borrow<Q>,
     |            ^^^^^^^^^ required by this bound in `HashMap::<K, V, S, A>::contains_key`

error[E0277]: the trait bound `String: Borrow<string_intern::Symbol>` is not satisfied
   --> src/simulator/engine/uvm.rs:553:69
    |
553 | ...(fname) && remaining.contains(fname) {
    |                         -------- ^^^^^ the trait `Borrow<string_intern::Symbol>` is not implemented for `String`
    |                         |
    |                         required by a bound introduced by this call
    |
help: the trait `Borrow<string_intern::Symbol>` is not implemented for `String`
      but trait `Borrow<str>` is implemented for it
   --> /home/whale-d/.rustup/toolchains/nightly-x86_64-unknown-linux-gnu/lib/rustlib/src/rust/library/alloc/src/str.rs:212:1
    |
212 | impl Borrow<str> for String {
    | ^^^^^^^^^^^^^^^^^^^^^^^^^^^
    = help: for that trait implementation, expected `str`, found `string_intern::Symbol`
note: required by a bound in `HashSet::<T, S, A>::contains`
   --> /home/whale-d/.rustup/toolchains/nightly-x86_64-unknown-linux-gnu/lib/rustlib/src/rust/library/std/src/collections/hash/set.rs:808:12
    |
806 |     pub fn contains<Q: ?Sized>(&self, value: &Q) -> bool
    |            -------- required by a bound in this associated function
807 |     where
808 |         T: Borrow<Q>,
    |            ^^^^^^^^^ required by this bound in `HashSet::<T, S, A>::contains`

error[E0308]: mismatched types
    --> src/simulator/engine/uvm.rs:554:37
     |
 554 |                 ordered_fields.push(fname.clone());
     |                                ---- ^^^^^^^^^^^^^ expected `String`, found `Symbol`
     |                                |
     |                                arguments to this method are incorrect
     |
note: method defined here
    --> /home/whale-d/.rustup/toolchains/nightly-x86_64-unknown-linux-gnu/lib/rustlib/src/rust/library/alloc/src/vec/mod.rs:1003:12
     |
1003 |     pub fn push(&mut self, value: T) {
     |            ^^^^
help: try using a conversion method
     |
 554 -                 ordered_fields.push(fname.clone());
 554 +                 ordered_fields.push(fname.to_string());
     |

error[E0277]: the trait bound `String: Borrow<string_intern::Symbol>` is not satisfied
    --> src/simulator/engine/uvm.rs:555:34
     |
 555 |                 remaining.remove(fname);
     |                           ------ ^^^^^ the trait `Borrow<string_intern::Symbol>` is not implemented for `String`
     |                           |
     |                           required by a bound introduced by this call
     |
help: the trait `Borrow<string_intern::Symbol>` is not implemented for `String`
      but trait `Borrow<str>` is implemented for it
    --> /home/whale-d/.rustup/toolchains/nightly-x86_64-unknown-linux-gnu/lib/rustlib/src/rust/library/alloc/src/str.rs:212:1
     |
 212 | impl Borrow<str> for String {
     | ^^^^^^^^^^^^^^^^^^^^^^^^^^^
     = help: for that trait implementation, expected `str`, found `string_intern::Symbol`
note: required by a bound in `HashSet::<T, S, A>::remove`
    --> /home/whale-d/.rustup/toolchains/nightly-x86_64-unknown-linux-gnu/lib/rustlib/src/rust/library/std/src/collections/hash/set.rs:1083:12
     |
1081 |     pub fn remove<Q: ?Sized>(&mut self, value: &Q) -> bool
     |            ------ required by a bound in this associated function
1082 |     where
1083 |         T: Borrow<Q>,
     |            ^^^^^^^^^ required by this bound in `HashSet::<T, S, A>::remove`

error[E0277]: the trait bound `String: Borrow<string_intern::Symbol>` is not satisfied
   --> src/simulator/engine/uvm.rs:559:35
    |
559 |             if remaining.contains(fname) {
    |                          -------- ^^^^^ the trait `Borrow<string_intern::Symbol>` is not implemented for `String`
    |                          |
    |                          required by a bound introduced by this call
    |
help: the trait `Borrow<string_intern::Symbol>` is not implemented for `String`
      but trait `Borrow<str>` is implemented for it
   --> /home/whale-d/.rustup/toolchains/nightly-x86_64-unknown-linux-gnu/lib/rustlib/src/rust/library/alloc/src/str.rs:212:1
    |
212 | impl Borrow<str> for String {
    | ^^^^^^^^^^^^^^^^^^^^^^^^^^^
    = help: for that trait implementation, expected `str`, found `string_intern::Symbol`
note: required by a bound in `HashSet::<T, S, A>::contains`
   --> /home/whale-d/.rustup/toolchains/nightly-x86_64-unknown-linux-gnu/lib/rustlib/src/rust/library/std/src/collections/hash/set.rs:808:12
    |
806 |     pub fn contains<Q: ?Sized>(&self, value: &Q) -> bool
    |            -------- required by a bound in this associated function
807 |     where
808 |         T: Borrow<Q>,
    |            ^^^^^^^^^ required by this bound in `HashSet::<T, S, A>::contains`

error[E0308]: mismatched types
    --> src/simulator/engine/uvm.rs:560:37
     |
 560 |                 ordered_fields.push(fname.clone());
     |                                ---- ^^^^^^^^^^^^^ expected `String`, found `Symbol`
     |                                |
     |                                arguments to this method are incorrect
     |
note: method defined here
    --> /home/whale-d/.rustup/toolchains/nightly-x86_64-unknown-linux-gnu/lib/rustlib/src/rust/library/alloc/src/vec/mod.rs:1003:12
     |
1003 |     pub fn push(&mut self, value: T) {
     |            ^^^^
help: try using a conversion method
     |
 560 -                 ordered_fields.push(fname.clone());
 560 +                 ordered_fields.push(fname.to_string());
     |

error[E0308]: mismatched types
    --> src/simulator/engine/uvm.rs:575:39
     |
 575 |                     obj.fields.insert(fname.clone(), rv);
     |                                ------ ^^^^^^^^^^^^^ expected `Symbol`, found `String`
     |                                |
     |                                arguments to this method are incorrect
     |
note: method defined here
    --> /home/whale-d/.rustup/toolchains/nightly-x86_64-unknown-linux-gnu/lib/rustlib/src/rust/library/std/src/collections/hash/map.rs:1328:12
     |
1328 |     pub fn insert(&mut self, k: K, v: V) -> Option<V> {
     |            ^^^^^^

error[E0624]: method `evaluate_ast_expr` is private
    --> src/simulator/engine/uvm.rs:585:47
     |
 585 | ...                   let result = self.evaluate_ast_expr(expr)?;
     |                                         ^^^^^^^^^^^^^^^^^ private method
     |
    ::: src/simulator/engine/eval.rs:2257:5
     |
2257 |     fn evaluate_ast_expr(&mut self, expr: &Expr) -> Result<LogicVec, SimError> {
     |     -------------------------------------------------------------------------- private method defined here

error[E0308]: mismatched types
    --> src/simulator/engine/uvm.rs:632:28
     |
 632 |                     .entry(obj_id)
     |                      ----- ^^^^^^ expected `String`, found `usize`
     |                      |
     |                      arguments to this method are incorrect
     |
help: the return type of this call is `usize` due to the type of the argument passed
    --> src/simulator/engine/uvm.rs:631:17
     |
 631 | /                 self.mailbox_queues
 632 | |                     .entry(obj_id)
     | |____________________________------^
     |                              |
     |                              this argument influences the return type of `entry`
note: method defined here
    --> /home/whale-d/.rustup/toolchains/nightly-x86_64-unknown-linux-gnu/lib/rustlib/src/rust/library/std/src/collections/hash/map.rs:1008:12
     |
1008 |     pub fn entry(&mut self, key: K) -> Entry<'_, K, V, A> {
     |            ^^^^^
help: try using a conversion method
     |
 632 |                     .entry(obj_id.to_string())
     |                                  ++++++++++++

error[E0599]: no method named `push` found for mutable reference `&mut VecDeque<ir::ir::LogicVec>` in the current scope
   --> src/simulator/engine/uvm.rs:634:22
    |
631 | /                 self.mailbox_queues
632 | |                     .entry(obj_id)
633 | |                     .or_default()
634 | |                     .push(args[0].clone());
    | |_____________________-^^^^
    |
help: there is a method `push_back` with a similar name
    |
634 |                     .push_back(args[0].clone());
    |                          +++++

error[E0277]: the trait bound `String: Borrow<usize>` is not satisfied
    --> src/simulator/engine/uvm.rs:640:30
     |
 640 |                     .get_mut(&obj_id)
     |                      ------- ^^^^^^^ the trait `Borrow<usize>` is not implemented for `String`
     |                      |
     |                      required by a bound introduced by this call
     |
help: the trait `Borrow<usize>` is not implemented for `String`
      but trait `Borrow<str>` is implemented for it
    --> /home/whale-d/.rustup/toolchains/nightly-x86_64-unknown-linux-gnu/lib/rustlib/src/rust/library/alloc/src/str.rs:212:1
     |
 212 | impl Borrow<str> for String {
     | ^^^^^^^^^^^^^^^^^^^^^^^^^^^
     = help: for that trait implementation, expected `str`, found `usize`
note: required by a bound in `HashMap::<K, V, S, A>::get_mut`
    --> /home/whale-d/.rustup/toolchains/nightly-x86_64-unknown-linux-gnu/lib/rustlib/src/rust/library/std/src/collections/hash/map.rs:1294:12
     |
1292 |     pub fn get_mut<Q: ?Sized>(&mut self, k: &Q) -> Option<&mut V>
     |            ------- required by a bound in this associated function
1293 |     where
1294 |         K: Borrow<Q>,
     |            ^^^^^^^^^ required by this bound in `HashMap::<K, V, S, A>::get_mut`

error[E0308]: mismatched types
   --> src/simulator/engine/uvm.rs:645:20
    |
645 |                 Ok(q.remove(0))
    |                 -- ^^^^^^^^^^^ expected `LogicVec`, found `Option<LogicVec>`
    |                 |
    |                 arguments to this enum variant are incorrect
    |
    = note: expected struct `ir::ir::LogicVec`
                 found enum `Option<ir::ir::LogicVec>`
help: the type constructed contains `Option<ir::ir::LogicVec>` due to the type of the argument passed
   --> src/simulator/engine/uvm.rs:645:17
    |
645 |                 Ok(q.remove(0))
    |                 ^^^-----------^
    |                    |
    |                    this argument influences the type of `Ok`
note: tuple variant defined here
   --> /home/whale-d/.rustup/toolchains/nightly-x86_64-unknown-linux-gnu/lib/rustlib/src/rust/library/core/src/result.rs:561:5
    |
561 |     Ok(#[stable(feature = "rust1", since = "1.0.0")] T),
    |     ^^
help: consider using `Option::expect` to unwrap the `Option<ir::ir::LogicVec>` value, panicking if the value is an `Option::None`
    |
645 |                 Ok(q.remove(0).expect("REASON"))
    |                               +++++++++++++++++

error[E0277]: the trait bound `String: Borrow<usize>` is not satisfied
    --> src/simulator/engine/uvm.rs:650:30
     |
 650 |                     .get_mut(&obj_id)
     |                      ------- ^^^^^^^ the trait `Borrow<usize>` is not implemented for `String`
     |                      |
     |                      required by a bound introduced by this call
     |
help: the trait `Borrow<usize>` is not implemented for `String`
      but trait `Borrow<str>` is implemented for it
    --> /home/whale-d/.rustup/toolchains/nightly-x86_64-unknown-linux-gnu/lib/rustlib/src/rust/library/alloc/src/str.rs:212:1
     |
 212 | impl Borrow<str> for String {
     | ^^^^^^^^^^^^^^^^^^^^^^^^^^^
     = help: for that trait implementation, expected `str`, found `usize`
note: required by a bound in `HashMap::<K, V, S, A>::get_mut`
    --> /home/whale-d/.rustup/toolchains/nightly-x86_64-unknown-linux-gnu/lib/rustlib/src/rust/library/std/src/collections/hash/map.rs:1294:12
     |
1292 |     pub fn get_mut<Q: ?Sized>(&mut self, k: &Q) -> Option<&mut V>
     |            ------- required by a bound in this associated function
1293 |     where
1294 |         K: Borrow<Q>,
     |            ^^^^^^^^^ required by this bound in `HashMap::<K, V, S, A>::get_mut`

error[E0308]: mismatched types
    --> src/simulator/engine/uvm.rs:663:28
     |
 663 |                     .entry(obj_id)
     |                      ----- ^^^^^^ expected `String`, found `usize`
     |                      |
     |                      arguments to this method are incorrect
     |
help: the return type of this call is `usize` due to the type of the argument passed
    --> src/simulator/engine/uvm.rs:662:17
     |
 662 | /                 self.mailbox_queues
 663 | |                     .entry(obj_id)
     | |____________________________------^
     |                              |
     |                              this argument influences the return type of `entry`
note: method defined here
    --> /home/whale-d/.rustup/toolchains/nightly-x86_64-unknown-linux-gnu/lib/rustlib/src/rust/library/std/src/collections/hash/map.rs:1008:12
     |
1008 |     pub fn entry(&mut self, key: K) -> Entry<'_, K, V, A> {
     |            ^^^^^
help: try using a conversion method
     |
 663 |                     .entry(obj_id.to_string())
     |                                  ++++++++++++

error[E0599]: no method named `push` found for mutable reference `&mut VecDeque<ir::ir::LogicVec>` in the current scope
   --> src/simulator/engine/uvm.rs:665:22
    |
662 | /                 self.mailbox_queues
663 | |                     .entry(obj_id)
664 | |                     .or_default()
665 | |                     .push(args[0].clone());
    | |_____________________-^^^^
    |
help: there is a method `push_back` with a similar name
    |
665 |                     .push_back(args[0].clone());
    |                          +++++

error[E0277]: the trait bound `String: Borrow<usize>` is not satisfied
    --> src/simulator/engine/uvm.rs:671:26
     |
 671 |                     .get(&obj_id)
     |                      --- ^^^^^^^ the trait `Borrow<usize>` is not implemented for `String`
     |                      |
     |                      required by a bound introduced by this call
     |
help: the trait `Borrow<usize>` is not implemented for `String`
      but trait `Borrow<str>` is implemented for it
    --> /home/whale-d/.rustup/toolchains/nightly-x86_64-unknown-linux-gnu/lib/rustlib/src/rust/library/alloc/src/str.rs:212:1
     |
 212 | impl Borrow<str> for String {
     | ^^^^^^^^^^^^^^^^^^^^^^^^^^^
     = help: for that trait implementation, expected `str`, found `usize`
note: required by a bound in `HashMap::<K, V, S, A>::get`
    --> /home/whale-d/.rustup/toolchains/nightly-x86_64-unknown-linux-gnu/lib/rustlib/src/rust/library/std/src/collections/hash/map.rs:1032:12
     |
1030 |     pub fn get<Q: ?Sized>(&self, k: &Q) -> Option<&V>
     |            --- required by a bound in this associated function
1031 |     where
1032 |         K: Borrow<Q>,
     |            ^^^^^^^^^ required by this bound in `HashMap::<K, V, S, A>::get`

error[E0308]: mismatched types
    --> src/simulator/engine/uvm.rs:695:46
     |
 695 |                 self.semaphore_counts.insert(obj_id, init);
     |                                       ------ ^^^^^^ expected `String`, found `usize`
     |                                       |
     |                                       arguments to this method are incorrect
     |
note: method defined here
    --> /home/whale-d/.rustup/toolchains/nightly-x86_64-unknown-linux-gnu/lib/rustlib/src/rust/library/std/src/collections/hash/map.rs:1328:12
     |
1328 |     pub fn insert(&mut self, k: K, v: V) -> Option<V> {
     |            ^^^^^^
help: try using a conversion method
     |
 695 |                 self.semaphore_counts.insert(obj_id.to_string(), init);
     |                                                    ++++++++++++

error[E0277]: the trait bound `String: Borrow<usize>` is not satisfied
    --> src/simulator/engine/uvm.rs:706:30
     |
 706 |                     .get_mut(&obj_id)
     |                      ------- ^^^^^^^ the trait `Borrow<usize>` is not implemented for `String`
     |                      |
     |                      required by a bound introduced by this call
     |
help: the trait `Borrow<usize>` is not implemented for `String`
      but trait `Borrow<str>` is implemented for it
    --> /home/whale-d/.rustup/toolchains/nightly-x86_64-unknown-linux-gnu/lib/rustlib/src/rust/library/alloc/src/str.rs:212:1
     |
 212 | impl Borrow<str> for String {
     | ^^^^^^^^^^^^^^^^^^^^^^^^^^^
     = help: for that trait implementation, expected `str`, found `usize`
note: required by a bound in `HashMap::<K, V, S, A>::get_mut`
    --> /home/whale-d/.rustup/toolchains/nightly-x86_64-unknown-linux-gnu/lib/rustlib/src/rust/library/std/src/collections/hash/map.rs:1294:12
     |
1292 |     pub fn get_mut<Q: ?Sized>(&mut self, k: &Q) -> Option<&mut V>
     |            ------- required by a bound in this associated function
1293 |     where
1294 |         K: Borrow<Q>,
     |            ^^^^^^^^^ required by this bound in `HashMap::<K, V, S, A>::get_mut`

error[E0277]: the trait bound `String: Borrow<usize>` is not satisfied
    --> src/simulator/engine/uvm.rs:722:30
     |
 722 |                     .get_mut(&obj_id)
     |                      ------- ^^^^^^^ the trait `Borrow<usize>` is not implemented for `String`
     |                      |
     |                      required by a bound introduced by this call
     |
help: the trait `Borrow<usize>` is not implemented for `String`
      but trait `Borrow<str>` is implemented for it
    --> /home/whale-d/.rustup/toolchains/nightly-x86_64-unknown-linux-gnu/lib/rustlib/src/rust/library/alloc/src/str.rs:212:1
     |
 212 | impl Borrow<str> for String {
     | ^^^^^^^^^^^^^^^^^^^^^^^^^^^
     = help: for that trait implementation, expected `str`, found `usize`
note: required by a bound in `HashMap::<K, V, S, A>::get_mut`
    --> /home/whale-d/.rustup/toolchains/nightly-x86_64-unknown-linux-gnu/lib/rustlib/src/rust/library/std/src/collections/hash/map.rs:1294:12
     |
1292 |     pub fn get_mut<Q: ?Sized>(&mut self, k: &Q) -> Option<&mut V>
     |            ------- required by a bound in this associated function
1293 |     where
1294 |         K: Borrow<Q>,
     |            ^^^^^^^^^ required by this bound in `HashMap::<K, V, S, A>::get_mut`

error[E0277]: the trait bound `String: Borrow<usize>` is not satisfied
    --> src/simulator/engine/uvm.rs:735:30
     |
 735 |                     .get_mut(&obj_id)
     |                      ------- ^^^^^^^ the trait `Borrow<usize>` is not implemented for `String`
     |                      |
     |                      required by a bound introduced by this call
     |
help: the trait `Borrow<usize>` is not implemented for `String`
      but trait `Borrow<str>` is implemented for it
    --> /home/whale-d/.rustup/toolchains/nightly-x86_64-unknown-linux-gnu/lib/rustlib/src/rust/library/alloc/src/str.rs:212:1
     |
 212 | impl Borrow<str> for String {
     | ^^^^^^^^^^^^^^^^^^^^^^^^^^^
     = help: for that trait implementation, expected `str`, found `usize`
note: required by a bound in `HashMap::<K, V, S, A>::get_mut`
    --> /home/whale-d/.rustup/toolchains/nightly-x86_64-unknown-linux-gnu/lib/rustlib/src/rust/library/std/src/collections/hash/map.rs:1294:12
     |
1292 |     pub fn get_mut<Q: ?Sized>(&mut self, k: &Q) -> Option<&mut V>
     |            ------- required by a bound in this associated function
1293 |     where
1294 |         K: Borrow<Q>,
     |            ^^^^^^^^^ required by this bound in `HashMap::<K, V, S, A>::get_mut`

error[E0609]: no field `status` on type `&simulator::types::ProcessStatus`
   --> src/simulator/engine/uvm.rs:762:32
    |
762 |                     .map(|p| p.status as u64)
    |                                ^^^^^^ unknown field

error[E0609]: no field `status` on type `&mut simulator::types::ProcessStatus`
   --> src/simulator/engine/uvm.rs:768:24
    |
768 |                     pi.status = ProcessStatus::Killed;
    |                        ^^^^^^ unknown field

error[E0609]: no field `await_continuations` on type `&mut simulator::types::ProcessStatus`
   --> src/simulator/engine/uvm.rs:769:44
    |
769 |                     std::mem::take(&mut pi.await_continuations)
    |                                            ^^^^^^^^^^^^^^^^^^^ unknown field

error[E0624]: method `evaluate_block_with_delay` is private
   --> src/simulator/engine/uvm.rs:774:26
    |
774 |                     self.evaluate_block_with_delay(&cont)?;
    |                          ^^^^^^^^^^^^^^^^^^^^^^^^^ private method
    |
   ::: src/simulator/engine/scheduler.rs:112:5
    |
112 |     fn evaluate_block_with_delay(&mut self, stmts: &[IrStmt]) -> Result<bool, SimError> {
    |     ----------------------------------------------------------------------------------- private method defined here

error[E0609]: no field `status` on type `&simulator::types::ProcessStatus`
   --> src/simulator/engine/uvm.rs:782:32
    |
782 |                     .map(|p| p.status)
    |                                ^^^^^^ unknown field

error[E0609]: no field `status` on type `&mut simulator::types::ProcessStatus`
   --> src/simulator/engine/uvm.rs:794:24
    |
794 |                     pi.status = ProcessStatus::Suspended;
    |                        ^^^^^^ unknown field

error[E0609]: no field `status` on type `&mut simulator::types::ProcessStatus`
   --> src/simulator/engine/uvm.rs:800:24
    |
800 |                     pi.status = ProcessStatus::Running;
    |                        ^^^^^^ unknown field

error[E0308]: mismatched types
   --> src/simulator/engine/uvm.rs:851:39
    |
851 |                 Ok(string_to_logicvec(&class_name))
    |                    ------------------ ^^^^^^^^^^^ expected `&str`, found `&Symbol`
    |                    |
    |                    arguments to this function are incorrect
    |
    = note: expected reference `&str`
               found reference `&string_intern::Symbol`
note: function defined here
   --> src/simulator/util.rs:532:8
    |
532 | pub fn string_to_logicvec(s: &str) -> LogicVec {
    |        ^^^^^^^^^^^^^^^^^^ -------

error[E0308]: mismatched types
    --> src/simulator/engine/uvm.rs:1104:39
     |
1104 |                 Ok(string_to_logicvec(&class_name))
     |                    ------------------ ^^^^^^^^^^^ expected `&str`, found `&Symbol`
     |                    |
     |                    arguments to this function are incorrect
     |
     = note: expected reference `&str`
                found reference `&string_intern::Symbol`
note: function defined here
    --> src/simulator/util.rs:532:8
     |
 532 | pub fn string_to_logicvec(s: &str) -> LogicVec {
     |        ^^^^^^^^^^^^^^^^^^ -------

error[E0308]: mismatched types
    --> src/simulator/engine/uvm.rs:1134:25
     |
1133 |                     obj.fields.insert(
     |                                ------ arguments to this method are incorrect
1134 |                         "__sequencer".to_string(),
     |                         ^^^^^^^^^^^^^^^^^^^^^^^^^ expected `Symbol`, found `String`
     |
note: method defined here
    --> /home/whale-d/.rustup/toolchains/nightly-x86_64-unknown-linux-gnu/lib/rustlib/src/rust/library/std/src/collections/hash/map.rs:1328:12
     |
1328 |     pub fn insert(&mut self, k: K, v: V) -> Option<V> {
     |            ^^^^^^

error[E0308]: mismatched types
    --> src/simulator/engine/uvm.rs:1141:25
     |
1140 |                       .find_method_in_hierarchy(
     |                        ------------------------ arguments to this method are incorrect
1141 | /                         &{
1142 | |                             self.state
1143 | |                                 .get_object(obj_id)
1144 | |                                 .map(|o| o.class_name.clone())
1145 | |                                 .unwrap_or_default()
1146 | |                         },
     | |_________________________^ expected `&str`, found `&Symbol`
     |
     = note: expected reference `&str`
                found reference `&string_intern::Symbol`
note: method defined here
    --> src/simulator/engine/uvm.rs:1667:8
     |
1667 |     fn find_method_in_hierarchy(
     |        ^^^^^^^^^^^^^^^^^^^^^^^^
1668 |         &self,
1669 |         class_name: &str,
     |         ----------------

error[E0308]: mismatched types
    --> src/simulator/engine/uvm.rs:1198:53
     |
1198 |                 let child = self.state.alloc_object(&class_name);
     |                                        ------------ ^^^^^^^^^^^ expected `Symbol`, found `&Symbol`
     |                                        |
     |                                        arguments to this method are incorrect
     |
note: method defined here
    --> src/simulator/state.rs:41:12
     |
  41 | ... fn alloc_object(&mut self, class_name: crate::intern::Symbol) -> O...
     |        ^^^^^^^^^^^^            ---------------------------------
help: consider removing the borrow
     |
1198 -                 let child = self.state.alloc_object(&class_name);
1198 +                 let child = self.state.alloc_object(class_name);
     |

error[E0308]: `if` and `else` have incompatible types
    --> src/simulator/engine/uvm.rs:1472:21
     |
1466 |                    let parent_name = if parent != 0 {
     |  ____________________________________-
1467 | |/                     self.state
1468 | ||                         .get_object(parent)
1469 | ||                         .map(|o| o.class_name.clone())
1470 | ||                         .unwrap_or_default()
     | ||____________________________________________- expected because of this
1471 | |                  } else {
1472 | |                      String::new()
     | |                      ^^^^^^^^^^^^^ expected `Symbol`, found `String`
1473 | |                  };
     | |__________________- `if` and `else` have incompatible types

error[E0308]: mismatched types
    --> src/simulator/engine/uvm.rs:1512:69
     |
1512 | ...river" || self.is_uvm_driver_hierarchy(&parent) {
     |                   ----------------------- ^^^^^^^ expected `&str`, found `&Symbol`
     |                   |
     |                   arguments to this method are incorrect
     |
     = note: expected reference `&str`
                found reference `&string_intern::Symbol`
note: method defined here
    --> src/simulator/engine/uvm.rs:269:8
     |
 269 |     fn is_uvm_driver_hierarchy(&self, class_name: &str) -> bool {
     |        ^^^^^^^^^^^^^^^^^^^^^^^        ----------------

error[E0308]: mismatched types
    --> src/simulator/engine/uvm.rs:1515:71
     |
1515 | ...tor" || self.is_uvm_monitor_hierarchy(&parent) {
     |                 ------------------------ ^^^^^^^ expected `&str`, found `&Symbol`
     |                 |
     |                 arguments to this method are incorrect
     |
     = note: expected reference `&str`
                found reference `&string_intern::Symbol`
note: method defined here
    --> src/simulator/engine/uvm.rs:221:8
     |
 221 |     fn is_uvm_monitor_hierarchy(&self, class_name: &str) -> bool {
     |        ^^^^^^^^^^^^^^^^^^^^^^^^        ----------------

error[E0308]: mismatched types
    --> src/simulator/engine/uvm.rs:1518:75
     |
1518 | ...cer" || self.is_uvm_sequencer_hierarchy(&parent) {
     |                 -------------------------- ^^^^^^^ expected `&str`, found `&Symbol`
     |                 |
     |                 arguments to this method are incorrect
     |
     = note: expected reference `&str`
                found reference `&string_intern::Symbol`
note: method defined here
    --> src/simulator/engine/uvm.rs:205:8
     |
 205 |     fn is_uvm_sequencer_hierarchy(&self, class_name: &str) -> bool {
     |        ^^^^^^^^^^^^^^^^^^^^^^^^^^        ----------------

error[E0308]: mismatched types
    --> src/simulator/engine/uvm.rs:1521:73
     |
1521 | ...nce" || self.is_uvm_sequence_hierarchy(&parent) {
     |                 ------------------------- ^^^^^^^ expected `&str`, found `&Symbol`
     |                 |
     |                 arguments to this method are incorrect
     |
     = note: expected reference `&str`
                found reference `&string_intern::Symbol`
note: method defined here
    --> src/simulator/engine/uvm.rs:189:8
     |
 189 |     fn is_uvm_sequence_hierarchy(&self, class_name: &str) -> bool {
     |        ^^^^^^^^^^^^^^^^^^^^^^^^^        ----------------

error[E0308]: mismatched types
    --> src/simulator/engine/uvm.rs:1524:83
     |
1524 | ...m" || self.is_uvm_sequence_item_hierarchy(&parent) {
     |               ------------------------------ ^^^^^^^ expected `&str`, found `&Symbol`
     |               |
     |               arguments to this method are incorrect
     |
     = note: expected reference `&str`
                found reference `&string_intern::Symbol`
note: method defined here
    --> src/simulator/engine/uvm.rs:173:8
     |
 173 |     fn is_uvm_sequence_item_hierarchy(&self, class_name: &str) -> bool {
     |        ^^^^^^^^^^^^^^^^^^^^^^^^^^^^^^        ----------------

error[E0308]: mismatched types
    --> src/simulator/engine/uvm.rs:1527:83
     |
1527 | ...t" || self.is_uvm_analysis_port_hierarchy(&parent) {
     |               ------------------------------ ^^^^^^^ expected `&str`, found `&Symbol`
     |               |
     |               arguments to this method are incorrect
     |
     = note: expected reference `&str`
                found reference `&string_intern::Symbol`
note: method defined here
    --> src/simulator/engine/uvm.rs:237:8
     |
 237 |     fn is_uvm_analysis_port_hierarchy(&self, class_name: &str) -> bool {
     |        ^^^^^^^^^^^^^^^^^^^^^^^^^^^^^^        ----------------

error[E0308]: mismatched types
    --> src/simulator/engine/uvm.rs:1530:81
     |
1530 | ...p" || self.is_uvm_analysis_imp_hierarchy(&parent) {
     |               ----------------------------- ^^^^^^^ expected `&str`, found `&Symbol`
     |               |
     |               arguments to this method are incorrect
     |
     = note: expected reference `&str`
                found reference `&string_intern::Symbol`
note: method defined here
    --> src/simulator/engine/uvm.rs:253:8
     |
 253 |     fn is_uvm_analysis_imp_hierarchy(&self, class_name: &str) -> bool {
     |        ^^^^^^^^^^^^^^^^^^^^^^^^^^^^^        ----------------

error[E0308]: mismatched types
    --> src/simulator/engine/uvm.rs:1534:75
     |
1534 | ...ent" || self.is_uvm_component_hierarchy(&parent) {
     |                 -------------------------- ^^^^^^^ expected `&str`, found `&Symbol`
     |                 |
     |                 arguments to this method are incorrect
     |
     = note: expected reference `&str`
                found reference `&string_intern::Symbol`
note: method defined here
    --> src/simulator/engine/uvm.rs:141:8
     |
 141 |     fn is_uvm_component_hierarchy(&self, class_name: &str) -> bool {
     |        ^^^^^^^^^^^^^^^^^^^^^^^^^^        ----------------

error[E0308]: mismatched types
    --> src/simulator/engine/uvm.rs:1538:83
     |
1538 | ...t" || self.is_uvm_report_object_hierarchy(&parent) {
     |               ------------------------------ ^^^^^^^ expected `&str`, found `&Symbol`
     |               |
     |               arguments to this method are incorrect
     |
     = note: expected reference `&str`
                found reference `&string_intern::Symbol`
note: method defined here
    --> src/simulator/engine/uvm.rs:157:8
     |
 157 |     fn is_uvm_report_object_hierarchy(&self, class_name: &str) -> bool {
     |        ^^^^^^^^^^^^^^^^^^^^^^^^^^^^^^        ----------------

error[E0308]: mismatched types
    --> src/simulator/engine/uvm.rs:1542:69
     |
1542 | ...bject" || self.is_uvm_object_hierarchy(&parent) {
     |                   ----------------------- ^^^^^^^ expected `&str`, found `&Symbol`
     |                   |
     |                   arguments to this method are incorrect
     |
     = note: expected reference `&str`
                found reference `&string_intern::Symbol`
note: method defined here
    --> src/simulator/engine/uvm.rs:125:8
     |
 125 |     fn is_uvm_object_hierarchy(&self, class_name: &str) -> bool {
     |        ^^^^^^^^^^^^^^^^^^^^^^^        ----------------

error[E0308]: mismatched types
    --> src/simulator/engine/uvm.rs:1546:56
     |
1546 | ...d_def = self.find_method_in_hierarchy(&parent, method)?.clone();
     |                 ------------------------ ^^^^^^^ expected `&str`, found `&Symbol`
     |                 |
     |                 arguments to this method are incorrect
     |
     = note: expected reference `&str`
                found reference `&string_intern::Symbol`
note: method defined here
    --> src/simulator/engine/uvm.rs:1667:8
     |
1667 |     fn find_method_in_hierarchy(
     |        ^^^^^^^^^^^^^^^^^^^^^^^^
1668 |         &self,
1669 |         class_name: &str,
     |         ----------------

error[E0308]: mismatched types
    --> src/simulator/engine/uvm.rs:1570:34
     |
1570 |             local_signals.insert(port.name.clone(), val);
     |                           ------ ^^^^^^^^^^^^^^^^^ expected `String`, found `Symbol`
     |                           |
     |                           arguments to this method are incorrect
     |
note: method defined here
    --> /home/whale-d/.rustup/toolchains/nightly-x86_64-unknown-linux-gnu/lib/rustlib/src/rust/library/std/src/collections/hash/map.rs:1328:12
     |
1328 |     pub fn insert(&mut self, k: K, v: V) -> Option<V> {
     |            ^^^^^^
help: try using a conversion method
     |
1570 -             local_signals.insert(port.name.clone(), val);
1570 +             local_signals.insert(port.name.to_string(), val);
     |

error[E0308]: mismatched types
    --> src/simulator/engine/uvm.rs:1576:38
     |
1576 |                 local_signals.insert(dv.name.clone(), LogicVec::new(w));
     |                               ------ ^^^^^^^^^^^^^^^ expected `String`, found `Symbol`
     |                               |
     |                               arguments to this method are incorrect
     |
note: method defined here
    --> /home/whale-d/.rustup/toolchains/nightly-x86_64-unknown-linux-gnu/lib/rustlib/src/rust/library/std/src/collections/hash/map.rs:1328:12
     |
1328 |     pub fn insert(&mut self, k: K, v: V) -> Option<V> {
     |            ^^^^^^
help: try using a conversion method
     |
1576 -                 local_signals.insert(dv.name.clone(), LogicVec::new(w));
1576 +                 local_signals.insert(dv.name.to_string(), LogicVec::new(w));
     |

error[E0308]: mismatched types
    --> src/simulator/engine/uvm.rs:1581:33
     |
1581 |         self.method_locals.push(local_signals);
     |                            ---- ^^^^^^^^^^^^^ expected `HashMap<Symbol, LogicVec>`, found `HashMap<String, LogicVec>`
     |                            |
     |                            arguments to this method are incorrect
     |
     = note: expected struct `HashMap<string_intern::Symbol, _>`
                found struct `HashMap<String, _>`
note: method defined here
    --> /home/whale-d/.rustup/toolchains/nightly-x86_64-unknown-linux-gnu/lib/rustlib/src/rust/library/alloc/src/vec/mod.rs:1003:12
     |
1003 |     pub fn push(&mut self, value: T) {
     |            ^^^^

error[E0308]: mismatched types
    --> src/simulator/engine/uvm.rs:1679:31
     |
1672 |         let mut current = class_name;
     |                           ---------- expected due to this value
...
1679 |                     current = parent;
     |                               ^^^^^^ expected `&str`, found `&Symbol`
     |
     = note: expected reference `&str`
                found reference `&string_intern::Symbol`

error[E0308]: mismatched types
    --> src/simulator/engine/uvm.rs:1703:37
     |
1702 |             scope.insert("item".to_string(), elem.clone());
     |             -----        ------------------ this argument has type `String`...
     |             |
     |             ... which causes `scope` to have type `HashMap<String, ir::ir::LogicVec>`
1703 |             self.method_locals.push(scope);
     |                                ---- ^^^^^ expected `HashMap<Symbol, LogicVec>`, found `HashMap<String, LogicVec>`
     |                                |
     |                                arguments to this method are incorrect
     |
     = note: expected struct `HashMap<string_intern::Symbol, _>`
                found struct `HashMap<String, _>`
note: method defined here
    --> /home/whale-d/.rustup/toolchains/nightly-x86_64-unknown-linux-gnu/lib/rustlib/src/rust/library/alloc/src/vec/mod.rs:1003:12
     |
1003 |     pub fn push(&mut self, value: T) {
     |            ^^^^

error[E0308]: mismatched types
    --> src/simulator/engine/sequence.rs:115:45
     |
 115 |         let sig_id = match self.find_signal(sig_name) {
     |                                 ----------- ^^^^^^^^ expected `&str`, found `&Symbol`
     |                                 |
     |                                 arguments to this method are incorrect
     |
     = note: expected reference `&str`
                found reference `&string_intern::Symbol`
note: method defined here
    --> src/simulator/engine/eval.rs:2850:19
     |
2850 |     pub(crate) fn find_signal(&self, name: &str) -> Option<usize> {
     |                   ^^^^^^^^^^^        ----------

warning: unused import: `rand::Rng`
  --> src/simulator/engine/uvm.rs:13:5
   |
13 | use rand::Rng;
   |     ^^^^^^^^^

warning: variable does not need to be mutable
   --> src/frontend/compile_session.rs:233:13
    |
233 | ...   let mut designs: Vec<Design> = file_designs.into_iter().map(|(_, ...
    |           ----^^^^^^^
    |           |
    |           help: remove this `mut`
    |
    = note: `#[warn(unused_mut)]` (part of `#[warn(unused)]`) on by default

warning: unused variable: `chunk`
   --> src/frontend/lexer.rs:164:17
    |
164 |             let chunk = u64::from_le_bytes(
    |                 ^^^^^ help: if this is intentional, prefix it with an underscore: `_chunk`
    |
    = note: `#[warn(unused_variables)]` (part of `#[warn(unused)]`) on by default

Some errors have detailed explanations: E0271, E0277, E0308, E0433, E0599, E0608, E0609, E0624.
For more information about an error, try `rustc --explain E0271`.
warning: `maria` (lib) generated 30 warnings
error: could not compile `maria` (lib) due to 278 previous errors; 30 warnings emitted
